Component: ARM Compiler 5.06 update 7 (build 960) Tool: armlink [4d3601]

==============================================================================

Section Cross References

    main.o(i.main) refers to led.o(i.Init_Green_Led) for Init_Green_Led
    main.o(i.main) refers to switch.o(i.Init_SW1) for Init_SW1
    main.o(i.main) refers to led.o(i.Init_Red_Led) for Init_Red_Led
    main.o(i.main) refers to switch.o(i.Init_SW2) for Init_SW2
    switch.o(i.Init_SW1) refers to switch.o(i.__NVIC_ClearPendingIRQ) for __NVIC_ClearPendingIRQ
    switch.o(i.Init_SW1) refers to switch.o(i.__NVIC_EnableIRQ) for __NVIC_EnableIRQ
    switch.o(i.Init_SW2) refers to switch.o(i.__NVIC_ClearPendingIRQ) for __NVIC_ClearPendingIRQ
    switch.o(i.Init_SW2) refers to switch.o(i.__NVIC_EnableIRQ) for __NVIC_EnableIRQ
    lcd.o(i.Init_LCD) refers to lcd.o(i.Pin_En) for Pin_En
    lcd.o(i.Init_LCD) refers to lcd.o(i.SLCD_DisplayNumber1) for SLCD_DisplayNumber1
    lcd.o(i.SLCD_DisplayNumber1) refers to lcd.o(.constdata) for digit_to_segment
    board.o(i.BOARD_InitDebugConsole) refers to fsl_clock.o(i.CLOCK_GetPllFllSelClkFreq) for CLOCK_GetPllFllSelClkFreq
    board.o(i.BOARD_InitDebugConsole) refers to fsl_debug_console.o(i.DbgConsole_Init) for DbgConsole_Init
    clock_config.o(i.BOARD_BootClockRUN) refers to fsl_clock.o(i.CLOCK_InitOsc0) for CLOCK_InitOsc0
    clock_config.o(i.BOARD_BootClockRUN) refers to clock_config.o(i.CLOCK_CONFIG_SetFllExtRefDiv) for CLOCK_CONFIG_SetFllExtRefDiv
    clock_config.o(i.BOARD_BootClockRUN) refers to fsl_clock.o(i.CLOCK_BootToPeeMode) for CLOCK_BootToPeeMode
    clock_config.o(i.BOARD_BootClockRUN) refers to fsl_clock.o(i.CLOCK_SetInternalRefClkConfig) for CLOCK_SetInternalRefClkConfig
    clock_config.o(i.BOARD_BootClockRUN) refers to fsl_clock.o(i.CLOCK_SetSimConfig) for CLOCK_SetSimConfig
    clock_config.o(i.BOARD_BootClockRUN) refers to clock_config.o(.constdata) for oscConfig_BOARD_BootClockRUN
    clock_config.o(i.BOARD_BootClockRUN) refers to fsl_clock.o(.data) for g_xtal0Freq
    clock_config.o(i.BOARD_BootClockRUN) refers to system_mkl46z4.o(.data) for SystemCoreClock
    clock_config.o(i.BOARD_BootClockVLPR) refers to fsl_clock.o(i.CLOCK_BootToBlpiMode) for CLOCK_BootToBlpiMode
    clock_config.o(i.BOARD_BootClockVLPR) refers to fsl_clock.o(i.CLOCK_SetSimConfig) for CLOCK_SetSimConfig
    clock_config.o(i.BOARD_BootClockVLPR) refers to fsl_smc.o(i.SMC_SetPowerModeVlpr) for SMC_SetPowerModeVlpr
    clock_config.o(i.BOARD_BootClockVLPR) refers to clock_config.o(.constdata) for mcgConfig_BOARD_BootClockVLPR
    clock_config.o(i.BOARD_BootClockVLPR) refers to system_mkl46z4.o(.data) for SystemCoreClock
    clock_config.o(i.BOARD_InitBootClocks) refers to clock_config.o(i.BOARD_BootClockRUN) for BOARD_BootClockRUN
    pin_mux.o(i.BOARD_InitBootPins) refers to pin_mux.o(i.BOARD_InitPins) for BOARD_InitPins
    pin_mux.o(i.BOARD_InitPins) refers to pin_mux.o(i.PORT_SetPinMux) for PORT_SetPinMux
    fsl_clock.o(i.CLOCK_BootToBlpeMode) refers to fsl_clock.o(i.CLOCK_SetExternalRefClkConfig) for CLOCK_SetExternalRefClkConfig
    fsl_clock.o(i.CLOCK_BootToBlpiMode) refers to fsl_clock.o(i.CLOCK_SetInternalRefClkConfig) for CLOCK_SetInternalRefClkConfig
    fsl_clock.o(i.CLOCK_BootToFeeMode) refers to fsl_clock.o(i.CLOCK_SetExternalRefClkConfig) for CLOCK_SetExternalRefClkConfig
    fsl_clock.o(i.CLOCK_BootToFeeMode) refers to fsl_clock.o(i.CLOCK_SetFeeMode) for CLOCK_SetFeeMode
    fsl_clock.o(i.CLOCK_BootToFeiMode) refers to fsl_clock.o(i.CLOCK_SetFeiMode) for CLOCK_SetFeiMode
    fsl_clock.o(i.CLOCK_BootToPeeMode) refers to assert.o(.text) for __aeabi_assert
    fsl_clock.o(i.CLOCK_BootToPeeMode) refers to fsl_clock.o(i.CLOCK_SetExternalRefClkConfig) for CLOCK_SetExternalRefClkConfig
    fsl_clock.o(i.CLOCK_BootToPeeMode) refers to fsl_clock.o(i.CLOCK_SetPbeMode) for CLOCK_SetPbeMode
    fsl_clock.o(i.CLOCK_CalcPllDiv) refers to aeabi_sdiv.o(.text) for __aeabi_uidivmod
    fsl_clock.o(i.CLOCK_EnablePll0) refers to assert.o(.text) for __aeabi_assert
    fsl_clock.o(i.CLOCK_GetBusClkFreq) refers to fsl_clock.o(i.CLOCK_GetOutClkFreq) for CLOCK_GetOutClkFreq
    fsl_clock.o(i.CLOCK_GetBusClkFreq) refers to aeabi_sdiv.o(.text) for __aeabi_uidivmod
    fsl_clock.o(i.CLOCK_GetCoreSysClkFreq) refers to fsl_clock.o(i.CLOCK_GetOutClkFreq) for CLOCK_GetOutClkFreq
    fsl_clock.o(i.CLOCK_GetCoreSysClkFreq) refers to aeabi_sdiv.o(.text) for __aeabi_uidivmod
    fsl_clock.o(i.CLOCK_GetEr32kClkFreq) refers to fsl_clock.o(i.CLOCK_GetOsc0ErClkFreq) for CLOCK_GetOsc0ErClkFreq
    fsl_clock.o(i.CLOCK_GetEr32kClkFreq) refers to assert.o(.text) for __aeabi_assert
    fsl_clock.o(i.CLOCK_GetEr32kClkFreq) refers to fsl_clock.o(.data) for g_xtal32Freq
    fsl_clock.o(i.CLOCK_GetFixedFreqClkFreq) refers to fsl_clock.o(i.CLOCK_GetFllRefClkFreq) for CLOCK_GetFllRefClkFreq
    fsl_clock.o(i.CLOCK_GetFixedFreqClkFreq) refers to fsl_clock.o(i.CLOCK_GetOutClkFreq) for CLOCK_GetOutClkFreq
[...]
    heap2.o(i._realloc$realtime) refers to h1_alloc.o(.text) for malloc
    heap2.o(i._realloc$realtime) refers to fdtree.o(i._FDTree_Delete) for _FDTree_Delete
    heap2.o(i._realloc$realtime) refers to fdtree.o(i._FDTree_Insert) for _FDTree_Insert
    heap2.o(i._realloc$realtime) refers to rt_memcpy.o(.emb_text) for __aeabi_memcpy4
    heap2mt.o(i._FDIterate) refers to heap2mt.o(.conststring) for .conststring
    heap2mt.o(i.___Heap_ProvideMemory$realtime$concurrent) refers to fdtree.o(i._FDTree_Delete) for _FDTree_Delete
    heap2mt.o(i.___Heap_ProvideMemory$realtime$concurrent) refers to fdtree.o(i._FDTree_Insert) for _FDTree_Insert
    heap2mt.o(i.___Heap_Stats$realtime$concurrent) refers to heap2mt.o(i._Heap2_StatsIterate) for _Heap2_StatsIterate
    heap2mt.o(i.___Heap_Stats$realtime$concurrent) refers to aeabi_sdiv.o(.text) for __aeabi_uidivmod
    heap2mt.o(i.___Heap_Valid$realtime$concurrent) refers to heap2mt.o(i._FDIterate) for _FDIterate
    heap2mt.o(i.___Heap_Valid$realtime$concurrent) refers to heap2mt.o(.conststring) for .conststring
    heap2mt.o(i._free$realtime$concurrent) refers to rt_heap_descriptor_intlibspace.o(.text) for __rt_heap_descriptor
    heap2mt.o(i._free$realtime$concurrent) refers to fdtree.o(i._FDTree_Delete) for _FDTree_Delete
    heap2mt.o(i._free$realtime$concurrent) refers to fdtree.o(i._FDTree_Insert) for _FDTree_Insert
    heap2mt.o(i._malloc$realtime$concurrent) refers to rt_heap_descriptor_intlibspace.o(.text) for __rt_heap_descriptor
    heap2mt.o(i._malloc$realtime$concurrent) refers to fdtree.o(i._FDTree_FindFirst) for _FDTree_FindFirst
    heap2mt.o(i._malloc$realtime$concurrent) refers to init_alloc.o(.text) for __Heap_Full
    heap2mt.o(i._malloc$realtime$concurrent) refers to fdtree.o(i._FDTree_RemoveNode) for _FDTree_RemoveNode
    heap2mt.o(i._malloc$realtime$concurrent) refers to fdtree.o(i._FDTree_Insert) for _FDTree_Insert
    heap2mt.o(i._posix_memalign$realtime$concurrent) refers to rt_heap_descriptor_intlibspace.o(.text) for __rt_heap_descriptor
    heap2mt.o(i._posix_memalign$realtime$concurrent) refers to fdtree.o(i._FDTree_FindFirst) for _FDTree_FindFirst
    heap2mt.o(i._posix_memalign$realtime$concurrent) refers to init_alloc.o(.text) for __Heap_Full
    heap2mt.o(i._posix_memalign$realtime$concurrent) refers to fdtree.o(i._FDTree_RemoveNode) for _FDTree_RemoveNode
    heap2mt.o(i._posix_memalign$realtime$concurrent) refers to fdtree.o(i._FDTree_Insert) for _FDTree_Insert
    heap2mt.o(i._realloc$realtime$concurrent) refers to rt_heap_descriptor_intlibspace.o(.text) for __rt_heap_descriptor
    heap2mt.o(i._realloc$realtime$concurrent) refers to h1_free.o(.text) for free
    heap2mt.o(i._realloc$realtime$concurrent) refers to h1_alloc.o(.text) for malloc
    heap2mt.o(i._realloc$realtime$concurrent) refers to fdtree.o(i._FDTree_Delete) for _FDTree_Delete
    heap2mt.o(i._realloc$realtime$concurrent) refers to fdtree.o(i._FDTree_Insert) for _FDTree_Insert
    heap2mt.o(i._realloc$realtime$concurrent) refers to rt_memcpy.o(.emb_text) for __aeabi_memcpy4
    assert.o(.text) refers to assert_puts.o(.text) for __assert_puts
    assert.o(.text) refers to aeabi_sdiv.o(.text) for __aeabi_idivmod
    assert.o(.text) refers to abort.o(.text) for abort
    rt_memcpy.o(.text) refers to rt_memcpy.o(.emb_text) for __aeabi_memcpy4
    __main.o(!!!main) refers to __rtentry.o(.ARM.Collect$$rtentry$$00000000) for __rt_entry
    __rtentry.o(.ARM.Collect$$rtentry$$00000000) refers (Special) to __rtentry2.o(.ARM.Collect$$rtentry$$0000000A) for __rt_entry_li
    __rtentry.o(.ARM.Collect$$rtentry$$00000000) refers (Special) to __rtentry2.o(.ARM.Collect$$rtentry$$0000000D) for __rt_entry_main
    __rtentry.o(.ARM.Collect$$rtentry$$00000000) refers (Special) to __rtentry2.o(.ARM.Collect$$rtentry$$0000000C) for __rt_entry_postli_1
    __rtentry.o(.ARM.Collect$$rtentry$$00000000) refers (Special) to __rtentry2.o(.ARM.Collect$$rtentry$$00000009) for __rt_entry_postsh_1
    __rtentry.o(.ARM.Collect$$rtentry$$00000000) refers (Special) to __rtentry2.o(.ARM.Collect$$rtentry$$00000002) for __rt_entry_presh_1
    __rtentry.o(.ARM.Collect$$rtentry$$00000000) refers (Special) to __rtentry7.o(.ARM.Collect$$rtentry$$00000007) for __rt_entry_sh
    aeabi_idiv0_sigfpe.o(.text) refers to rt_div0.o(.text) for __rt_div0
    rt_heap_descriptor.o(.text) refers to rt_heap_descriptor.o(.bss) for __rt_heap_descriptor_data
    rt_heap_descriptor_intlibspace.o(.text) refers to libspace.o(.bss) for __libspace_start
    init_alloc.o(.text) refers (Special) to hguard.o(.text) for __heap$guard
    init_alloc.o(.text) refers (Special) to libinit5.o(.ARM.Collect$$libinit$$00000008) for __rt_lib_init_heap_2
    init_alloc.o(.text) refers (Special) to maybetermalloc1.o(.emb_text) for _maybe_terminate_alloc
    init_alloc.o(.text) refers to h1_extend.o(.text) for __Heap_ProvideMemory
    init_alloc.o(.text) refers to defsig_rtmem_outer.o(.text) for __rt_SIGRTMEM
    init_alloc.o(.text) refers to rt_heap_descriptor_intlibspace.o(.text) for __rt_heap_descriptor
    init_alloc.o(.text) refers to h1_init.o(.text) for __Heap_Initialize
    abort.o(.text) refers to defsig_abrt_outer.o(.text) for __rt_SIGABRT
    abort.o(.text) refers (Weak) to libshutdown.o(.ARM.Collect$$libshutdown$$00000000) for __rt_lib_shutdown
    abort.o(.text) refers to sys_exit.o(.text) for _sys_exit
    assert_puts.o(.text) refers to sys_wrch.o(.text) for _ttywrch
    _get_argv.o(.text) refers (Special) to hrguard.o(.text) for __heap_region$guard
    _get_argv.o(.text) refers to h1_alloc.o(.text) for malloc
    _get_argv.o(.text) refers to defsig_rtmem_outer.o(.text) for __rt_SIGRTMEM
    _get_argv.o(.text) refers to sys_command.o(.text) for _sys_command_string
    libinit2.o(.ARM.Collect$$libinit$$00000005) refers (Weak) to init_alloc.o(.text) for _init_alloc
    libinit2.o(.ARM.Collect$$libinit$$00000010) refers to libinit2.o(.ARM.Collect$$libinit$$0000000F) for .ARM.Collect$$libinit$$0000000F
    libinit2.o(.ARM.Collect$$libinit$$00000012) refers to libinit2.o(.ARM.Collect$$libinit$$0000000F) for .ARM.Collect$$libinit$$0000000F
    libinit2.o(.ARM.Collect$$libinit$$00000014) refers to libinit2.o(.ARM.Collect$$libinit$$0000000F) for .ARM.Collect$$libinit$$0000000F
    libinit2.o(.ARM.Collect$$libinit$$00000016) refers to libinit2.o(.ARM.Collect$$libinit$$0000000F) for .ARM.Collect$$libinit$$0000000F
    libinit2.o(.ARM.Collect$$libinit$$00000018) refers to libinit2.o(.ARM.Collect$$libinit$$0000000F) for .ARM.Collect$$libinit$$0000000F
    libinit2.o(.ARM.Collect$$libinit$$00000026) refers to argv_veneer.o(.text) for __ARM_argv_veneer
    libinit2.o(.ARM.Collect$$libinit$$00000027) refers to argv_veneer.o(.text) for __ARM_argv_veneer
    sys_wrch.o(.text) refers (Special) to use_no_semi.o(.text) for __I$use$semihosting
    sys_wrch.o(.text) refers (Special) to indicate_semi.o(.text) for __semihosting_library_function
    sys_command.o(.text) refers (Special) to use_no_semi.o(.text) for __I$use$semihosting
    sys_command.o(.text) refers (Special) to indicate_semi.o(.text) for __semihosting_library_function
    sys_exit.o(.text) refers (Special) to use_no_semi.o(.text) for __I$use$semihosting
    sys_exit.o(.text) refers (Special) to indicate_semi.o(.text) for __semihosting_library_function
    libspace.o(.text) refers to libspace.o(.bss) for __libspace_start
    __rtentry2.o(.ARM.Collect$$rtentry$$00000008) refers to boardinit2.o(.text) for _platform_post_stackheap_init
    __rtentry2.o(.ARM.Collect$$rtentry$$0000000A) refers to libinit.o(.ARM.Collect$$libinit$$00000000) for __rt_lib_init
    __rtentry2.o(.ARM.Collect$$rtentry$$0000000B) refers to boardinit3.o(.text) for _platform_post_lib_init
    __rtentry2.o(.ARM.Collect$$rtentry$$0000000D) refers to main.o(i.main) for main
    __rtentry2.o(.ARM.Collect$$rtentry$$0000000D) refers to exit.o(.text) for exit
    __rtentry2.o(.ARM.exidx) refers to __rtentry2.o(.ARM.Collect$$rtentry$$00000001) for .ARM.Collect$$rtentry$$00000001
    __rtentry2.o(.ARM.exidx) refers to __rtentry2.o(.ARM.Collect$$rtentry$$00000008) for .ARM.Collect$$rtentry$$00000008
    __rtentry2.o(.ARM.exidx) refers to __rtentry2.o(.ARM.Collect$$rtentry$$0000000A) for .ARM.Collect$$rtentry$$0000000A
    __rtentry2.o(.ARM.exidx) refers to __rtentry2.o(.ARM.Collect$$rtentry$$0000000B) for .ARM.Collect$$rtentry$$0000000B
    __rtentry2.o(.ARM.exidx) refers to __rtentry2.o(.ARM.Collect$$rtentry$$0000000D) for .ARM.Collect$$rtentry$$0000000D
    __rtentry4.o(.ARM.Collect$$rtentry$$00000004) refers to sys_stackheap_outer.o(.text) for __user_setup_stackheap
    __rtentry4.o(.ARM.exidx) refers to __rtentry4.o(.ARM.Collect$$rtentry$$00000004) for .ARM.Collect$$rtentry$$00000004
    __rtentry7.o(.ARM.Collect$$rtentry$$00000007) refers to __rtentry7.o(.ARM.Collect$$rtentry$$00002718) for __lit__00000000
    __rtentry7.o(__vectab_stack_and_reset_2_area) refers to __main.o(!!!main) for __main
    __rtentry7.o(.ARM.exidx) refers to __rtentry7.o(.ARM.Collect$$rtentry$$00000007) for .ARM.Collect$$rtentry$$00000007
    __rtentry7.o(.ARM.exidx) refers to __rtentry7.o(.ARM.Collect$$rtentry$$00002718) for .ARM.Collect$$rtentry$$00002718
    rt_div0.o(.text) refers to defsig_fpe_outer.o(.text) for __rt_SIGFPE
    maybetermalloc2.o(.emb_text) refers (Special) to term_alloc.o(.text) for _terminate_alloc
    h1_extend.o(.text) refers to h1_free.o(.text) for free
    h1_extend_mt.o(.text) refers to h1_free_mt.o(.text) for _free_internal
    defsig_abrt_outer.o(.text) refers to defsig_abrt_inner.o(.text) for __rt_SIGABRT_inner
    defsig_abrt_outer.o(.text) refers to defsig_exit.o(.text) for __sig_exit
    defsig_abrt_formal.o(.text) refers to rt_raise.o(.text) for __rt_raise
    defsig_rtmem_outer.o(.text) refers to defsig_rtmem_inner.o(.text) for __rt_SIGRTMEM_inner
    defsig_rtmem_outer.o(.text) refers to defsig_exit.o(.text) for __sig_exit
    defsig_rtmem_formal.o(.text) refers to rt_raise.o(.text) for __rt_raise
    heapauxa.o(.text) refers to heapauxa.o(.data) for .data
    sys_stackheap_outer.o(.text) refers to libspace.o(.text) for __user_perproc_libspace
    sys_stackheap_outer.o(.text) refers to sys_stackheap.o(.text) for __user_initial_stackheap
    sys_stackheap_outer.o(__vectab_stack_and_reset_area) refers to tempstk.o(.text) for __temporary_stack_top
    sys_stackheap_outer.o(__vectab_stack_and_reset_area) refers to __main.o(!!!main) for __main
    rt_raise.o(.text) refers to __raise.o(.text) for __raise
    rt_raise.o(.text) refers to sys_exit.o(.text) for _sys_exit
    term_alloc.o(.text) refers (Special) to libshutdown2.o(.ARM.Collect$$libshutdown$$00000010) for __rt_lib_shutdown_heap_2
    term_alloc.o(.text) refers to rt_heap_descriptor_intlibspace.o(.text) for __rt_heap_descriptor
    exit.o(.text) refers to rtexit.o(.ARM.Collect$$rtexit$$00000000) for __rt_exit
    defsig_exit.o(.text) refers to sys_exit.o(.text) for _sys_exit
    defsig_abrt_inner.o(.text) refers to defsig_general.o(.text) for __default_signal_display
    defsig_fpe_outer.o(.text) refers to defsig_fpe_inner.o(.text) for __rt_SIGFPE_inner
    defsig_fpe_outer.o(.text) refers to defsig_exit.o(.text) for __sig_exit
    defsig_fpe_formal.o(.text) refers to rt_raise.o(.text) for __rt_raise
    defsig_rtmem_inner.o(.text) refers to defsig_general.o(.text) for __default_signal_display
    _get_argv_nomalloc.o(.text) refers (Special) to hrguard.o(.text) for __heap_region$guard
    _get_argv_nomalloc.o(.text) refers to defsig_rtmem_outer.o(.text) for __rt_SIGRTMEM
    _get_argv_nomalloc.o(.text) refers to sys_command.o(.text) for _sys_command_string
    libinit.o(.ARM.Collect$$libinit$$00000000) refers (Special) to libinit2.o(.ARM.Collect$$libinit$$0000002E) for __rt_lib_init_alloca_1
    libinit.o(.ARM.Collect$$libinit$$00000000) refers (Special) to libinit2.o(.ARM.Collect$$libinit$$0000002C) for __rt_lib_init_argv_1
    libinit.o(.ARM.Collect$$libinit$$00000000) refers (Special) to libinit2.o(.ARM.Collect$$libinit$$0000001B) for __rt_lib_init_atexit_1
    libinit.o(.ARM.Collect$$libinit$$00000000) refers (Special) to libinit2.o(.ARM.Collect$$libinit$$00000021) for __rt_lib_init_clock_1
    libinit.o(.ARM.Collect$$libinit$$00000000) refers (Special) to libinit2.o(.ARM.Collect$$libinit$$00000032) for __rt_lib_init_cpp_1
    libinit.o(.ARM.Collect$$libinit$$00000000) refers (Special) to libinit2.o(.ARM.Collect$$libinit$$00000030) for __rt_lib_init_exceptions_1
    libinit.o(.ARM.Collect$$libinit$$00000000) refers (Special) to libinit2.o(.ARM.Collect$$libinit$$00000002) for __rt_lib_init_fp_1
    libinit.o(.ARM.Collect$$libinit$$00000000) refers (Special) to libinit2.o(.ARM.Collect$$libinit$$0000001F) for __rt_lib_init_fp_trap_1
    libinit.o(.ARM.Collect$$libinit$$00000000) refers (Special) to libinit2.o(.ARM.Collect$$libinit$$00000023) for __rt_lib_init_getenv_1
    libinit.o(.ARM.Collect$$libinit$$00000000) refers (Special) to libinit2.o(.ARM.Collect$$libinit$$0000000A) for __rt_lib_init_heap_1
    libinit.o(.ARM.Collect$$libinit$$00000000) refers (Special) to libinit2.o(.ARM.Collect$$libinit$$00000011) for __rt_lib_init_lc_collate_1
    libinit.o(.ARM.Collect$$libinit$$00000000) refers (Special) to libinit2.o(.ARM.Collect$$libinit$$00000013) for __rt_lib_init_lc_ctype_1
    libinit.o(.ARM.Collect$$libinit$$00000000) refers (Special) to libinit2.o(.ARM.Collect$$libinit$$00000015) for __rt_lib_init_lc_monetary_1
    libinit.o(.ARM.Collect$$libinit$$00000000) refers (Special) to libinit2.o(.ARM.Collect$$libinit$$00000017) for __rt_lib_init_lc_numeric_1
    libinit.o(.ARM.Collect$$libinit$$00000000) refers (Special) to libinit2.o(.ARM.Collect$$libinit$$00000019) for __rt_lib_init_lc_time_1
    libinit.o(.ARM.Collect$$libinit$$00000000) refers (Special) to libinit2.o(.ARM.Collect$$libinit$$00000004) for __rt_lib_init_preinit_1
    libinit.o(.ARM.Collect$$libinit$$00000000) refers (Special) to libinit2.o(.ARM.Collect$$libinit$$0000000E) for __rt_lib_init_rand_1
    libinit.o(.ARM.Collect$$libinit$$00000000) refers (Special) to libinit2.o(.ARM.Collect$$libinit$$00000033) for __rt_lib_init_return
    libinit.o(.ARM.Collect$$libinit$$00000000) refers (Special) to libinit2.o(.ARM.Collect$$libinit$$0000001D) for __rt_lib_init_signal_1
    libinit.o(.ARM.Collect$$libinit$$00000000) refers (Special) to libinit2.o(.ARM.Collect$$libinit$$00000025) for __rt_lib_init_stdio_1
    libinit.o(.ARM.Collect$$libinit$$00000000) refers (Special) to libinit2.o(.ARM.Collect$$libinit$$0000000C) for __rt_lib_init_user_alloc_1
    sys_stackheap.o(.text) refers (Special) to indicate_semi.o(.text) for __semihosting_library_function
    sys_stackheap.o(.text) refers to use_no_semi.o(.text) for __I$use$semihosting
    rtexit.o(.ARM.Collect$$rtexit$$00000000) refers (Special) to rtexit2.o(.ARM.Collect$$rtexit$$00000004) for __rt_exit_exit
    rtexit.o(.ARM.Collect$$rtexit$$00000000) refers (Special) to rtexit2.o(.ARM.Collect$$rtexit$$00000003) for __rt_exit_ls
    rtexit.o(.ARM.Collect$$rtexit$$00000000) refers (Special) to rtexit2.o(.ARM.Collect$$rtexit$$00000002) for __rt_exit_prels_1
    rtexit.o(.ARM.exidx) refers (Special) to rtexit2.o(.ARM.Collect$$rtexit$$00000004) for __rt_exit_exit
    rtexit.o(.ARM.exidx) refers (Special) to rtexit2.o(.ARM.Collect$$rtexit$$00000003) for __rt_exit_ls
    rtexit.o(.ARM.exidx) refers (Special) to rtexit2.o(.ARM.Collect$$rtexit$$00000002) for __rt_exit_prels_1
    rtexit.o(.ARM.exidx) refers to rtexit.o(.ARM.Collect$$rtexit$$00000000) for .ARM.Collect$$rtexit$$00000000
    __raise.o(.text) refers to defsig.o(CL$$defsig) for __default_signal_handler
    defsig_general.o(.text) refers to sys_wrch.o(.text) for _ttywrch
    defsig_fpe_inner.o(.text) refers to defsig_general.o(.text) for __default_signal_display
    libinit5.o(.ARM.Collect$$libinit$$00000008) refers to libinit5.o(.ARM.Collect$$libinit$$00002719) for __lit__00000000
    libinit5.o(.ARM.Collect$$libinit$$00000008) refers (Weak) to init_alloc.o(.text) for _init_alloc
    libinit5.o(.ARM.Collect$$libinit$$0000002A) refers to libinit5.o(.ARM.Collect$$libinit$$0000273B) for __lit__00000002
    libinit5.o(.ARM.Collect$$libinit$$0000002A) refers to argv_veneer.o(.text) for __ARM_argv_veneer
    libshutdown2.o(.ARM.Collect$$libshutdown$$0000000F) refers (Weak) to term_alloc.o(.text) for _terminate_alloc
    rtexit2.o(.ARM.Collect$$rtexit$$00000003) refers to libshutdown.o(.ARM.Collect$$libshutdown$$00000000) for __rt_lib_shutdown
    rtexit2.o(.ARM.Collect$$rtexit$$00000004) refers to sys_exit.o(.text) for _sys_exit
    rtexit2.o(.ARM.exidx) refers to rtexit2.o(.ARM.Collect$$rtexit$$00000001) for .ARM.Collect$$rtexit$$00000001
    rtexit2.o(.ARM.exidx) refers to rtexit2.o(.ARM.Collect$$rtexit$$00000003) for .ARM.Collect$$rtexit$$00000003
    rtexit2.o(.ARM.exidx) refers to rtexit2.o(.ARM.Collect$$rtexit$$00000004) for .ARM.Collect$$rtexit$$00000004
    defsig.o(CL$$defsig) refers to defsig_abrt_inner.o(.text) for __rt_SIGABRT_inner
    defsig.o(CL$$defsig) refers to defsig_fpe_inner.o(.text) for __rt_SIGFPE_inner
    defsig.o(CL$$defsig) refers to defsig_rtmem_inner.o(.text) for __rt_SIGRTMEM_inner
    defsig_rtred_inner.o(.text) refers to defsig_general.o(.text) for __default_signal_display
    defsig_stak_inner.o(.text) refers to defsig_general.o(.text) for __default_signal_display
    defsig_pvfn_inner.o(.text) refers to defsig_general.o(.text) for __default_signal_display
    defsig_cppl_inner.o(.text) refers to defsig_general.o(.text) for __default_signal_display
    defsig_segv_inner.o(.text) refers to defsig_general.o(.text) for __default_signal_display
    defsig_other.o(.text) refers to defsig_general.o(.text) for __default_signal_display
    libshutdown.o(.ARM.Collect$$libshutdown$$00000000) refers (Special) to libshutdown2.o(.ARM.Collect$$libshutdown$$00000004) for __rt_lib_shutdown_cpp_1
    libshutdown.o(.ARM.Collect$$libshutdown$$00000000) refers (Special) to libshutdown2.o(.ARM.Collect$$libshutdown$$00000002) for __rt_lib_shutdown_fini_1
    libshutdown.o(.ARM.Collect$$libshutdown$$00000000) refers (Special) to libshutdown2.o(.ARM.Collect$$libshutdown$$00000009) for __rt_lib_shutdown_fp_trap_1
    libshutdown.o(.ARM.Collect$$libshutdown$$00000000) refers (Special) to libshutdown2.o(.ARM.Collect$$libshutdown$$00000011) for __rt_lib_shutdown_heap_1
    libshutdown.o(.ARM.Collect$$libshutdown$$00000000) refers (Special) to libshutdown2.o(.ARM.Collect$$libshutdown$$00000012) for __rt_lib_shutdown_return
    libshutdown.o(.ARM.Collect$$libshutdown$$00000000) refers (Special) to libshutdown2.o(.ARM.Collect$$libshutdown$$0000000C) for __rt_lib_shutdown_signal_1
    libshutdown.o(.ARM.Collect$$libshutdown$$00000000) refers (Special) to libshutdown2.o(.ARM.Collect$$libshutdown$$00000006) for __rt_lib_shutdown_stdio_1
    libshutdown.o(.ARM.Collect$$libshutdown$$00000000) refers (Special) to libshutdown2.o(.ARM.Collect$$libshutdown$$0000000E) for __rt_lib_shutdown_user_alloc_1


==============================================================================

Removing Unused input sections from the image.

    Removing main.o(.rev16_text), (4 bytes).
    Removing main.o(.revsh_text), (4 bytes).
    Removing led.o(.rev16_text), (4 bytes).
    Removing led.o(.revsh_text), (4 bytes).
    Removing led.o(i.BlinkLedGreen), (48 bytes).
    Removing led.o(i.BlinkLedRed), (52 bytes).
    Removing led.o(i.Toogle_Green_Led), (2 bytes).
    Removing led.o(i.Toogle_Red_Led), (2 bytes).
    Removing switch.o(.rev16_text), (4 bytes).
    Removing switch.o(.revsh_text), (4 bytes).
    Removing systicktimer.o(.rev16_text), (4 bytes).
    Removing systicktimer.o(.revsh_text), (4 bytes).
    Removing lcd.o(.rev16_text), (4 bytes).
    Removing lcd.o(.revsh_text), (4 bytes).
    Removing lcd.o(i.Init_LCD), (104 bytes).
    Removing lcd.o(i.Pin_En), (164 bytes).
    Removing lcd.o(i.SLCD_DisplayNumber), (2 bytes).
    Removing lcd.o(i.SLCD_DisplayNumber1), (28 bytes).
    Removing lcd.o(.constdata), (10 bytes).
    Removing board.o(.rev16_text), (4 bytes).
    Removing board.o(.revsh_text), (4 bytes).
    Removing board.o(i.BOARD_InitDebugConsole), (60 bytes).
    Removing clock_config.o(.rev16_text), (4 bytes).
    Removing clock_config.o(.revsh_text), (4 bytes).
    Removing clock_config.o(i.BOARD_BootClockRUN), (108 bytes).
    Removing clock_config.o(i.BOARD_BootClockVLPR), (92 bytes).
    Removing clock_config.o(i.BOARD_InitBootClocks), (8 bytes).
    Removing clock_config.o(i.CLOCK_CONFIG_SetFllExtRefDiv), (28 bytes).
    Removing clock_config.o(.constdata), (56 bytes).
    Removing peripherals.o(i.BOARD_InitBootPeripherals), (2 bytes).
    Removing pin_mux.o(.rev16_text), (4 bytes).
    Removing pin_mux.o(.revsh_text), (4 bytes).
    Removing pin_mux.o(i.BOARD_InitBootPins), (8 bytes).
    Removing pin_mux.o(i.BOARD_InitPins), (72 bytes).
    Removing pin_mux.o(i.PORT_SetPinMux), (28 bytes).
    Removing fsl_clock.o(.rev16_text), (4 bytes).
    Removing fsl_clock.o(.revsh_text), (4 bytes).
    Removing fsl_clock.o(i.CLOCK_BootToBlpeMode), (84 bytes).
    Removing fsl_clock.o(i.CLOCK_BootToBlpiMode), (68 bytes).
    Removing fsl_clock.o(i.CLOCK_BootToFeeMode), (30 bytes).
    Removing fsl_clock.o(i.CLOCK_BootToFeiMode), (20 bytes).
    Removing fsl_clock.o(i.CLOCK_BootToPeeMode), (148 bytes).
    Removing fsl_clock.o(i.CLOCK_CalcPllDiv), (256 bytes).
    Removing fsl_clock.o(i.CLOCK_ClearStatusFlags), (40 bytes).
    Removing fsl_clock.o(i.CLOCK_DeinitOsc0), (28 bytes).
    Removing fsl_clock.o(i.CLOCK_EnablePll0), (160 bytes).
    Removing fsl_clock.o(i.CLOCK_EnableUsbfs0Clock), (108 bytes).
    Removing fsl_clock.o(i.CLOCK_ExternalModeToFbeModeQuick), (76 bytes).
    Removing fsl_clock.o(i.CLOCK_FllStableDelay), (28 bytes).
    Removing fsl_clock.o(i.CLOCK_GetBusClkFreq), (56 bytes).
    Removing fsl_clock.o(i.CLOCK_GetCoreSysClkFreq), (28 bytes).
    Removing fsl_clock.o(i.CLOCK_GetEr32kClkFreq), (176 bytes).
    Removing fsl_clock.o(i.CLOCK_GetFixedFreqClkFreq), (30 bytes).
    Removing fsl_clock.o(i.CLOCK_GetFlashClkFreq), (56 bytes).
    Removing fsl_clock.o(i.CLOCK_GetFllExtRefClkFreq), (116 bytes).
    Removing fsl_clock.o(i.CLOCK_GetFllFreq), (88 bytes).
    Removing fsl_clock.o(i.CLOCK_GetFllRefClkFreq), (36 bytes).
    Removing fsl_clock.o(i.CLOCK_GetFreq), (176 bytes).
    Removing fsl_clock.o(i.CLOCK_GetInternalRefClkFreq), (28 bytes).
    Removing fsl_clock.o(i.CLOCK_GetInternalRefClkSelectFreq), (48 bytes).
    Removing fsl_clock.o(i.CLOCK_GetMcgExtClkFreq), (104 bytes).
    Removing fsl_clock.o(i.CLOCK_GetMode), (120 bytes).
    Removing fsl_clock.o(i.CLOCK_GetOsc0ErClkFreq), (128 bytes).
    Removing fsl_clock.o(i.CLOCK_GetOscRangeFromFreq), (36 bytes).
    Removing fsl_clock.o(i.CLOCK_GetOutClkFreq), (64 bytes).
    Removing fsl_clock.o(i.CLOCK_GetPlatClkFreq), (28 bytes).
    Removing fsl_clock.o(i.CLOCK_GetPll0Freq), (152 bytes).
    Removing fsl_clock.o(i.CLOCK_GetPll0RefFreq), (8 bytes).
    Removing fsl_clock.o(i.CLOCK_GetPllFllSelClkFreq), (56 bytes).
    Removing fsl_clock.o(i.CLOCK_GetStatusFlags), (64 bytes).
    Removing fsl_clock.o(i.CLOCK_InitOsc0), (120 bytes).
    Removing fsl_clock.o(i.CLOCK_InternalModeToFbiModeQuick), (52 bytes).
    Removing fsl_clock.o(i.CLOCK_SetBlpeMode), (20 bytes).
    Removing fsl_clock.o(i.CLOCK_SetBlpiMode), (20 bytes).
    Removing fsl_clock.o(i.CLOCK_SetExternalRefClkConfig), (6 bytes).
    Removing fsl_clock.o(i.CLOCK_SetFbeMode), (220 bytes).
    Removing fsl_clock.o(i.CLOCK_SetFbiMode), (152 bytes).
    Removing fsl_clock.o(i.CLOCK_SetFeeMode), (188 bytes).
    Removing fsl_clock.o(i.CLOCK_SetFeiMode), (140 bytes).
    Removing fsl_clock.o(i.CLOCK_SetInternalRefClkConfig), (172 bytes).
    Removing fsl_clock.o(i.CLOCK_SetMcgConfig), (292 bytes).
    Removing fsl_clock.o(i.CLOCK_SetOsc0MonitorMode), (80 bytes).
    Removing fsl_clock.o(i.CLOCK_SetPbeMode), (200 bytes).
    Removing fsl_clock.o(i.CLOCK_SetPeeMode), (36 bytes).
    Removing fsl_clock.o(i.CLOCK_SetPll0MonitorMode), (68 bytes).
    Removing fsl_clock.o(i.CLOCK_SetSimConfig), (80 bytes).
    Removing fsl_clock.o(i.CLOCK_TrimInternalRefClk), (248 bytes).
    Removing fsl_clock.o(.constdata), (96 bytes).
    Removing fsl_clock.o(.data), (16 bytes).
    Removing fsl_common.o(.rev16_text), (4 bytes).
    Removing fsl_common.o(.revsh_text), (4 bytes).
    Removing fsl_common.o(i.SDK_Free), (32 bytes).
    Removing fsl_common.o(i.SDK_Malloc), (76 bytes).
    Removing fsl_ftfx_cache.o(.rev16_text), (4 bytes).
    Removing fsl_ftfx_cache.o(.revsh_text), (4 bytes).
    Removing fsl_ftfx_cache.o(i.FTFx_CACHE_ClearCachePrefetchSpeculation), (20 bytes).
    Removing fsl_ftfx_cache.o(i.FTFx_CACHE_Init), (36 bytes).
    Removing fsl_ftfx_cache.o(i.FTFx_CACHE_PflashGetPrefetchSpeculation), (56 bytes).
    Removing fsl_ftfx_cache.o(i.FTFx_CACHE_PflashSetPrefetchSpeculation), (92 bytes).
    Removing fsl_ftfx_cache.o(i.ftfx_copy_common_bit_operation_to_ram), (20 bytes).
    Removing fsl_ftfx_cache.o(i.mcm_flash_cache_clear), (28 bytes).
    Removing fsl_ftfx_cache.o(.bss), (64 bytes).
    Removing fsl_ftfx_cache.o(.constdata), (28 bytes).
    Removing fsl_ftfx_controller.o(.rev16_text), (4 bytes).
    Removing fsl_ftfx_controller.o(.revsh_text), (4 bytes).
    Removing fsl_ftfx_controller.o(i.FTFx_API_Init), (48 bytes).
    Removing fsl_ftfx_controller.o(i.FTFx_CMD_Erase), (144 bytes).
    Removing fsl_ftfx_controller.o(i.FTFx_CMD_EraseAll), (56 bytes).
    Removing fsl_ftfx_controller.o(i.FTFx_CMD_EraseAllExecuteOnlySegments), (56 bytes).
    Removing fsl_ftfx_controller.o(i.FTFx_CMD_Program), (152 bytes).
    Removing fsl_ftfx_controller.o(i.FTFx_CMD_ProgramOnce), (144 bytes).
    Removing fsl_ftfx_controller.o(i.FTFx_CMD_ReadOnce), (152 bytes).
    Removing fsl_ftfx_controller.o(i.FTFx_CMD_ReadResource), (176 bytes).
    Removing fsl_ftfx_controller.o(i.FTFx_CMD_SecurityBypass), (108 bytes).
    Removing fsl_ftfx_controller.o(i.FTFx_CMD_VerifyErase), (180 bytes).
    Removing fsl_ftfx_controller.o(i.FTFx_CMD_VerifyEraseAll), (48 bytes).
    Removing fsl_ftfx_controller.o(i.FTFx_CMD_VerifyEraseAllExecuteOnlySegments), (48 bytes).
    Removing fsl_ftfx_controller.o(i.FTFx_CMD_VerifyProgram), (156 bytes).
    Removing fsl_ftfx_controller.o(i.FTFx_REG_GetSecurityState), (72 bytes).
    Removing fsl_ftfx_controller.o(i.ftfx_check_mem_range), (58 bytes).
    Removing fsl_ftfx_controller.o(i.ftfx_check_resource_range), (90 bytes).
    Removing fsl_ftfx_controller.o(i.ftfx_check_user_key), (20 bytes).
    Removing fsl_ftfx_controller.o(i.ftfx_command_sequence), (68 bytes).
    Removing fsl_ftfx_controller.o(i.ftfx_copy_run_command_to_ram), (20 bytes).
    Removing fsl_ftfx_controller.o(i.ftfx_init_ifr), (70 bytes).
    Removing fsl_ftfx_controller.o(i.ftfx_read_word_from_byte_address), (42 bytes).
    Removing fsl_ftfx_controller.o(i.ftfx_write_word_to_byte_address), (36 bytes).
    Removing fsl_ftfx_controller.o(.bss), (64 bytes).
    Removing fsl_ftfx_controller.o(.constdata), (12 bytes).
    Removing fsl_ftfx_flash.o(.rev16_text), (4 bytes).
    Removing fsl_ftfx_flash.o(.revsh_text), (4 bytes).
    Removing fsl_ftfx_flash.o(i.FLASH_Erase), (82 bytes).
    Removing fsl_ftfx_flash.o(i.FLASH_EraseAll), (16 bytes).
    Removing fsl_ftfx_flash.o(i.FLASH_GetProperty), (138 bytes).
    Removing fsl_ftfx_flash.o(i.FLASH_GetSecurityState), (16 bytes).
    Removing fsl_ftfx_flash.o(i.FLASH_Init), (542 bytes).
    Removing fsl_ftfx_flash.o(i.FLASH_IsExecuteOnly), (66 bytes).
    Removing fsl_ftfx_flash.o(i.FLASH_IsProtected), (404 bytes).
    Removing fsl_ftfx_flash.o(i.FLASH_PflashGetProtection), (60 bytes).
    Removing fsl_ftfx_flash.o(i.FLASH_PflashSetProtection), (80 bytes).
    Removing fsl_ftfx_flash.o(i.FLASH_Program), (82 bytes).
    Removing fsl_ftfx_flash.o(i.FLASH_ReadResource), (30 bytes).
    Removing fsl_ftfx_flash.o(i.FLASH_SecurityBypass), (16 bytes).
    Removing fsl_ftfx_flash.o(i.FLASH_VerifyErase), (82 bytes).
    Removing fsl_ftfx_flash.o(i.FLASH_VerifyEraseAll), (16 bytes).
    Removing fsl_ftfx_flash.o(i.FLASH_VerifyProgram), (88 bytes).
    Removing fsl_ftfx_flash.o(i.flash_calculate_mem_size), (44 bytes).
    Removing fsl_ftfx_flash.o(i.flash_calculate_prot_segment_size), (32 bytes).
    Removing fsl_ftfx_flash.o(i.flash_check_range_to_get_index), (80 bytes).
    Removing fsl_ftfx_flash.o(i.flash_convert_start_address), (46 bytes).
    Removing fsl_ftfx_flash.o(i.flash_init_features), (66 bytes).
    Removing fsl_ftfx_flash.o(.constdata), (30 bytes).
    Removing fsl_ftfx_flexnvm.o(.rev16_text), (4 bytes).
    Removing fsl_ftfx_flexnvm.o(.revsh_text), (4 bytes).
    Removing fsl_gpio.o(.rev16_text), (4 bytes).
    Removing fsl_gpio.o(.revsh_text), (4 bytes).
    Removing fsl_gpio.o(i.FGPIO_GetInstance), (144 bytes).
    Removing fsl_gpio.o(i.FGPIO_PinInit), (148 bytes).
    Removing fsl_gpio.o(i.FGPIO_PortClearInterruptFlags), (32 bytes).
    Removing fsl_gpio.o(i.FGPIO_PortGetInterruptFlags), (28 bytes).
    Removing fsl_gpio.o(i.GPIO_GetInstance), (144 bytes).
    Removing fsl_gpio.o(i.GPIO_PinInit), (148 bytes).
    Removing fsl_gpio.o(i.GPIO_PortClearInterruptFlags), (32 bytes).
    Removing fsl_gpio.o(i.GPIO_PortGetInterruptFlags), (28 bytes).
    Removing fsl_gpio.o(.constdata), (60 bytes).
    Removing fsl_i2c.o(.rev16_text), (4 bytes).
    Removing fsl_i2c.o(.revsh_text), (4 bytes).
    Removing fsl_i2c.o(i.CLOCK_DisableClock), (24 bytes).
    Removing fsl_i2c.o(i.CLOCK_EnableClock), (24 bytes).
    Removing fsl_i2c.o(i.EnableIRQ), (52 bytes).
    Removing fsl_i2c.o(i.I2C_CheckAndClearError), (40 bytes).
    Removing fsl_i2c.o(i.I2C_DisableInterrupts), (34 bytes).
    Removing fsl_i2c.o(i.I2C_Enable), (24 bytes).
    Removing fsl_i2c.o(i.I2C_EnableInterrupts), (44 bytes).
    Removing fsl_i2c.o(i.I2C_GetInstance), (144 bytes).
    Removing fsl_i2c.o(i.I2C_InitTransferStateMachine), (164 bytes).
    Removing fsl_i2c.o(i.I2C_MasterClearStatusFlags), (44 bytes).
    Removing fsl_i2c.o(i.I2C_MasterDeinit), (36 bytes).
    Removing fsl_i2c.o(i.I2C_MasterGetDefaultConfig), (116 bytes).
    Removing fsl_i2c.o(i.I2C_MasterGetStatusFlags), (34 bytes).
    Removing fsl_i2c.o(i.I2C_MasterInit), (232 bytes).
    Removing fsl_i2c.o(i.I2C_MasterReadBlocking), (146 bytes).
    Removing fsl_i2c.o(i.I2C_MasterRepeatedStart), (108 bytes).
    Removing fsl_i2c.o(i.I2C_MasterSetBaudRate), (140 bytes).
    Removing fsl_i2c.o(i.I2C_MasterStart), (68 bytes).
    Removing fsl_i2c.o(i.I2C_MasterStop), (26 bytes).
    Removing fsl_i2c.o(i.I2C_MasterTransferAbort), (204 bytes).
    Removing fsl_i2c.o(i.I2C_MasterTransferBlocking), (460 bytes).
    Removing fsl_i2c.o(i.I2C_MasterTransferCreateHandle), (156 bytes).
    Removing fsl_i2c.o(i.I2C_MasterTransferGetCount), (112 bytes).
    Removing fsl_i2c.o(i.I2C_MasterTransferHandleIRQ), (212 bytes).
    Removing fsl_i2c.o(i.I2C_MasterTransferNonBlocking), (160 bytes).
    Removing fsl_i2c.o(i.I2C_MasterTransferRunStateMachine), (396 bytes).
    Removing fsl_i2c.o(i.I2C_MasterWriteBlocking), (168 bytes).
    Removing fsl_i2c.o(i.I2C_SetHoldTime), (160 bytes).
    Removing fsl_i2c.o(i.I2C_SlaveDeinit), (36 bytes).
    Removing fsl_i2c.o(i.I2C_SlaveGetDefaultConfig), (116 bytes).
    Removing fsl_i2c.o(i.I2C_SlaveInit), (344 bytes).
    Removing fsl_i2c.o(i.I2C_SlaveReadBlocking), (116 bytes).
    Removing fsl_i2c.o(i.I2C_SlaveTransferAbort), (120 bytes).
    Removing fsl_i2c.o(i.I2C_SlaveTransferCreateHandle), (156 bytes).
    Removing fsl_i2c.o(i.I2C_SlaveTransferGetCount), (120 bytes).
    Removing fsl_i2c.o(i.I2C_SlaveTransferHandleIRQ), (620 bytes).
    Removing fsl_i2c.o(i.I2C_SlaveTransferNonBlocking), (164 bytes).
    Removing fsl_i2c.o(i.I2C_SlaveWriteBlocking), (92 bytes).
    Removing fsl_i2c.o(.constdata), (148 bytes).
    Removing fsl_lpsci.o(.rev16_text), (4 bytes).
    Removing fsl_lpsci.o(.revsh_text), (4 bytes).
    Removing fsl_lpsci.o(i.LPSCI_ClearStatusFlags), (96 bytes).
    Removing fsl_lpsci.o(i.LPSCI_Deinit), (56 bytes).
    Removing fsl_lpsci.o(i.LPSCI_DisableInterrupts), (32 bytes).
    Removing fsl_lpsci.o(i.LPSCI_EnableInterrupts), (32 bytes).
    Removing fsl_lpsci.o(i.LPSCI_GetDefaultConfig), (112 bytes).
    Removing fsl_lpsci.o(i.LPSCI_GetEnabledInterrupts), (32 bytes).
    Removing fsl_lpsci.o(i.LPSCI_GetInstance), (148 bytes).
    Removing fsl_lpsci.o(i.LPSCI_GetStatusFlags), (14 bytes).
    Removing fsl_lpsci.o(i.LPSCI_Init), (488 bytes).
    Removing fsl_lpsci.o(i.LPSCI_ReadBlocking), (224 bytes).
    Removing fsl_lpsci.o(i.LPSCI_ReadNonBlocking), (108 bytes).
    Removing fsl_lpsci.o(i.LPSCI_SetBaudRate), (320 bytes).
    Removing fsl_lpsci.o(i.LPSCI_TransferAbortReceive), (140 bytes).
    Removing fsl_lpsci.o(i.LPSCI_TransferAbortSend), (116 bytes).
    Removing fsl_lpsci.o(i.LPSCI_TransferCreateHandle), (212 bytes).
    Removing fsl_lpsci.o(i.LPSCI_TransferGetReceiveCount), (148 bytes).
    Removing fsl_lpsci.o(i.LPSCI_TransferGetRxRingBufferLength), (120 bytes).
    Removing fsl_lpsci.o(i.LPSCI_TransferGetSendCount), (148 bytes).
    Removing fsl_lpsci.o(i.LPSCI_TransferHandleErrorIRQ), (2 bytes).
    Removing fsl_lpsci.o(i.LPSCI_TransferHandleIRQ), (704 bytes).
    Removing fsl_lpsci.o(i.LPSCI_TransferIsRxRingBufferFull), (112 bytes).
    Removing fsl_lpsci.o(i.LPSCI_TransferReceiveNonBlocking), (452 bytes).
    Removing fsl_lpsci.o(i.LPSCI_TransferSendNonBlocking), (236 bytes).
    Removing fsl_lpsci.o(i.LPSCI_TransferStartRingBuffer), (168 bytes).
    Removing fsl_lpsci.o(i.LPSCI_TransferStopRingBuffer), (144 bytes).
    Removing fsl_lpsci.o(i.LPSCI_WriteBlocking), (128 bytes).
    Removing fsl_lpsci.o(i.LPSCI_WriteNonBlocking), (108 bytes).
    Removing fsl_lpsci.o(.constdata), (12 bytes).
    Removing fsl_slcd.o(.rev16_text), (4 bytes).
    Removing fsl_slcd.o(.revsh_text), (4 bytes).
    Removing fsl_slcd.o(i.SLCD_ClearInterruptStatus), (20 bytes).
    Removing fsl_slcd.o(i.SLCD_Deinit), (104 bytes).
    Removing fsl_slcd.o(i.SLCD_DisableInterrupts), (26 bytes).
    Removing fsl_slcd.o(i.SLCD_EnableInterrupts), (18 bytes).
    Removing fsl_slcd.o(i.SLCD_GetDefaultConfig), (108 bytes).
    Removing fsl_slcd.o(i.SLCD_GetInstance), (144 bytes).
    Removing fsl_slcd.o(i.SLCD_GetInterruptStatus), (16 bytes).
    Removing fsl_slcd.o(i.SLCD_Init), (560 bytes).
    Removing fsl_slcd.o(i.SLCD_StartBlinkMode), (38 bytes).
    Removing fsl_slcd.o(.constdata), (8 bytes).
    Removing fsl_smc.o(.rev16_text), (4 bytes).
    Removing fsl_smc.o(.revsh_text), (4 bytes).
    Removing fsl_smc.o(i.DisableGlobalIRQ), (12 bytes).
    Removing fsl_smc.o(i.EnableGlobalIRQ), (10 bytes).
    Removing fsl_smc.o(i.SMC_PostExitStopModes), (32 bytes).
    Removing fsl_smc.o(i.SMC_PostExitWaitModes), (20 bytes).
    Removing fsl_smc.o(i.SMC_PreEnterStopModes), (36 bytes).
    Removing fsl_smc.o(i.SMC_PreEnterWaitModes), (20 bytes).
    Removing fsl_smc.o(i.SMC_SetPowerModeLls), (64 bytes).
    Removing fsl_smc.o(i.SMC_SetPowerModeRun), (20 bytes).
    Removing fsl_smc.o(i.SMC_SetPowerModeStop), (84 bytes).
    Removing fsl_smc.o(i.SMC_SetPowerModeVlls), (112 bytes).
    Removing fsl_smc.o(i.SMC_SetPowerModeVlpr), (22 bytes).
    Removing fsl_smc.o(i.SMC_SetPowerModeVlps), (64 bytes).
    Removing fsl_smc.o(i.SMC_SetPowerModeVlpw), (32 bytes).
    Removing fsl_smc.o(i.SMC_SetPowerModeWait), (32 bytes).
    Removing fsl_smc.o(.constdata), (2 bytes).
    Removing fsl_smc.o(.data), (4 bytes).
    Removing fsl_uart.o(.rev16_text), (4 bytes).
    Removing fsl_uart.o(.revsh_text), (4 bytes).
    Removing fsl_uart.o(i.UART1_RX_TX_DriverIRQHandler), (8 bytes).
    Removing fsl_uart.o(i.UART2_RX_TX_DriverIRQHandler), (8 bytes).
    Removing fsl_uart.o(i.UART_ClearStatusFlags), (76 bytes).
    Removing fsl_uart.o(i.UART_Deinit), (60 bytes).
    Removing fsl_uart.o(i.UART_DisableInterrupts), (32 bytes).
    Removing fsl_uart.o(i.UART_EnableInterrupts), (32 bytes).
    Removing fsl_uart.o(i.UART_GetDefaultConfig), (108 bytes).
    Removing fsl_uart.o(i.UART_GetEnabledInterrupts), (32 bytes).
    Removing fsl_uart.o(i.UART_GetInstance), (140 bytes).
    Removing fsl_uart.o(i.UART_GetStatusFlags), (14 bytes).
    Removing fsl_uart.o(i.UART_Init), (384 bytes).
    Removing fsl_uart.o(i.UART_ReadBlocking), (192 bytes).
    Removing fsl_uart.o(i.UART_ReadNonBlocking), (108 bytes).
    Removing fsl_uart.o(i.UART_SetBaudRate), (220 bytes).
    Removing fsl_uart.o(i.UART_TransferAbortReceive), (136 bytes).
    Removing fsl_uart.o(i.UART_TransferAbortSend), (112 bytes).
    Removing fsl_uart.o(i.UART_TransferCreateHandle), (208 bytes).
    Removing fsl_uart.o(i.UART_TransferGetReceiveCount), (152 bytes).
    Removing fsl_uart.o(i.UART_TransferGetRxRingBufferLength), (116 bytes).
    Removing fsl_uart.o(i.UART_TransferGetSendCount), (144 bytes).
    Removing fsl_uart.o(i.UART_TransferHandleErrorIRQ), (2 bytes).
    Removing fsl_uart.o(i.UART_TransferHandleIRQ), (724 bytes).
    Removing fsl_uart.o(i.UART_TransferIsRxRingBufferFull), (108 bytes).
    Removing fsl_uart.o(i.UART_TransferReceiveNonBlocking), (448 bytes).
    Removing fsl_uart.o(i.UART_TransferSendNonBlocking), (232 bytes).
    Removing fsl_uart.o(i.UART_TransferStartRingBuffer), (164 bytes).
    Removing fsl_uart.o(i.UART_TransferStopRingBuffer), (140 bytes).
    Removing fsl_uart.o(i.UART_WriteBlocking), (32 bytes).
    Removing fsl_uart.o(i.UART_WriteNonBlocking), (108 bytes).
    Removing fsl_uart.o(.constdata), (28 bytes).
    Removing fsl_debug_console.o(.rev16_text), (4 bytes).
    Removing fsl_debug_console.o(.revsh_text), (4 bytes).
    Removing fsl_debug_console.o(i.DbgConsole_Deinit), (10 bytes).
    Removing fsl_debug_console.o(i.DbgConsole_Flush), (8 bytes).
    Removing fsl_debug_console.o(i.DbgConsole_Getchar), (14 bytes).
    Removing fsl_debug_console.o(i.DbgConsole_Init), (88 bytes).
    Removing fsl_debug_console.o(i.DbgConsole_Printf), (68 bytes).
    Removing fsl_debug_console.o(i.DbgConsole_Putchar), (12 bytes).
    Removing fsl_debug_console.o(i.DbgConsole_RelocateLog), (58 bytes).
    Removing fsl_debug_console.o(i.DbgConsole_Scanf), (54 bytes).
    Removing fsl_debug_console.o(i._read), (28 bytes).
    Removing fsl_debug_console.o(i._write), (42 bytes).
    Removing fsl_debug_console.o(.conststring), (67 bytes).
    Removing fsl_io.o(.rev16_text), (4 bytes).
    Removing fsl_io.o(.revsh_text), (4 bytes).
    Removing fsl_io.o(i.IO_Deinit), (76 bytes).
    Removing fsl_io.o(i.IO_Init), (304 bytes).
    Removing fsl_io.o(i.IO_Transfer), (112 bytes).
    Removing fsl_io.o(i.IO_WaitIdle), (68 bytes).
    Removing fsl_io.o(.data), (8 bytes).
    Removing fsl_log.o(.rev16_text), (4 bytes).
    Removing fsl_log.o(.revsh_text), (4 bytes).
    Removing fsl_log.o(i.LOG_Deinit), (8 bytes).
    Removing fsl_log.o(i.LOG_Init), (30 bytes).
    Removing fsl_log.o(i.LOG_Pop), (42 bytes).
    Removing fsl_log.o(i.LOG_Push), (112 bytes).
    Removing fsl_log.o(i.LOG_ReadCharacter), (124 bytes).
    Removing fsl_log.o(i.LOG_ReadLine), (176 bytes).
    Removing fsl_log.o(i.LOG_ReadOneCharacter), (26 bytes).
    Removing fsl_log.o(i.LOG_WaitIdle), (10 bytes).
    Removing fsl_str.o(.rev16_text), (4 bytes).
    Removing fsl_str.o(.revsh_text), (4 bytes).
    Removing fsl_str.o(i.ConvertRadixNumToString), (196 bytes).
    Removing fsl_str.o(i.ScanIgnoreWhiteSpace), (50 bytes).
    Removing fsl_str.o(i.StrFormatPrintf), (562 bytes).
    Removing fsl_str.o(i.StrFormatScanf), (1052 bytes).
    Removing system_mkl46z4.o(.rev16_text), (4 bytes).
    Removing system_mkl46z4.o(.revsh_text), (4 bytes).
    Removing system_mkl46z4.o(i.SystemCoreClockUpdate), (400 bytes).
    Removing system_mkl46z4.o(.data), (4 bytes).
    Removing fsl_clock.o(i.__ARM_common_switch8), (28 bytes).

339 unused section(s) (total 31061 bytes) removed from the image.

==============================================================================

Image Symbol Table

    Local Symbols

    Symbol Name                              Value     Ov Type        Size  Object(Section)

    RESET                                    0x00000000   Section      192  startup_mkl46z4.o(RESET)
    ../clib/angel/boardlib.s                 0x00000000   Number         0  boardinit3.o ABSOLUTE
    ../clib/angel/boardlib.s                 0x00000000   Number         0  boardshut.o ABSOLUTE
    ../clib/angel/boardlib.s                 0x00000000   Number         0  boardinit1.o ABSOLUTE
    ../clib/angel/boardlib.s                 0x00000000   Number         0  boardinit2.o ABSOLUTE
    ../clib/angel/handlers.s                 0x00000000   Number         0  __scatter_zi.o ABSOLUTE
    ../clib/angel/handlers.s                 0x00000000   Number         0  __scatter_copy.o ABSOLUTE
    ../clib/angel/kernel.s                   0x00000000   Number         0  __rtentry.o ABSOLUTE
    ../clib/angel/kernel.s                   0x00000000   Number         0  __rtentry7.o ABSOLUTE
    ../clib/angel/kernel.s                   0x00000000   Number         0  rtexit.o ABSOLUTE
    ../clib/angel/kernel.s                   0x00000000   Number         0  __rtentry4.o ABSOLUTE
    ../clib/angel/kernel.s                   0x00000000   Number         0  rtexit2.o ABSOLUTE
    ../clib/angel/kernel.s                   0x00000000   Number         0  __rtentry2.o ABSOLUTE
    ../clib/angel/rt.s                       0x00000000   Number         0  rt_raise.o ABSOLUTE
    ../clib/angel/rt.s                       0x00000000   Number         0  rt_heap_descriptor.o ABSOLUTE
    ../clib/angel/rt.s                       0x00000000   Number         0  rt_heap_descriptor_intlibspace.o ABSOLUTE
    ../clib/angel/rt.s                       0x00000000   Number         0  aeabi_idiv0_sigfpe.o ABSOLUTE
    ../clib/angel/rt.s                       0x00000000   Number         0  aeabi_idiv0.o ABSOLUTE
    ../clib/angel/rt.s                       0x00000000   Number         0  rt_div0.o ABSOLUTE
    ../clib/angel/scatterp.s                 0x00000000   Number         0  __scatter.o ABSOLUTE
    ../clib/angel/startup.s                  0x00000000   Number         0  __main.o ABSOLUTE
    ../clib/angel/sys.s                      0x00000000   Number         0  use_no_semi.o ABSOLUTE
    ../clib/angel/sys.s                      0x00000000   Number         0  mutex_dummy.o ABSOLUTE
    ../clib/angel/sys.s                      0x00000000   Number         0  indicate_semi.o ABSOLUTE
    ../clib/angel/sys.s                      0x00000000   Number         0  libspace.o ABSOLUTE
    ../clib/angel/sys.s                      0x00000000   Number         0  sys_stackheap.o ABSOLUTE
    ../clib/angel/sys.s                      0x00000000   Number         0  tempstk.o ABSOLUTE
    ../clib/angel/sys.s                      0x00000000   Number         0  sys_stackheap_outer.o ABSOLUTE
    ../clib/angel/sysapp.c                   0x00000000   Number         0  sys_exit.o ABSOLUTE
    ../clib/angel/sysapp.c                   0x00000000   Number         0  sys_wrch.o ABSOLUTE
    ../clib/angel/sysapp.c                   0x00000000   Number         0  sys_command.o ABSOLUTE
    ../clib/armsys.c                         0x00000000   Number         0  no_argv.o ABSOLUTE
    ../clib/armsys.c                         0x00000000   Number         0  _get_argv_nomalloc.o ABSOLUTE
    ../clib/armsys.c                         0x00000000   Number         0  argv_veneer.o ABSOLUTE
    ../clib/armsys.c                         0x00000000   Number         0  _get_argv.o ABSOLUTE
    ../clib/assert.c                         0x00000000   Number         0  assert.o ABSOLUTE
    ../clib/assert.c                         0x00000000   Number         0  assert_puts.o ABSOLUTE
    ../clib/division.s                       0x00000000   Number         0  aeabi_sdiv_div0.o ABSOLUTE
    ../clib/division.s                       0x00000000   Number         0  aeabi_sdiv.o ABSOLUTE
    ../clib/heap1.c                          0x00000000   Number         0  h1_init.o ABSOLUTE
    ../clib/heap1.c                          0x00000000   Number         0  h1_init_mt.o ABSOLUTE
    ../clib/heap1.c                          0x00000000   Number         0  h1_extend_mt.o ABSOLUTE
    ../clib/heap1.c                          0x00000000   Number         0  h1_alloc.o ABSOLUTE
    ../clib/heap1.c                          0x00000000   Number         0  h1_final_mt.o ABSOLUTE
    ../clib/heap1.c                          0x00000000   Number         0  h1_free.o ABSOLUTE
    ../clib/heap1.c                          0x00000000   Number         0  h1_alloc_mt.o ABSOLUTE
    ../clib/heap1.c                          0x00000000   Number         0  h1_free_mt.o ABSOLUTE
    ../clib/heap1.c                          0x00000000   Number         0  h1_extend.o ABSOLUTE
    ../clib/heap1.c                          0x00000000   Number         0  h1_final.o ABSOLUTE
    ../clib/heap2.c                          0x00000000   Number         0  heap2.o ABSOLUTE
    ../clib/heap2.c                          0x00000000   Number         0  heap2mt.o ABSOLUTE
    ../clib/heap2.c                          0x00000000   Number         0  fdtree.o ABSOLUTE
    ../clib/heapalloc.c                      0x00000000   Number         0  hrguard.o ABSOLUTE
    ../clib/heapalloc.c                      0x00000000   Number         0  malloc.o ABSOLUTE
    ../clib/heapalloc.c                      0x00000000   Number         0  heapstubs.o ABSOLUTE
    ../clib/heapalloc.c                      0x00000000   Number         0  maybetermalloc2.o ABSOLUTE
    ../clib/heapalloc.c                      0x00000000   Number         0  free.o ABSOLUTE
    ../clib/heapalloc.c                      0x00000000   Number         0  term_alloc.o ABSOLUTE
    ../clib/heapalloc.c                      0x00000000   Number         0  maybetermalloc2.o ABSOLUTE
    ../clib/heapalloc.c                      0x00000000   Number         0  maybetermalloc1.o ABSOLUTE
    ../clib/heapalloc.c                      0x00000000   Number         0  maybetermalloc1.o ABSOLUTE
    ../clib/heapalloc.c                      0x00000000   Number         0  hguard.o ABSOLUTE
    ../clib/heapalloc.c                      0x00000000   Number         0  init_alloc.o ABSOLUTE
    ../clib/heapaux.c                        0x00000000   Number         0  heapauxa.o ABSOLUTE
    ../clib/heapaux.c                        0x00000000   Number         0  heapauxi.o ABSOLUTE
    ../clib/libinit.s                        0x00000000   Number         0  libinit5.o ABSOLUTE
    ../clib/libinit.s                        0x00000000   Number         0  libshutdown2.o ABSOLUTE
    ../clib/libinit.s                        0x00000000   Number         0  libshutdown.o ABSOLUTE
    ../clib/libinit.s                        0x00000000   Number         0  libinit.o ABSOLUTE
    ../clib/libinit.s                        0x00000000   Number         0  libinit2.o ABSOLUTE
    ../clib/memcpset.c                       0x00000000   Number         0  rt_memclr.o ABSOLUTE
    ../clib/memcpset.c                       0x00000000   Number         0  rt_memcpy.o ABSOLUTE
    ../clib/memcpset.c                       0x00000000   Number         0  rt_memcpy.o ABSOLUTE
    ../clib/signal.c                         0x00000000   Number         0  defsig_rtmem_formal.o ABSOLUTE
    ../clib/signal.c                         0x00000000   Number         0  defsig_abrt_formal.o ABSOLUTE
    ../clib/signal.c                         0x00000000   Number         0  defsig_abrt_outer.o ABSOLUTE
    ../clib/signal.c                         0x00000000   Number         0  defsig_pvfn_inner.o ABSOLUTE
    ../clib/signal.c                         0x00000000   Number         0  __raise.o ABSOLUTE
    ../clib/signal.c                         0x00000000   Number         0  defsig_general.o ABSOLUTE
    ../clib/signal.c                         0x00000000   Number         0  defsig_fpe_inner.o ABSOLUTE
    ../clib/signal.c                         0x00000000   Number         0  defsig_segv_inner.o ABSOLUTE
    ../clib/signal.c                         0x00000000   Number         0  defsig_rtred_inner.o ABSOLUTE
    ../clib/signal.c                         0x00000000   Number         0  defsig_other.o ABSOLUTE
    ../clib/signal.c                         0x00000000   Number         0  defsig_cppl_inner.o ABSOLUTE
    ../clib/signal.c                         0x00000000   Number         0  defsig_fpe_outer.o ABSOLUTE
    ../clib/signal.c                         0x00000000   Number         0  defsig_exit.o ABSOLUTE
    ../clib/signal.c                         0x00000000   Number         0  defsig_abrt_inner.o ABSOLUTE
    ../clib/signal.c                         0x00000000   Number         0  defsig_stak_inner.o ABSOLUTE
    ../clib/signal.c                         0x00000000   Number         0  defsig_rtmem_outer.o ABSOLUTE
    ../clib/signal.c                         0x00000000   Number         0  defsig_fpe_formal.o ABSOLUTE
    ../clib/signal.c                         0x00000000   Number         0  defsig_rtmem_inner.o ABSOLUTE
    ../clib/signal.s                         0x00000000   Number         0  defsig.o ABSOLUTE
    ../clib/stdlib.c                         0x00000000   Number         0  abort.o ABSOLUTE
    ../clib/stdlib.c                         0x00000000   Number         0  exit.o ABSOLUTE
    ../clib/string.c                         0x00000000   Number         0  strlen.o ABSOLUTE
    ../fplib/cfplib/fpinit.c                 0x00000000   Number         0  fpinit.o ABSOLUTE
    E:/Keli/PACKS/NXP/MKL46Z4_DFP/10.0.3/drivers/fsl_clock.c 0x00000000   Number         0  fsl_clock.o ABSOLUTE
    E:/Keli/PACKS/NXP/MKL46Z4_DFP/10.0.3/drivers/fsl_common.c 0x00000000   Number         0  fsl_common.o ABSOLUTE
    E:/Keli/PACKS/NXP/MKL46Z4_DFP/10.0.3/drivers/fsl_ftfx_cache.c 0x00000000   Number         0  fsl_ftfx_cache.o ABSOLUTE
    E:/Keli/PACKS/NXP/MKL46Z4_DFP/10.0.3/drivers/fsl_ftfx_controller.c 0x00000000   Number         0  fsl_ftfx_controller.o ABSOLUTE
    E:/Keli/PACKS/NXP/MKL46Z4_DFP/10.0.3/drivers/fsl_ftfx_flash.c 0x00000000   Number         0  fsl_ftfx_flash.o ABSOLUTE
    E:/Keli/PACKS/NXP/MKL46Z4_DFP/10.0.3/drivers/fsl_ftfx_flexnvm.c 0x00000000   Number         0  fsl_ftfx_flexnvm.o ABSOLUTE
    E:/Keli/PACKS/NXP/MKL46Z4_DFP/10.0.3/drivers/fsl_gpio.c 0x00000000   Number         0  fsl_gpio.o ABSOLUTE
    E:/Keli/PACKS/NXP/MKL46Z4_DFP/10.0.3/drivers/fsl_i2c.c 0x00000000   Number         0  fsl_i2c.o ABSOLUTE
    E:/Keli/PACKS/NXP/MKL46Z4_DFP/10.0.3/drivers/fsl_lpsci.c 0x00000000   Number         0  fsl_lpsci.o ABSOLUTE
    E:/Keli/PACKS/NXP/MKL46Z4_DFP/10.0.3/drivers/fsl_slcd.c 0x00000000   Number         0  fsl_slcd.o ABSOLUTE
    E:/Keli/PACKS/NXP/MKL46Z4_DFP/10.0.3/drivers/fsl_smc.c 0x00000000   Number         0  fsl_smc.o ABSOLUTE
    E:/Keli/PACKS/NXP/MKL46Z4_DFP/10.0.3/drivers/fsl_uart.c 0x00000000   Number         0  fsl_uart.o ABSOLUTE
    E:/Keli/PACKS/NXP/MKL46Z4_DFP/10.0.3/utilities/fsl_debug_console.c 0x00000000   Number         0  fsl_debug_console.o ABSOLUTE
    E:/Keli/PACKS/NXP/MKL46Z4_DFP/10.0.3/utilities/io/fsl_io.c 0x00000000   Number         0  fsl_io.o ABSOLUTE
    E:/Keli/PACKS/NXP/MKL46Z4_DFP/10.0.3/utilities/log/fsl_log.c 0x00000000   Number         0  fsl_log.o ABSOLUTE
    E:/Keli/PACKS/NXP/MKL46Z4_DFP/10.0.3/utilities/str/fsl_str.c 0x00000000   Number         0  fsl_str.o ABSOLUTE
    E:\Keli\PACKS\NXP\MKL46Z4_DFP\10.0.3\drivers\fsl_clock.c 0x00000000   Number         0  fsl_clock.o ABSOLUTE
    E:\Keli\PACKS\NXP\MKL46Z4_DFP\10.0.3\drivers\fsl_common.c 0x00000000   Number         0  fsl_common.o ABSOLUTE
    E:\Keli\PACKS\NXP\MKL46Z4_DFP\10.0.3\drivers\fsl_ftfx_cache.c 0x00000000   Number         0  fsl_ftfx_cache.o ABSOLUTE
    E:\Keli\PACKS\NXP\MKL46Z4_DFP\10.0.3\drivers\fsl_ftfx_controller.c 0x00000000   Number         0  fsl_ftfx_controller.o ABSOLUTE
    E:\Keli\PACKS\NXP\MKL46Z4_DFP\10.0.3\drivers\fsl_ftfx_flash.c 0x00000000   Number         0  fsl_ftfx_flash.o ABSOLUTE
    E:\Keli\PACKS\NXP\MKL46Z4_DFP\10.0.3\drivers\fsl_ftfx_flexnvm.c 0x00000000   Number         0  fsl_ftfx_flexnvm.o ABSOLUTE
    E:\Keli\PACKS\NXP\MKL46Z4_DFP\10.0.3\drivers\fsl_gpio.c 0x00000000   Number         0  fsl_gpio.o ABSOLUTE
    E:\Keli\PACKS\NXP\MKL46Z4_DFP\10.0.3\drivers\fsl_i2c.c 0x00000000   Number         0  fsl_i2c.o ABSOLUTE
    E:\Keli\PACKS\NXP\MKL46Z4_DFP\10.0.3\drivers\fsl_lpsci.c 0x00000000   Number         0  fsl_lpsci.o ABSOLUTE
    E:\Keli\PACKS\NXP\MKL46Z4_DFP\10.0.3\drivers\fsl_slcd.c 0x00000000   Number         0  fsl_slcd.o ABSOLUTE
    E:\Keli\PACKS\NXP\MKL46Z4_DFP\10.0.3\drivers\fsl_smc.c 0x00000000   Number         0  fsl_smc.o ABSOLUTE
    E:\Keli\PACKS\NXP\MKL46Z4_DFP\10.0.3\drivers\fsl_uart.c 0x00000000   Number         0  fsl_uart.o ABSOLUTE
    E:\Keli\PACKS\NXP\MKL46Z4_DFP\10.0.3\utilities\fsl_debug_console.c 0x00000000   Number         0  fsl_debug_console.o ABSOLUTE
    E:\Keli\PACKS\NXP\MKL46Z4_DFP\10.0.3\utilities\io\fsl_io.c 0x00000000   Number         0  fsl_io.o ABSOLUTE
    E:\Keli\PACKS\NXP\MKL46Z4_DFP\10.0.3\utilities\log\fsl_log.c 0x00000000   Number         0  fsl_log.o ABSOLUTE
    E:\Keli\PACKS\NXP\MKL46Z4_DFP\10.0.3\utilities\str\fsl_str.c 0x00000000   Number         0  fsl_str.o ABSOLUTE
    LCD.c                                    0x00000000   Number         0  lcd.o ABSOLUTE
    LCD.c                                    0x00000000   Number         0  lcd.o ABSOLUTE
    LED.c                                    0x00000000   Number         0  led.o ABSOLUTE
    LED.c                                    0x00000000   Number         0  led.o ABSOLUTE
    RTE/Board_Support/MKL46Z256VLL4/board.c  0x00000000   Number         0  board.o ABSOLUTE
    RTE/Board_Support/MKL46Z256VLL4/clock_config.c 0x00000000   Number         0  clock_config.o ABSOLUTE
    RTE/Board_Support/MKL46Z256VLL4/peripherals.c 0x00000000   Number         0  peripherals.o ABSOLUTE
    RTE/Board_Support/MKL46Z256VLL4/pin_mux.c 0x00000000   Number         0  pin_mux.o ABSOLUTE
    RTE/Device/MKL46Z256VLL4/startup_MKL46Z4.s 0x00000000   Number         0  startup_mkl46z4.o ABSOLUTE
    RTE/Device/MKL46Z256VLL4/system_MKL46Z4.c 0x00000000   Number         0  system_mkl46z4.o ABSOLUTE
    RTE\Board_Support\MKL46Z256VLL4\board.c  0x00000000   Number         0  board.o ABSOLUTE
    RTE\Board_Support\MKL46Z256VLL4\clock_config.c 0x00000000   Number         0  clock_config.o ABSOLUTE
    RTE\Board_Support\MKL46Z256VLL4\pin_mux.c 0x00000000   Number         0  pin_mux.o ABSOLUTE
    RTE\Device\MKL46Z256VLL4\system_MKL46Z4.c 0x00000000   Number         0  system_mkl46z4.o ABSOLUTE
    SWITCH.c                                 0x00000000   Number         0  switch.o ABSOLUTE
    SWITCH.c                                 0x00000000   Number         0  switch.o ABSOLUTE
    SYSTICKTIMER.c                           0x00000000   Number         0  systicktimer.o ABSOLUTE
    SYSTICKTIMER.c                           0x00000000   Number         0  systicktimer.o ABSOLUTE
    dc.s                                     0x00000000   Number         0  dc.o ABSOLUTE
    main.c                                   0x00000000   Number         0  main.o ABSOLUTE
    main.c                                   0x00000000   Number         0  main.o ABSOLUTE
    FlashConfig                              0x00000400   Section       16  startup_mkl46z4.o(FlashConfig)
    !!!main                                  0x00000410   Section        8  __main.o(!!!main)
    !!!scatter                               0x00000418   Section       60  __scatter.o(!!!scatter)
    !!handler_copy                           0x00000454   Section       26  __scatter_copy.o(!!handler_copy)
    !!handler_zi                             0x00000470   Section       28  __scatter_zi.o(!!handler_zi)
    .ARM.Collect$$libinit$$00000000          0x0000048c   Section        2  libinit.o(.ARM.Collect$$libinit$$00000000)
    .ARM.Collect$$libinit$$00000002          0x0000048e   Section        0  libinit2.o(.ARM.Collect$$libinit$$00000002)
    .ARM.Collect$$libinit$$00000004          0x0000048e   Section        0  libinit2.o(.ARM.Collect$$libinit$$00000004)
    .ARM.Collect$$libinit$$0000000A          0x0000048e   Section        0  libinit2.o(.ARM.Collect$$libinit$$0000000A)
    .ARM.Collect$$libinit$$0000000C          0x0000048e   Section        0  libinit2.o(.ARM.Collect$$libinit$$0000000C)
    .ARM.Collect$$libinit$$0000000E          0x0000048e   Section        0  libinit2.o(.ARM.Collect$$libinit$$0000000E)
    .ARM.Collect$$libinit$$00000011          0x0000048e   Section        0  libinit2.o(.ARM.Collect$$libinit$$00000011)
    .ARM.Collect$$libinit$$00000013          0x0000048e   Section        0  libinit2.o(.ARM.Collect$$libinit$$00000013)
    .ARM.Collect$$libinit$$00000015          0x0000048e   Section        0  libinit2.o(.ARM.Collect$$libinit$$00000015)
    .ARM.Collect$$libinit$$00000017          0x0000048e   Section        0  libinit2.o(.ARM.Collect$$libinit$$00000017)
    .ARM.Collect$$libinit$$00000019          0x0000048e   Section        0  libinit2.o(.ARM.Collect$$libinit$$00000019)
    .ARM.Collect$$libinit$$0000001B          0x0000048e   Section        0  libinit2.o(.ARM.Collect$$libinit$$0000001B)
    .ARM.Collect$$libinit$$0000001D          0x0000048e   Section        0  libinit2.o(.ARM.Collect$$libinit$$0000001D)
    .ARM.Collect$$libinit$$0000001F          0x0000048e   Section        0  libinit2.o(.ARM.Collect$$libinit$$0000001F)
    .ARM.Collect$$libinit$$00000021          0x0000048e   Section        0  libinit2.o(.ARM.Collect$$libinit$$00000021)
    .ARM.Collect$$libinit$$00000023          0x0000048e   Section        0  libinit2.o(.ARM.Collect$$libinit$$00000023)
    .ARM.Collect$$libinit$$00000025          0x0000048e   Section        0  libinit2.o(.ARM.Collect$$libinit$$00000025)
    .ARM.Collect$$libinit$$0000002C          0x0000048e   Section        0  libinit2.o(.ARM.Collect$$libinit$$0000002C)
    .ARM.Collect$$libinit$$0000002E          0x0000048e   Section        0  libinit2.o(.ARM.Collect$$libinit$$0000002E)
    .ARM.Collect$$libinit$$00000030          0x0000048e   Section        0  libinit2.o(.ARM.Collect$$libinit$$00000030)
    .ARM.Collect$$libinit$$00000032          0x0000048e   Section        0  libinit2.o(.ARM.Collect$$libinit$$00000032)
    .ARM.Collect$$libinit$$00000033          0x0000048e   Section        2  libinit2.o(.ARM.Collect$$libinit$$00000033)
    .ARM.Collect$$libshutdown$$00000000      0x00000490   Section        2  libshutdown.o(.ARM.Collect$$libshutdown$$00000000)
    .ARM.Collect$$libshutdown$$00000002      0x00000492   Section        0  libshutdown2.o(.ARM.Collect$$libshutdown$$00000002)
    .ARM.Collect$$libshutdown$$00000004      0x00000492   Section        0  libshutdown2.o(.ARM.Collect$$libshutdown$$00000004)
    .ARM.Collect$$libshutdown$$00000006      0x00000492   Section        0  libshutdown2.o(.ARM.Collect$$libshutdown$$00000006)
    .ARM.Collect$$libshutdown$$00000009      0x00000492   Section        0  libshutdown2.o(.ARM.Collect$$libshutdown$$00000009)
    .ARM.Collect$$libshutdown$$0000000C      0x00000492   Section        0  libshutdown2.o(.ARM.Collect$$libshutdown$$0000000C)
    .ARM.Collect$$libshutdown$$0000000E      0x00000492   Section        0  libshutdown2.o(.ARM.Collect$$libshutdown$$0000000E)
    .ARM.Collect$$libshutdown$$00000011      0x00000492   Section        0  libshutdown2.o(.ARM.Collect$$libshutdown$$00000011)
    .ARM.Collect$$libshutdown$$00000012      0x00000492   Section        2  libshutdown2.o(.ARM.Collect$$libshutdown$$00000012)
    .ARM.Collect$$rtentry$$00000000          0x00000494   Section        0  __rtentry.o(.ARM.Collect$$rtentry$$00000000)
    .ARM.Collect$$rtentry$$00000002          0x00000494   Section        0  __rtentry2.o(.ARM.Collect$$rtentry$$00000002)
    .ARM.Collect$$rtentry$$00000007          0x00000494   Section        4  __rtentry7.o(.ARM.Collect$$rtentry$$00000007)
    .ARM.Collect$$rtentry$$00000009          0x00000498   Section        0  __rtentry2.o(.ARM.Collect$$rtentry$$00000009)
    .ARM.Collect$$rtentry$$0000000A          0x00000498   Section        4  __rtentry2.o(.ARM.Collect$$rtentry$$0000000A)
    .ARM.Collect$$rtentry$$0000000C          0x0000049c   Section        0  __rtentry2.o(.ARM.Collect$$rtentry$$0000000C)
    .ARM.Collect$$rtentry$$0000000D          0x0000049c   Section        8  __rtentry2.o(.ARM.Collect$$rtentry$$0000000D)
    .ARM.Collect$$rtentry$$00002718          0x000004a4   Section        4  __rtentry7.o(.ARM.Collect$$rtentry$$00002718)
    __lit__00000000                          0x000004a4   Data           4  __rtentry7.o(.ARM.Collect$$rtentry$$00002718)
    .ARM.Collect$$rtexit$$00000000           0x000004a8   Section        2  rtexit.o(.ARM.Collect$$rtexit$$00000000)
    .ARM.Collect$$rtexit$$00000002           0x000004aa   Section        0  rtexit2.o(.ARM.Collect$$rtexit$$00000002)
    .ARM.Collect$$rtexit$$00000003           0x000004aa   Section        4  rtexit2.o(.ARM.Collect$$rtexit$$00000003)
    .ARM.Collect$$rtexit$$00000004           0x000004ae   Section        6  rtexit2.o(.ARM.Collect$$rtexit$$00000004)
    .text                                    0x000004b4   Section      156  startup_mkl46z4.o(.text)
    .text                                    0x00000550   Section        0  sys_exit.o(.text)
    .text                                    0x0000055c   Section        2  use_no_semi.o(.text)
    .text                                    0x0000055e   Section        0  exit.o(.text)
    .text                                    0x0000055e   Section        0  indicate_semi.o(.text)
    i.I2C0_DriverIRQHandler                  0x00000570   Section        0  fsl_i2c.o(i.I2C0_DriverIRQHandler)
    i.I2C1_DriverIRQHandler                  0x00000588   Section        0  fsl_i2c.o(i.I2C1_DriverIRQHandler)
    i.I2C_TransferCommonIRQHandler           0x000005a0   Section        0  fsl_i2c.o(i.I2C_TransferCommonIRQHandler)
    I2C_TransferCommonIRQHandler             0x000005a1   Thumb Code    54  fsl_i2c.o(i.I2C_TransferCommonIRQHandler)
    i.Init_Green_Led                         0x000005e0   Section        0  led.o(i.Init_Green_Led)
    i.Init_Red_Led                           0x00000620   Section        0  led.o(i.Init_Red_Led)
    i.Init_SW1                               0x00000660   Section        0  switch.o(i.Init_SW1)
    i.Init_SW2                               0x000006c8   Section        0  switch.o(i.Init_SW2)
    i.PORTC_PORTD_IRQHandler                 0x00000734   Section        0  switch.o(i.PORTC_PORTD_IRQHandler)
    i.SystemInit                             0x00000784   Section        0  system_mkl46z4.o(i.SystemInit)
    i.SystemInitHook                         0x00000798   Section        0  system_mkl46z4.o(i.SystemInitHook)
    i.UART0_DriverIRQHandler                 0x0000079c   Section        0  fsl_lpsci.o(i.UART0_DriverIRQHandler)
    i.UART1_DriverIRQHandler                 0x000007b8   Section        0  fsl_uart.o(i.UART1_DriverIRQHandler)
    i.UART2_DriverIRQHandler                 0x000007d4   Section        0  fsl_uart.o(i.UART2_DriverIRQHandler)
    i.__NVIC_ClearPendingIRQ                 0x000007f0   Section        0  switch.o(i.__NVIC_ClearPendingIRQ)
    __NVIC_ClearPendingIRQ                   0x000007f1   Thumb Code    18  switch.o(i.__NVIC_ClearPendingIRQ)
    i.__NVIC_EnableIRQ                       0x00000808   Section        0  switch.o(i.__NVIC_EnableIRQ)
    __NVIC_EnableIRQ                         0x00000809   Thumb Code    26  switch.o(i.__NVIC_EnableIRQ)
    i.main                                   0x00000828   Section        0  main.o(i.main)
    .data                                    0x1fffe000   Section       16  fsl_i2c.o(.data)
    s_i2cHandle                              0x1fffe000   Data           8  fsl_i2c.o(.data)
    s_i2cMasterIsr                           0x1fffe008   Data           4  fsl_i2c.o(.data)
    s_i2cSlaveIsr                            0x1fffe00c   Data           4  fsl_i2c.o(.data)
    .data                                    0x1fffe010   Section        8  fsl_lpsci.o(.data)
    s_lpsciHandle                            0x1fffe010   Data           4  fsl_lpsci.o(.data)
    s_lpsciIsr                               0x1fffe014   Data           4  fsl_lpsci.o(.data)
    .data                                    0x1fffe018   Section        4  fsl_uart.o(.data)
    s_uartIsr                                0x1fffe018   Data           4  fsl_uart.o(.data)
    .bss                                     0x1fffe01c   Section       12  fsl_uart.o(.bss)
    s_uartHandle                             0x1fffe01c   Data          12  fsl_uart.o(.bss)

    Global Symbols

    Symbol Name                              Value     Ov Type        Size  Object(Section)

    BuildAttributes$$THM_ISAv3M$S$PE$A:L22$X:L11$S22$IEEE1$IW$USESV6$~STKCKD$USESV7$~SHL$OTIME$ROPI$EBA8$UX$STANDARDLIB$REQ8$PRES8$EABIv2 0x00000000   Number         0  anon$$obj.o ABSOLUTE
    __ARM_use_no_argv                        0x00000000   Number         0  main.o ABSOLUTE
    __Vectors                                0x00000000   Data           4  startup_mkl46z4.o(RESET)
    Image$$ZI$$Limit                          - Undefined Weak Reference
    __ARM_exceptions_init                     - Undefined Weak Reference
    __alloca_initialize                       - Undefined Weak Reference
    __arm_fini_                               - Undefined Weak Reference
    __arm_preinit_                            - Undefined Weak Reference
    __cpp_initialize__aeabi_                  - Undefined Weak Reference
    __cxa_finalize                            - Undefined Weak Reference
    __rt_locale                               - Undefined Weak Reference
    __sigvec_lookup                           - Undefined Weak Reference
    __user_heap_extent                        - Undefined Weak Reference
    _atexit_init                              - Undefined Weak Reference
    _call_atexit_fns                          - Undefined Weak Reference
    _clock_init                               - Undefined Weak Reference
    _fp_trap_init                             - Undefined Weak Reference
    _fp_trap_shutdown                         - Undefined Weak Reference
    _get_lc_collate                           - Undefined Weak Reference
    _get_lc_ctype                             - Undefined Weak Reference
    _get_lc_monetary                          - Undefined Weak Reference
    _get_lc_numeric                           - Undefined Weak Reference
    _get_lc_time                              - Undefined Weak Reference
    _getenv_init                              - Undefined Weak Reference
    _handle_redirection                       - Undefined Weak Reference
    _initio                                   - Undefined Weak Reference
    _mutex_acquire                            - Undefined Weak Reference
    _mutex_free                               - Undefined Weak Reference
    _mutex_release                            - Undefined Weak Reference
    _rand_init                                - Undefined Weak Reference
    _signal_finish                            - Undefined Weak Reference
    _signal_init                              - Undefined Weak Reference
    _terminateio                              - Undefined Weak Reference
    __Vectors_End                            0x000000c0   Data           0  startup_mkl46z4.o(RESET)
    __Vectors_Size                           0x000000c0   Number         0  startup_mkl46z4.o ABSOLUTE
    __main                                   0x00000411   Thumb Code     8  __main.o(!!!main)
    __scatterload                            0x00000419   Thumb Code     0  __scatter.o(!!!scatter)
    __scatterload_rt2                        0x00000419   Thumb Code    52  __scatter.o(!!!scatter)
    __scatterload_rt2_thumb_only             0x00000419   Thumb Code     0  __scatter.o(!!!scatter)
    __scatterload_null                       0x00000429   Thumb Code     0  __scatter.o(!!!scatter)
    __scatterload_copy                       0x00000455   Thumb Code    26  __scatter_copy.o(!!handler_copy)
    __scatterload_zeroinit                   0x00000471   Thumb Code    28  __scatter_zi.o(!!handler_zi)
    __rt_lib_init                            0x0000048d   Thumb Code     0  libinit.o(.ARM.Collect$$libinit$$00000000)
    __rt_lib_init_alloca_1                   0x0000048f   Thumb Code     0  libinit2.o(.ARM.Collect$$libinit$$0000002E)
    __rt_lib_init_argv_1                     0x0000048f   Thumb Code     0  libinit2.o(.ARM.Collect$$libinit$$0000002C)
    __rt_lib_init_atexit_1                   0x0000048f   Thumb Code     0  libinit2.o(.ARM.Collect$$libinit$$0000001B)
    __rt_lib_init_clock_1                    0x0000048f   Thumb Code     0  libinit2.o(.ARM.Collect$$libinit$$00000021)
    __rt_lib_init_cpp_1                      0x0000048f   Thumb Code     0  libinit2.o(.ARM.Collect$$libinit$$00000032)
    __rt_lib_init_exceptions_1               0x0000048f   Thumb Code     0  libinit2.o(.ARM.Collect$$libinit$$00000030)
    __rt_lib_init_fp_1                       0x0000048f   Thumb Code     0  libinit2.o(.ARM.Collect$$libinit$$00000002)
    __rt_lib_init_fp_trap_1                  0x0000048f   Thumb Code     0  libinit2.o(.ARM.Collect$$libinit$$0000001F)
    __rt_lib_init_getenv_1                   0x0000048f   Thumb Code     0  libinit2.o(.ARM.Collect$$libinit$$00000023)
    __rt_lib_init_heap_1                     0x0000048f   Thumb Code     0  libinit2.o(.ARM.Collect$$libinit$$0000000A)
    __rt_lib_init_lc_collate_1               0x0000048f   Thumb Code     0  libinit2.o(.ARM.Collect$$libinit$$00000011)
    __rt_lib_init_lc_ctype_1                 0x0000048f   Thumb Code     0  libinit2.o(.ARM.Collect$$libinit$$00000013)
    __rt_lib_init_lc_monetary_1              0x0000048f   Thumb Code     0  libinit2.o(.ARM.Collect$$libinit$$00000015)
    __rt_lib_init_lc_numeric_1               0x0000048f   Thumb Code     0  libinit2.o(.ARM.Collect$$libinit$$00000017)
    __rt_lib_init_lc_time_1                  0x0000048f   Thumb Code     0  libinit2.o(.ARM.Collect$$libinit$$00000019)
    __rt_lib_init_preinit_1                  0x0000048f   Thumb Code     0  libinit2.o(.ARM.Collect$$libinit$$00000004)
    __rt_lib_init_rand_1                     0x0000048f   Thumb Code     0  libinit2.o(.ARM.Collect$$libinit$$0000000E)
    __rt_lib_init_return                     0x0000048f   Thumb Code     0  libinit2.o(.ARM.Collect$$libinit$$00000033)
    __rt_lib_init_signal_1                   0x0000048f   Thumb Code     0  libinit2.o(.ARM.Collect$$libinit$$0000001D)
    __rt_lib_init_stdio_1                    0x0000048f   Thumb Code     0  libinit2.o(.ARM.Collect$$libinit$$00000025)
    __rt_lib_init_user_alloc_1               0x0000048f   Thumb Code     0  libinit2.o(.ARM.Collect$$libinit$$0000000C)
    __rt_lib_shutdown                        0x00000491   Thumb Code     0  libshutdown.o(.ARM.Collect$$libshutdown$$00000000)
    __rt_lib_shutdown_cpp_1                  0x00000493   Thumb Code     0  libshutdown2.o(.ARM.Collect$$libshutdown$$00000004)
    __rt_lib_shutdown_fini_1                 0x00000493   Thumb Code     0  libshutdown2.o(.ARM.Collect$$libshutdown$$00000002)
    __rt_lib_shutdown_fp_trap_1              0x00000493   Thumb Code     0  libshutdown2.o(.ARM.Collect$$libshutdown$$00000009)
    __rt_lib_shutdown_heap_1                 0x00000493   Thumb Code     0  libshutdown2.o(.ARM.Collect$$libshutdown$$00000011)
    __rt_lib_shutdown_return                 0x00000493   Thumb Code     0  libshutdown2.o(.ARM.Collect$$libshutdown$$00000012)
    __rt_lib_shutdown_signal_1               0x00000493   Thumb Code     0  libshutdown2.o(.ARM.Collect$$libshutdown$$0000000C)
    __rt_lib_shutdown_stdio_1                0x00000493   Thumb Code     0  libshutdown2.o(.ARM.Collect$$libshutdown$$00000006)
    __rt_lib_shutdown_user_alloc_1           0x00000493   Thumb Code     0  libshutdown2.o(.ARM.Collect$$libshutdown$$0000000E)
    __rt_entry                               0x00000495   Thumb Code     0  __rtentry.o(.ARM.Collect$$rtentry$$00000000)
    __rt_entry_presh_1                       0x00000495   Thumb Code     0  __rtentry2.o(.ARM.Collect$$rtentry$$00000002)
    __rt_entry_sh                            0x00000495   Thumb Code     0  __rtentry7.o(.ARM.Collect$$rtentry$$00000007)
    __rt_entry_li                            0x00000499   Thumb Code     0  __rtentry2.o(.ARM.Collect$$rtentry$$0000000A)
    __rt_entry_postsh_1                      0x00000499   Thumb Code     0  __rtentry2.o(.ARM.Collect$$rtentry$$00000009)
    __rt_entry_main                          0x0000049d   Thumb Code     0  __rtentry2.o(.ARM.Collect$$rtentry$$0000000D)
    __rt_entry_postli_1                      0x0000049d   Thumb Code     0  __rtentry2.o(.ARM.Collect$$rtentry$$0000000C)
    __rt_exit                                0x000004a9   Thumb Code     0  rtexit.o(.ARM.Collect$$rtexit$$00000000)
    __rt_exit_ls                             0x000004ab   Thumb Code     0  rtexit2.o(.ARM.Collect$$rtexit$$00000003)
    __rt_exit_prels_1                        0x000004ab   Thumb Code     0  rtexit2.o(.ARM.Collect$$rtexit$$00000002)
    __rt_exit_exit                           0x000004af   Thumb Code     0  rtexit2.o(.ARM.Collect$$rtexit$$00000004)
    Reset_Handler                            0x000004b5   Thumb Code    24  startup_mkl46z4.o(.text)
    NMI_Handler                              0x000004cd   Thumb Code     2  startup_mkl46z4.o(.text)
    HardFault_Handler                        0x000004cf   Thumb Code     2  startup_mkl46z4.o(.text)
    SVC_Handler                              0x000004d1   Thumb Code     2  startup_mkl46z4.o(.text)
    PendSV_Handler                           0x000004d3   Thumb Code     2  startup_mkl46z4.o(.text)
    SysTick_Handler                          0x000004d5   Thumb Code     2  startup_mkl46z4.o(.text)
    DMA0_IRQHandler                          0x000004d7   Thumb Code     4  startup_mkl46z4.o(.text)
    DMA1_IRQHandler                          0x000004db   Thumb Code     4  startup_mkl46z4.o(.text)
    DMA2_IRQHandler                          0x000004df   Thumb Code     4  startup_mkl46z4.o(.text)
    DMA3_IRQHandler                          0x000004e3   Thumb Code     4  startup_mkl46z4.o(.text)
    I2C0_IRQHandler                          0x000004e7   Thumb Code     4  startup_mkl46z4.o(.text)
    I2C1_IRQHandler                          0x000004eb   Thumb Code     4  startup_mkl46z4.o(.text)
    SPI0_IRQHandler                          0x000004ef   Thumb Code     4  startup_mkl46z4.o(.text)
    SPI1_IRQHandler                          0x000004f3   Thumb Code     4  startup_mkl46z4.o(.text)
    UART0_IRQHandler                         0x000004f7   Thumb Code     4  startup_mkl46z4.o(.text)
    UART1_IRQHandler                         0x000004fb   Thumb Code     4  startup_mkl46z4.o(.text)
    UART2_IRQHandler                         0x000004ff   Thumb Code     4  startup_mkl46z4.o(.text)
    I2S0_IRQHandler                          0x00000503   Thumb Code     4  startup_mkl46z4.o(.text)
    ADC0_IRQHandler                          0x00000507   Thumb Code     0  startup_mkl46z4.o(.text)
    CMP0_IRQHandler                          0x00000507   Thumb Code     0  startup_mkl46z4.o(.text)
    DAC0_IRQHandler                          0x00000507   Thumb Code     0  startup_mkl46z4.o(.text)
    DMA0_DriverIRQHandler                    0x00000507   Thumb Code     0  startup_mkl46z4.o(.text)
    DMA1_DriverIRQHandler                    0x00000507   Thumb Code     0  startup_mkl46z4.o(.text)
    DMA2_DriverIRQHandler                    0x00000507   Thumb Code     0  startup_mkl46z4.o(.text)
    DMA3_DriverIRQHandler                    0x00000507   Thumb Code     0  startup_mkl46z4.o(.text)
    DefaultISR                               0x00000507   Thumb Code     0  startup_mkl46z4.o(.text)
    FTFA_IRQHandler                          0x00000507   Thumb Code     0  startup_mkl46z4.o(.text)
    I2S0_DriverIRQHandler                    0x00000507   Thumb Code     0  startup_mkl46z4.o(.text)
    LCD_IRQHandler                           0x00000507   Thumb Code     0  startup_mkl46z4.o(.text)
    LLWU_IRQHandler                          0x00000507   Thumb Code     0  startup_mkl46z4.o(.text)
    LPTMR0_IRQHandler                        0x00000507   Thumb Code     0  startup_mkl46z4.o(.text)
    LVD_LVW_IRQHandler                       0x00000507   Thumb Code     0  startup_mkl46z4.o(.text)
    MCG_IRQHandler                           0x00000507   Thumb Code     0  startup_mkl46z4.o(.text)
    PIT_IRQHandler                           0x00000507   Thumb Code     0  startup_mkl46z4.o(.text)
    PORTA_IRQHandler                         0x00000507   Thumb Code     0  startup_mkl46z4.o(.text)
    RTC_IRQHandler                           0x00000507   Thumb Code     0  startup_mkl46z4.o(.text)
    RTC_Seconds_IRQHandler                   0x00000507   Thumb Code     0  startup_mkl46z4.o(.text)
    Reserved20_IRQHandler                    0x00000507   Thumb Code     0  startup_mkl46z4.o(.text)
    SPI0_DriverIRQHandler                    0x00000507   Thumb Code     0  startup_mkl46z4.o(.text)
    SPI1_DriverIRQHandler                    0x00000507   Thumb Code     0  startup_mkl46z4.o(.text)
    TPM0_IRQHandler                          0x00000507   Thumb Code     0  startup_mkl46z4.o(.text)
    TPM1_IRQHandler                          0x00000507   Thumb Code     0  startup_mkl46z4.o(.text)
    TPM2_IRQHandler                          0x00000507   Thumb Code     0  startup_mkl46z4.o(.text)
    TSI0_IRQHandler                          0x00000507   Thumb Code     0  startup_mkl46z4.o(.text)
    USB0_IRQHandler                          0x00000507   Thumb Code     0  startup_mkl46z4.o(.text)
    _sys_exit                                0x00000551   Thumb Code     8  sys_exit.o(.text)
    __I$use$semihosting                      0x0000055d   Thumb Code     0  use_no_semi.o(.text)
    __use_no_semihosting_swi                 0x0000055d   Thumb Code     2  use_no_semi.o(.text)
    __semihosting_library_function           0x0000055f   Thumb Code     0  indicate_semi.o(.text)
    exit                                     0x0000055f   Thumb Code    16  exit.o(.text)
    I2C0_DriverIRQHandler                    0x00000571   Thumb Code    14  fsl_i2c.o(i.I2C0_DriverIRQHandler)
    I2C1_DriverIRQHandler                    0x00000589   Thumb Code    14  fsl_i2c.o(i.I2C1_DriverIRQHandler)
    Init_Green_Led                           0x000005e1   Thumb Code    52  led.o(i.Init_Green_Led)
    Init_Red_Led                             0x00000621   Thumb Code    52  led.o(i.Init_Red_Led)
    Init_SW1                                 0x00000661   Thumb Code    92  switch.o(i.Init_SW1)
    Init_SW2                                 0x000006c9   Thumb Code    94  switch.o(i.Init_SW2)
    PORTC_PORTD_IRQHandler                   0x00000735   Thumb Code    70  switch.o(i.PORTC_PORTD_IRQHandler)
    SystemInit                               0x00000785   Thumb Code    14  system_mkl46z4.o(i.SystemInit)
    SystemInitHook                           0x00000799   Thumb Code     2  system_mkl46z4.o(i.SystemInitHook)
    UART0_DriverIRQHandler                   0x0000079d   Thumb Code    16  fsl_lpsci.o(i.UART0_DriverIRQHandler)
    UART1_DriverIRQHandler                   0x000007b9   Thumb Code    16  fsl_uart.o(i.UART1_DriverIRQHandler)
    UART2_DriverIRQHandler                   0x000007d5   Thumb Code    16  fsl_uart.o(i.UART2_DriverIRQHandler)
    main                                     0x00000829   Thumb Code    20  main.o(i.main)
    Region$$Table$$Base                      0x0000083c   Number         0  anon$$obj.o(Region$$Table)
    Region$$Table$$Limit                     0x0000085c   Number         0  anon$$obj.o(Region$$Table)
    Image$$ARM_LIB_HEAP$$ZI$$Base            0x1fffe028   Number         0  anon$$obj.o ABSOLUTE
    Image$$ARM_LIB_HEAP$$ZI$$Limit           0x1fffe428   Number         0  anon$$obj.o ABSOLUTE
    Image$$ARM_LIB_STACK$$ZI$$Limit          0x20006000   Number         0  anon$$obj.o ABSOLUTE



==============================================================================

Memory Map of the image

  Image Entry point : 0x000004b5

  Load Region LR_m_text (Base: 0x00000000, Size: 0x00000878, Max: 0x00040000, ABSOLUTE)

    Execution Region VECTOR_ROM (Exec base: 0x00000000, Load base: 0x00000000, Size: 0x000000c0, Max: 0x00000200, ABSOLUTE)

    Exec Addr    Load Addr    Size         Type   Attr      Idx    E Section Name        Object

    0x00000000   0x00000000   0x000000c0   Data   RO         2266    RESET               startup_mkl46z4.o


    Execution Region ER_m_flash_config (Exec base: 0x00000400, Load base: 0x00000400, Size: 0x00000010, Max: 0x00000010, ABSOLUTE, FIXED)

    Exec Addr    Load Addr    Size         Type   Attr      Idx    E Section Name        Object

    0x00000400   0x00000400   0x00000010   Data   RO         2267    FlashConfig         startup_mkl46z4.o


    Execution Region ER_m_text (Exec base: 0x00000410, Load base: 0x00000410, Size: 0x0000044c, Max: 0x0003fbf0, ABSOLUTE)

    Exec Addr    Load Addr    Size         Type   Attr      Idx    E Section Name        Object

    0x00000410   0x00000410   0x00000008   Code   RO         2400  * !!!main             c_p.l(__main.o)
    0x00000418   0x00000418   0x0000003c   Code   RO         2636    !!!scatter          c_p.l(__scatter.o)
    0x00000454   0x00000454   0x0000001a   Code   RO         2638    !!handler_copy      c_p.l(__scatter_copy.o)
    0x0000046e   0x0000046e   0x00000002   PAD
    0x00000470   0x00000470   0x0000001c   Code   RO         2640    !!handler_zi        c_p.l(__scatter_zi.o)
    0x0000048c   0x0000048c   0x00000002   Code   RO         2572    .ARM.Collect$$libinit$$00000000  c_p.l(libinit.o)
    0x0000048e   0x0000048e   0x00000000   Code   RO         2441    .ARM.Collect$$libinit$$00000002  c_p.l(libinit2.o)
    0x0000048e   0x0000048e   0x00000000   Code   RO         2443    .ARM.Collect$$libinit$$00000004  c_p.l(libinit2.o)
    0x0000048e   0x0000048e   0x00000000   Code   RO         2446    .ARM.Collect$$libinit$$0000000A  c_p.l(libinit2.o)
    0x0000048e   0x0000048e   0x00000000   Code   RO         2448    .ARM.Collect$$libinit$$0000000C  c_p.l(libinit2.o)
    0x0000048e   0x0000048e   0x00000000   Code   RO         2450    .ARM.Collect$$libinit$$0000000E  c_p.l(libinit2.o)
    0x0000048e   0x0000048e   0x00000000   Code   RO         2453    .ARM.Collect$$libinit$$00000011  c_p.l(libinit2.o)
    0x0000048e   0x0000048e   0x00000000   Code   RO         2455    .ARM.Collect$$libinit$$00000013  c_p.l(libinit2.o)
    0x0000048e   0x0000048e   0x00000000   Code   RO         2457    .ARM.Collect$$libinit$$00000015  c_p.l(libinit2.o)
    0x0000048e   0x0000048e   0x00000000   Code   RO         2459    .ARM.Collect$$libinit$$00000017  c_p.l(libinit2.o)
    0x0000048e   0x0000048e   0x00000000   Code   RO         2461    .ARM.Collect$$libinit$$00000019  c_p.l(libinit2.o)
    0x0000048e   0x0000048e   0x00000000   Code   RO         2463    .ARM.Collect$$libinit$$0000001B  c_p.l(libinit2.o)
    0x0000048e   0x0000048e   0x00000000   Code   RO         2465    .ARM.Collect$$libinit$$0000001D  c_p.l(libinit2.o)
    0x0000048e   0x0000048e   0x00000000   Code   RO         2467    .ARM.Collect$$libinit$$0000001F  c_p.l(libinit2.o)
    0x0000048e   0x0000048e   0x00000000   Code   RO         2469    .ARM.Collect$$libinit$$00000021  c_p.l(libinit2.o)
    0x0000048e   0x0000048e   0x00000000   Code   RO         2471    .ARM.Collect$$libinit$$00000023  c_p.l(libinit2.o)
    0x0000048e   0x0000048e   0x00000000   Code   RO         2473    .ARM.Collect$$libinit$$00000025  c_p.l(libinit2.o)
    0x0000048e   0x0000048e   0x00000000   Code   RO         2477    .ARM.Collect$$libinit$$0000002C  c_p.l(libinit2.o)
    0x0000048e   0x0000048e   0x00000000   Code   RO         2479    .ARM.Collect$$libinit$$0000002E  c_p.l(libinit2.o)
    0x0000048e   0x0000048e   0x00000000   Code   RO         2481    .ARM.Collect$$libinit$$00000030  c_p.l(libinit2.o)
    0x0000048e   0x0000048e   0x00000000   Code   RO         2483    .ARM.Collect$$libinit$$00000032  c_p.l(libinit2.o)
    0x0000048e   0x0000048e   0x00000002   Code   RO         2484    .ARM.Collect$$libinit$$00000033  c_p.l(libinit2.o)
    0x00000490   0x00000490   0x00000002   Code   RO         2633    .ARM.Collect$$libshutdown$$00000000  c_p.l(libshutdown.o)
    0x00000492   0x00000492   0x00000000   Code   RO         2593    .ARM.Collect$$libshutdown$$00000002  c_p.l(libshutdown2.o)
    0x00000492   0x00000492   0x00000000   Code   RO         2595    .ARM.Collect$$libshutdown$$00000004  c_p.l(libshutdown2.o)
    0x00000492   0x00000492   0x00000000   Code   RO         2597    .ARM.Collect$$libshutdown$$00000006  c_p.l(libshutdown2.o)
    0x00000492   0x00000492   0x00000000   Code   RO         2600    .ARM.Collect$$libshutdown$$00000009  c_p.l(libshutdown2.o)
    0x00000492   0x00000492   0x00000000   Code   RO         2603    .ARM.Collect$$libshutdown$$0000000C  c_p.l(libshutdown2.o)
    0x00000492   0x00000492   0x00000000   Code   RO         2605    .ARM.Collect$$libshutdown$$0000000E  c_p.l(libshutdown2.o)
    0x00000492   0x00000492   0x00000000   Code   RO         2608    .ARM.Collect$$libshutdown$$00000011  c_p.l(libshutdown2.o)
    0x00000492   0x00000492   0x00000002   Code   RO         2609    .ARM.Collect$$libshutdown$$00000012  c_p.l(libshutdown2.o)
    0x00000494   0x00000494   0x00000000   Code   RO         2404    .ARM.Collect$$rtentry$$00000000  c_p.l(__rtentry.o)
    0x00000494   0x00000494   0x00000000   Code   RO         2495    .ARM.Collect$$rtentry$$00000002  c_p.l(__rtentry2.o)
    0x00000494   0x00000494   0x00000004   Code   RO         2509    .ARM.Collect$$rtentry$$00000007  c_p.l(__rtentry7.o)
    0x00000498   0x00000498   0x00000000   Code   RO         2497    .ARM.Collect$$rtentry$$00000009  c_p.l(__rtentry2.o)
    0x00000498   0x00000498   0x00000004   Code   RO         2498    .ARM.Collect$$rtentry$$0000000A  c_p.l(__rtentry2.o)
    0x0000049c   0x0000049c   0x00000000   Code   RO         2500    .ARM.Collect$$rtentry$$0000000C  c_p.l(__rtentry2.o)
    0x0000049c   0x0000049c   0x00000008   Code   RO         2501    .ARM.Collect$$rtentry$$0000000D  c_p.l(__rtentry2.o)
    0x000004a4   0x000004a4   0x00000004   Code   RO         2510    .ARM.Collect$$rtentry$$00002718  c_p.l(__rtentry7.o)
    0x000004a8   0x000004a8   0x00000002   Code   RO         2576    .ARM.Collect$$rtexit$$00000000  c_p.l(rtexit.o)
    0x000004aa   0x000004aa   0x00000000   Code   RO         2611    .ARM.Collect$$rtexit$$00000002  c_p.l(rtexit2.o)
    0x000004aa   0x000004aa   0x00000004   Code   RO         2612    .ARM.Collect$$rtexit$$00000003  c_p.l(rtexit2.o)
    0x000004ae   0x000004ae   0x00000006   Code   RO         2613    .ARM.Collect$$rtexit$$00000004  c_p.l(rtexit2.o)
    0x000004b4   0x000004b4   0x0000009c   Code   RO         2268  * .text               startup_mkl46z4.o
    0x00000550   0x00000550   0x0000000c   Code   RO         2489    .text               c_p.l(sys_exit.o)
    0x0000055c   0x0000055c   0x00000002   Code   RO         2541    .text               c_p.l(use_no_semi.o)
    0x0000055e   0x0000055e   0x00000000   Code   RO         2543    .text               c_p.l(indicate_semi.o)
    0x0000055e   0x0000055e   0x00000010   Code   RO         2551    .text               c_p.l(exit.o)
    0x0000056e   0x0000056e   0x00000002   PAD
    0x00000570   0x00000570   0x00000018   Code   RO         1162    i.I2C0_DriverIRQHandler  fsl_i2c.o
    0x00000588   0x00000588   0x00000018   Code   RO         1163    i.I2C1_DriverIRQHandler  fsl_i2c.o
    0x000005a0   0x000005a0   0x00000040   Code   RO         1199    i.I2C_TransferCommonIRQHandler  fsl_i2c.o
    0x000005e0   0x000005e0   0x00000040   Code   RO           92    i.Init_Green_Led    led.o
    0x00000620   0x00000620   0x00000040   Code   RO           93    i.Init_Red_Led      led.o
    0x00000660   0x00000660   0x00000068   Code   RO          140    i.Init_SW1          switch.o
    0x000006c8   0x000006c8   0x0000006c   Code   RO          141    i.Init_SW2          switch.o
    0x00000734   0x00000734   0x00000050   Code   RO          142    i.PORTC_PORTD_IRQHandler  switch.o
    0x00000784   0x00000784   0x00000014   Code   RO         2275    i.SystemInit        system_mkl46z4.o
    0x00000798   0x00000798   0x00000002   Code   RO         2276    i.SystemInitHook    system_mkl46z4.o
    0x0000079a   0x0000079a   0x00000002   PAD
    0x0000079c   0x0000079c   0x0000001c   Code   RO         1453    i.UART0_DriverIRQHandler  fsl_lpsci.o
    0x000007b8   0x000007b8   0x0000001c   Code   RO         1803    i.UART1_DriverIRQHandler  fsl_uart.o
    0x000007d4   0x000007d4   0x0000001c   Code   RO         1805    i.UART2_DriverIRQHandler  fsl_uart.o
    0x000007f0   0x000007f0   0x00000018   Code   RO          143    i.__NVIC_ClearPendingIRQ  switch.o
    0x00000808   0x00000808   0x00000020   Code   RO          144    i.__NVIC_EnableIRQ  switch.o
    0x00000828   0x00000828   0x00000014   Code   RO            5    i.main              main.o
    0x0000083c   0x0000083c   0x00000020   Data   RO         2634    Region$$Table       anon$$obj.o


    Execution Region RW_m_data (Exec base: 0x1fffe000, Load base: 0x0000085c, Size: 0x00000028, Max: 0x00007800, ABSOLUTE)

    Exec Addr    Load Addr    Size         Type   Attr      Idx    E Section Name        Object

    0x1fffe000   0x0000085c   0x00000010   Data   RW         1201    .data               fsl_i2c.o
    0x1fffe010   0x0000086c   0x00000008   Data   RW         1455    .data               fsl_lpsci.o
    0x1fffe018   0x00000874   0x00000004   Data   RW         1836    .data               fsl_uart.o
    0x1fffe01c        -       0x0000000c   Zero   RW         1834    .bss                fsl_uart.o


    Execution Region ARM_LIB_HEAP (Exec base: 0x1fffe028, Load base: 0x00000878, Size: 0x00000400, Max: 0x00000400, ABSOLUTE)

    Exec Addr    Load Addr    Size         Type   Attr      Idx    E Section Name        Object

    0x1fffe028        -       0x00000400   Zero   RW            1    ARM_LIB_HEAP.bss    anon$$obj.o


    Execution Region ARM_LIB_STACK (Exec base: 0x20005c00, Load base: 0x00000878, Size: 0x00000400, Max: 0x00000400, ABSOLUTE)

    Exec Addr    Load Addr    Size         Type   Attr      Idx    E Section Name        Object

    0x20005c00        -       0x00000400   Zero   RW            2    ARM_LIB_STACK.bss   anon$$obj.o


==============================================================================

Image component sizes


      Code (inc. data)   RO Data    RW Data    ZI Data      Debug   Object Name

       112         30          0         16          0      15688   fsl_i2c.o
        28         12          0          8          0       8441   fsl_lpsci.o
        56         24          0          4         12       4870   fsl_uart.o
       128         24          0          0          0        716   led.o
        20          0          0          0          0     280227   main.o
       156         70        208          0          0       1156   startup_mkl46z4.o
       348         48          0          0          0       9931   switch.o
        22          6          0          0          0        862   system_mkl46z4.o

    ----------------------------------------------------------------------
       872        214        240         28       2060     321891   Object Totals
         0          0         32          0       2048          0   (incl. Generated)
         2          0          0          0          0          0   (incl. Padding)

    ----------------------------------------------------------------------

      Code (inc. data)   RO Data    RW Data    ZI Data      Debug   Library Member Name

         8          0          0          0          0         68   __main.o
         0          0          0          0          0          0   __rtentry.o
        12          0          0          0          0          0   __rtentry2.o
         8          4          0          0          0          0   __rtentry7.o
        60          8          0          0          0          0   __scatter.o
        26          0          0          0          0          0   __scatter_copy.o
        28          0          0          0          0          0   __scatter_zi.o
        16          0          0          0          0         68   exit.o
         0          0          0          0          0          0   indicate_semi.o
         2          0          0          0          0          0   libinit.o
         2          0          0          0          0          0   libinit2.o
         2          0          0          0          0          0   libshutdown.o
         2          0          0          0          0          0   libshutdown2.o
         2          0          0          0          0          0   rtexit.o
        10          0          0          0          0          0   rtexit2.o
        12          4          0          0          0         60   sys_exit.o
         2          0          0          0          0         68   use_no_semi.o

    ----------------------------------------------------------------------
       196         16          0          0          0        264   Library Totals
         4          0          0          0          0          0   (incl. Padding)

    ----------------------------------------------------------------------

      Code (inc. data)   RO Data    RW Data    ZI Data      Debug   Library Name

       192         16          0          0          0        264   c_p.l

    ----------------------------------------------------------------------
       196         16          0          0          0        264   Library Totals

    ----------------------------------------------------------------------

==============================================================================


      Code (inc. data)   RO Data    RW Data    ZI Data      Debug   

      1068        230        240         28       2060     321551   Grand Totals
      1068        230        240         28       2060     321551   ELF Image Totals
      1068        230        240         28          0          0   ROM Totals

==============================================================================

    Total RO  Size (Code + RO Data)                 1308 (   1.28kB)
    Total RW  Size (RW Data + ZI Data)              2088 (   2.04kB)
    Total ROM Size (Code + RO Data + RW Data)       1336 (   1.30kB)

==============================================================================

