Component: ARM Compiler 5.06 update 7 (build 960) Tool: armlink [4d3601]

==============================================================================

Section Cross References

    main.o(i.I2C_ReadMagRegs) refers to rt_memclr.o(.text) for __aeabi_memclr4
    main.o(i.I2C_ReadMagRegs) refers to fsl_i2c.o(i.I2C_MasterTransferNonBlocking) for I2C_MasterTransferNonBlocking
    main.o(i.I2C_ReadMagRegs) refers to main.o(.bss) for g_m_handle
    main.o(i.I2C_ReadMagRegs) refers to main.o(.data) for nakFlag
    main.o(i.I2C_ReadMagWhoAmI) refers to fsl_i2c.o(i.I2C_MasterGetDefaultConfig) for I2C_MasterGetDefaultConfig
    main.o(i.I2C_ReadMagWhoAmI) refers to fsl_clock.o(i.CLOCK_GetFreq) for CLOCK_GetFreq
    main.o(i.I2C_ReadMagWhoAmI) refers to fsl_i2c.o(i.I2C_MasterInit) for I2C_MasterInit
    main.o(i.I2C_ReadMagWhoAmI) refers to rt_memclr.o(.text) for __aeabi_memclr4
    main.o(i.I2C_ReadMagWhoAmI) refers to fsl_i2c.o(i.I2C_MasterTransferNonBlocking) for I2C_MasterTransferNonBlocking
    main.o(i.I2C_ReadMagWhoAmI) refers to fsl_debug_console.o(i.DbgConsole_Printf) for DbgConsole_Printf
    main.o(i.I2C_ReadMagWhoAmI) refers to main.o(.bss) for g_m_handle
    main.o(i.I2C_ReadMagWhoAmI) refers to main.o(.data) for nakFlag
    main.o(i.I2C_WriteMagReg) refers to rt_memclr.o(.text) for __aeabi_memclr4
    main.o(i.I2C_WriteMagReg) refers to fsl_i2c.o(i.I2C_MasterTransferNonBlocking) for I2C_MasterTransferNonBlocking
    main.o(i.I2C_WriteMagReg) refers to fsl_debug_console.o(i.DbgConsole_Printf) for DbgConsole_Printf
    main.o(i.I2C_WriteMagReg) refers to main.o(.bss) for g_m_handle
    main.o(i.I2C_WriteMagReg) refers to main.o(.data) for nakFlag
    main.o(i.LCD_Init) refers to fsl_i2c.o(i.I2C_MasterGetDefaultConfig) for I2C_MasterGetDefaultConfig
    main.o(i.LCD_Init) refers to fsl_clock.o(i.CLOCK_GetFreq) for CLOCK_GetFreq
    main.o(i.LCD_Init) refers to fsl_i2c.o(i.I2C_MasterInit) for I2C_MasterInit
    main.o(i.LCD_Init) refers to main.o(i.delay) for delay
    main.o(i.LCD_Init) refers to main.o(i.LCD_send_cmd) for LCD_send_cmd
    main.o(i.LCD_WriteBytes) refers to rt_memclr.o(.text) for __aeabi_memclr4
    main.o(i.LCD_WriteBytes) refers to fsl_i2c.o(i.I2C_MasterTransferBlocking) for I2C_MasterTransferBlocking
    main.o(i.LCD_clear) refers to main.o(i.LCD_location) for LCD_location
    main.o(i.LCD_clear) refers to main.o(i.LCD_send_value) for LCD_send_value
    main.o(i.LCD_location) refers to main.o(i.LCD_send_cmd) for LCD_send_cmd
    main.o(i.LCD_send_cmd) refers to main.o(i.LCD_WriteBytes) for LCD_WriteBytes
    main.o(i.LCD_send_string) refers to main.o(i.LCD_send_value) for LCD_send_value
    main.o(i.LCD_send_value) refers to main.o(i.LCD_WriteBytes) for LCD_WriteBytes
    main.o(i.PORTC_PORTD_IRQHandler) refers to main.o(i.LCD_clear) for LCD_clear
    main.o(i.PORTC_PORTD_IRQHandler) refers to main.o(i.delay_ms1) for delay_ms1
    main.o(i.PORTC_PORTD_IRQHandler) refers to main.o(i.LCD_send_string) for LCD_send_string
    main.o(i.PORTC_PORTD_IRQHandler) refers to main.o(.data) for chedo
    main.o(i.SysTick_Handler) refers to main.o(.data) for Ticks10
    main.o(i.blink_led_green) refers to main.o(.data) for ledTicks
    main.o(i.blink_led_red) refers to main.o(.data) for ledTicks
    main.o(i.caculate) refers to main.o(.data) for xmax
    main.o(i.delay) refers to main.o(.data) for msTicks
    main.o(i.i2c_master_callback) refers to main.o(.data) for completionFlag
    main.o(i.main) refers to _printf_percent.o(.ARM.Collect$$_printf_percent$$00000000) for _printf_percent
    main.o(i.main) refers to _printf_f.o(.ARM.Collect$$_printf_percent$$00000003) for _printf_f
    main.o(i.main) refers to printf1.o(x$fpl$printf1) for _printf_fp_dec
    main.o(i.main) refers to pin_mux.o(i.BOARD_InitPins) for BOARD_InitPins
    main.o(i.main) refers to board.o(i.BOARD_InitDebugConsole) for BOARD_InitDebugConsole
    main.o(i.main) refers to aeabi_sdiv.o(.text) for __aeabi_uidivmod
    main.o(i.main) refers to main.o(i.__NVIC_SetPriority) for __NVIC_SetPriority
    main.o(i.main) refers to i2c.o(i.I2C0_Init) for I2C0_Init
    main.o(i.main) refers to i2c.o(i.I2C1_Init) for I2C1_Init
    main.o(i.main) refers to switch.o(i.Init_SW1) for Init_SW1
    main.o(i.main) refers to switch.o(i.Init_SW2) for Init_SW2
    main.o(i.main) refers to main.o(i.LCD_Init) for LCD_Init
    main.o(i.main) refers to main.o(i.LCD_clear) for LCD_clear
    main.o(i.main) refers to main.o(i.LCD_location) for LCD_location
    main.o(i.main) refers to main.o(i.LCD_send_string) for LCD_send_string
    main.o(i.main) refers to led.o(i.Init_Red_Led) for Init_Red_Led
    main.o(i.main) refers to led.o(i.Init_Green_Led) for Init_Green_Led
    main.o(i.main) refers to fsl_i2c.o(i.I2C_MasterTransferCreateHandle) for I2C_MasterTransferCreateHandle
    main.o(i.main) refers to main.o(i.I2C_ReadMagWhoAmI) for I2C_ReadMagWhoAmI
    main.o(i.main) refers to main.o(i.I2C_WriteMagReg) for I2C_WriteMagReg
[...]
    i.CLOCK_GetPll0Freq                      0x00002a58   Section        0  fsl_clock.o(i.CLOCK_GetPll0Freq)
    i.CLOCK_GetPll0RefFreq                   0x00002af0   Section        0  fsl_clock.o(i.CLOCK_GetPll0RefFreq)
    CLOCK_GetPll0RefFreq                     0x00002af1   Thumb Code     8  fsl_clock.o(i.CLOCK_GetPll0RefFreq)
    i.CLOCK_GetPllFllSelClkFreq              0x00002af8   Section        0  fsl_clock.o(i.CLOCK_GetPllFllSelClkFreq)
    i.ConvertRadixNumToString                0x00002b30   Section        0  fsl_str.o(i.ConvertRadixNumToString)
    ConvertRadixNumToString                  0x00002b31   Thumb Code   196  fsl_str.o(i.ConvertRadixNumToString)
    i.DbgConsole_Init                        0x00002bf4   Section        0  fsl_debug_console.o(i.DbgConsole_Init)
    i.DbgConsole_Printf                      0x00002c4c   Section        0  fsl_debug_console.o(i.DbgConsole_Printf)
    i.DbgConsole_RelocateLog                 0x00002c90   Section        0  fsl_debug_console.o(i.DbgConsole_RelocateLog)
    DbgConsole_RelocateLog                   0x00002c91   Thumb Code    58  fsl_debug_console.o(i.DbgConsole_RelocateLog)
    i.EnableIRQ                              0x00002ccc   Section        0  fsl_i2c.o(i.EnableIRQ)
    EnableIRQ                                0x00002ccd   Thumb Code    46  fsl_i2c.o(i.EnableIRQ)
    i.I2C0_DriverIRQHandler                  0x00002d00   Section        0  fsl_i2c.o(i.I2C0_DriverIRQHandler)
    i.I2C0_Init                              0x00002d18   Section        0  i2c.o(i.I2C0_Init)
    i.I2C1_DriverIRQHandler                  0x00002e80   Section        0  fsl_i2c.o(i.I2C1_DriverIRQHandler)
    i.I2C1_Init                              0x00002e98   Section        0  i2c.o(i.I2C1_Init)
    i.I2C_CheckAndClearError                 0x00002fec   Section        0  fsl_i2c.o(i.I2C_CheckAndClearError)
    I2C_CheckAndClearError                   0x00002fed   Thumb Code    34  fsl_i2c.o(i.I2C_CheckAndClearError)
    i.I2C_DisableInterrupts                  0x00003014   Section        0  fsl_i2c.o(i.I2C_DisableInterrupts)
    i.I2C_EnableInterrupts                   0x00003036   Section        0  fsl_i2c.o(i.I2C_EnableInterrupts)
    i.I2C_GetInstance                        0x00003064   Section        0  fsl_i2c.o(i.I2C_GetInstance)
    i.I2C_InitTransferStateMachine           0x000030f4   Section        0  fsl_i2c.o(i.I2C_InitTransferStateMachine)
    I2C_InitTransferStateMachine             0x000030f5   Thumb Code   158  fsl_i2c.o(i.I2C_InitTransferStateMachine)
    i.I2C_MasterClearStatusFlags             0x00003198   Section        0  fsl_i2c.o(i.I2C_MasterClearStatusFlags)
    I2C_MasterClearStatusFlags               0x00003199   Thumb Code    44  fsl_i2c.o(i.I2C_MasterClearStatusFlags)
    i.I2C_MasterGetDefaultConfig             0x000031c4   Section        0  fsl_i2c.o(i.I2C_MasterGetDefaultConfig)
    i.I2C_MasterGetStatusFlags               0x00003238   Section        0  fsl_i2c.o(i.I2C_MasterGetStatusFlags)
    i.I2C_MasterInit                         0x0000325c   Section        0  fsl_i2c.o(i.I2C_MasterInit)
    i.I2C_MasterReadBlocking                 0x00003344   Section        0  fsl_i2c.o(i.I2C_MasterReadBlocking)
    i.I2C_MasterRepeatedStart                0x000033d8   Section        0  fsl_i2c.o(i.I2C_MasterRepeatedStart)
    i.I2C_MasterSetBaudRate                  0x00003444   Section        0  fsl_i2c.o(i.I2C_MasterSetBaudRate)
    i.I2C_MasterStart                        0x000034d0   Section        0  fsl_i2c.o(i.I2C_MasterStart)
    i.I2C_MasterStop                         0x00003514   Section        0  fsl_i2c.o(i.I2C_MasterStop)
    i.I2C_MasterTransferBlocking             0x00003530   Section        0  fsl_i2c.o(i.I2C_MasterTransferBlocking)
    i.I2C_MasterTransferCreateHandle         0x000036fc   Section        0  fsl_i2c.o(i.I2C_MasterTransferCreateHandle)
    i.I2C_MasterTransferHandleIRQ            0x00003798   Section        0  fsl_i2c.o(i.I2C_MasterTransferHandleIRQ)
    i.I2C_MasterTransferNonBlocking          0x0000386c   Section        0  fsl_i2c.o(i.I2C_MasterTransferNonBlocking)
    i.I2C_MasterTransferRunStateMachine      0x0000390c   Section        0  fsl_i2c.o(i.I2C_MasterTransferRunStateMachine)
    I2C_MasterTransferRunStateMachine        0x0000390d   Thumb Code   390  fsl_i2c.o(i.I2C_MasterTransferRunStateMachine)
    i.I2C_MasterWriteBlocking                0x00003a98   Section        0  fsl_i2c.o(i.I2C_MasterWriteBlocking)
    i.I2C_ReadMagRegs                        0x00003b40   Section        0  main.o(i.I2C_ReadMagRegs)
    I2C_ReadMagRegs                          0x00003b41   Thumb Code    98  main.o(i.I2C_ReadMagRegs)
    i.I2C_ReadMagWhoAmI                      0x00003bb4   Section        0  main.o(i.I2C_ReadMagWhoAmI)
    I2C_ReadMagWhoAmI                        0x00003bb5   Thumb Code   290  main.o(i.I2C_ReadMagWhoAmI)
    i.I2C_Release_Bus_Delay                  0x00003dcc   Section        0  i2c.o(i.I2C_Release_Bus_Delay)
    I2C_Release_Bus_Delay                    0x00003dcd   Thumb Code    16  i2c.o(i.I2C_Release_Bus_Delay)
    i.I2C_TransferCommonIRQHandler           0x00003ddc   Section        0  fsl_i2c.o(i.I2C_TransferCommonIRQHandler)
    I2C_TransferCommonIRQHandler             0x00003ddd   Thumb Code    54  fsl_i2c.o(i.I2C_TransferCommonIRQHandler)
    i.I2C_WriteMagReg                        0x00003e1c   Section        0  main.o(i.I2C_WriteMagReg)
    I2C_WriteMagReg                          0x00003e1d   Thumb Code   108  main.o(i.I2C_WriteMagReg)
    i.IO_Init                                0x00003ea0   Section        0  fsl_io.o(i.IO_Init)
    i.IO_Transfer                            0x00003fd0   Section        0  fsl_io.o(i.IO_Transfer)
    i.Init_Green_Led                         0x00004040   Section        0  led.o(i.Init_Green_Led)
    i.Init_Red_Led                           0x00004080   Section        0  led.o(i.Init_Red_Led)
    i.Init_SW1                               0x000040c0   Section        0  switch.o(i.Init_SW1)
    i.Init_SW2                               0x00004130   Section        0  switch.o(i.Init_SW2)
    i.LCD_Init                               0x000041a4   Section        0  main.o(i.LCD_Init)
    i.LCD_WriteBytes                         0x00004240   Section        0  main.o(i.LCD_WriteBytes)
    i.LCD_clear                              0x0000427c   Section        0  main.o(i.LCD_clear)
    i.LCD_location                           0x000042ba   Section        0  main.o(i.LCD_location)
    i.LCD_send_cmd                           0x000042e6   Section        0  main.o(i.LCD_send_cmd)
    i.LCD_send_string                        0x00004328   Section        0  main.o(i.LCD_send_string)
    i.LCD_send_value                         0x0000433e   Section        0  main.o(i.LCD_send_value)
    i.LOG_Init                               0x00004380   Section        0  fsl_log.o(i.LOG_Init)
    i.LOG_Pop                                0x0000439e   Section        0  fsl_log.o(i.LOG_Pop)
    i.LOG_Push                               0x000043c8   Section        0  fsl_log.o(i.LOG_Push)
    i.LPSCI_ClearStatusFlags                 0x00004438   Section        0  fsl_lpsci.o(i.LPSCI_ClearStatusFlags)
    i.LPSCI_GetDefaultConfig                 0x00004498   Section        0  fsl_lpsci.o(i.LPSCI_GetDefaultConfig)
    i.LPSCI_GetInstance                      0x00004508   Section        0  fsl_lpsci.o(i.LPSCI_GetInstance)
    i.LPSCI_GetStatusFlags                   0x0000459c   Section        0  fsl_lpsci.o(i.LPSCI_GetStatusFlags)
    i.LPSCI_Init                             0x000045ac   Section        0  fsl_lpsci.o(i.LPSCI_Init)
    i.LPSCI_ReadBlocking                     0x00004794   Section        0  fsl_lpsci.o(i.LPSCI_ReadBlocking)
    i.LPSCI_WriteBlocking                    0x00004874   Section        0  fsl_lpsci.o(i.LPSCI_WriteBlocking)
    i.PORTC_PORTD_IRQHandler                 0x000048f4   Section        0  main.o(i.PORTC_PORTD_IRQHandler)
    i.PORT_SetPinMux                         0x00004a14   Section        0  pin_mux.o(i.PORT_SetPinMux)
    PORT_SetPinMux                           0x00004a15   Thumb Code    28  pin_mux.o(i.PORT_SetPinMux)
    i.StrFormatPrintf                        0x00004a30   Section        0  fsl_str.o(i.StrFormatPrintf)
    i.SysTick_Handler                        0x00004c64   Section        0  main.o(i.SysTick_Handler)
    i.SystemInit                             0x00004ccc   Section        0  system_mkl46z4.o(i.SystemInit)
    i.SystemInitHook                         0x00004ce0   Section        0  system_mkl46z4.o(i.SystemInitHook)
    i.UART0_DriverIRQHandler                 0x00004ce4   Section        0  fsl_lpsci.o(i.UART0_DriverIRQHandler)
    i.UART1_DriverIRQHandler                 0x00004d00   Section        0  fsl_uart.o(i.UART1_DriverIRQHandler)
    i.UART2_DriverIRQHandler                 0x00004d1c   Section        0  fsl_uart.o(i.UART2_DriverIRQHandler)
    i.UART_GetDefaultConfig                  0x00004d38   Section        0  fsl_uart.o(i.UART_GetDefaultConfig)
    i.UART_GetInstance                       0x00004da4   Section        0  fsl_uart.o(i.UART_GetInstance)
    i.UART_GetStatusFlags                    0x00004e30   Section        0  fsl_uart.o(i.UART_GetStatusFlags)
    i.UART_Init                              0x00004e40   Section        0  fsl_uart.o(i.UART_Init)
    i.UART_ReadBlocking                      0x00004fc0   Section        0  fsl_uart.o(i.UART_ReadBlocking)
    i.UART_WriteBlocking                     0x00005080   Section        0  fsl_uart.o(i.UART_WriteBlocking)
    i.__ARM_common_ll_muluu                  0x000050a0   Section        0  btod.o(i.__ARM_common_ll_muluu)
    i.__ARM_common_switch8                   0x000050d0   Section        0  fsl_clock.o(i.__ARM_common_switch8)
    i.__ARM_fpclassify                       0x000050ec   Section        0  fpclassify.o(i.__ARM_fpclassify)
    i.__NVIC_ClearPendingIRQ                 0x00005118   Section        0  switch.o(i.__NVIC_ClearPendingIRQ)
    __NVIC_ClearPendingIRQ                   0x00005119   Thumb Code    18  switch.o(i.__NVIC_ClearPendingIRQ)
    i.__NVIC_EnableIRQ                       0x00005130   Section        0  switch.o(i.__NVIC_EnableIRQ)
    __NVIC_EnableIRQ                         0x00005131   Thumb Code    26  switch.o(i.__NVIC_EnableIRQ)
    i.__NVIC_SetPriority                     0x00005150   Section        0  main.o(i.__NVIC_SetPriority)
    __NVIC_SetPriority                       0x00005151   Thumb Code   110  main.o(i.__NVIC_SetPriority)
    i.__NVIC_SetPriority                     0x000051c8   Section        0  switch.o(i.__NVIC_SetPriority)
    __NVIC_SetPriority                       0x000051c9   Thumb Code   110  switch.o(i.__NVIC_SetPriority)
    i.__aeabi_assert                         0x00005240   Section        0  fsl_assert.o(i.__aeabi_assert)
    i.__kernel_poly                          0x00005284   Section        0  poly.o(i.__kernel_poly)
    i.__mathlib_dbl_divzero                  0x00005330   Section        0  dunder.o(i.__mathlib_dbl_divzero)
    i.__mathlib_dbl_infnan2                  0x00005344   Section        0  dunder.o(i.__mathlib_dbl_infnan2)
    i.__mathlib_dbl_invalid                  0x0000534c   Section        0  dunder.o(i.__mathlib_dbl_invalid)
    i.__mathlib_dbl_overflow                 0x0000535c   Section        0  dunder.o(i.__mathlib_dbl_overflow)
    i.__mathlib_dbl_underflow                0x00005370   Section        0  dunder.o(i.__mathlib_dbl_underflow)
    i.__mathlib_flt_infnan                   0x00005384   Section        0  funder.o(i.__mathlib_flt_infnan)
    i.__mathlib_flt_invalid                  0x0000538e   Section        0  funder.o(i.__mathlib_flt_invalid)
    i._is_digit                              0x0000539a   Section        0  __printf_wp.o(i._is_digit)
    i.acosf                                  0x000053a8   Section        0  acosf.o(i.acosf)
    i.blink_led_green                        0x000054b4   Section        0  main.o(i.blink_led_green)
    i.blink_led_red                          0x000054dc   Section        0  main.o(i.blink_led_red)
    i.caculate                               0x00005508   Section        0  main.o(i.caculate)
    caculate                                 0x00005509   Thumb Code    50  main.o(i.caculate)
    i.delay                                  0x0000554c   Section        0  main.o(i.delay)
    i.delay_ms1                              0x0000556c   Section        0  main.o(i.delay_ms1)
    i.i2c_master_callback                    0x0000558c   Section        0  main.o(i.i2c_master_callback)
    i2c_master_callback                      0x0000558d   Thumb Code    32  main.o(i.i2c_master_callback)
    i.main                                   0x000055b8   Section        0  main.o(i.main)
    i.pow                                    0x00005b74   Section        0  pow.o(i.pow)
    i.sqrt                                   0x00006570   Section        0  sqrt.o(i.sqrt)
    i.sqrtf                                  0x000065b8   Section        0  sqrtf.o(i.sqrtf)
    locale$$code                             0x000065e4   Section       44  lc_numeric_c.o(locale$$code)
    x$fpl$dleqf                              0x00006610   Section      100  dlef.o(x$fpl$dleqf)
    x$fpl$drleqf                             0x00006674   Section      104  drlef.o(x$fpl$drleqf)
    x$fpl$fadd                               0x000066dc   Section      140  faddsub.o(x$fpl$fadd)
    _fadd1                                   0x000066e9   Thumb Code     0  faddsub.o(x$fpl$fadd)
    x$fpl$feqf                               0x00006768   Section       84  feqf.o(x$fpl$feqf)
    x$fpl$fleqf                              0x000067bc   Section       84  flef.o(x$fpl$fleqf)
    x$fpl$fmul                               0x00006810   Section      176  fmul.o(x$fpl$fmul)
    x$fpl$frleqf                             0x000068c0   Section       88  frlef.o(x$fpl$frleqf)
    x$fpl$frsb                               0x00006918   Section       24  faddsub.o(x$fpl$frsb)
    x$fpl$fsub                               0x00006930   Section      208  faddsub.o(x$fpl$fsub)
    _fsub1                                   0x0000693d   Thumb Code     0  faddsub.o(x$fpl$fsub)
    x$fpl$printf1                            0x00006a00   Section       16  printf1.o(x$fpl$printf1)
    .constdata                               0x00006a10   Section       96  fsl_clock.o(.constdata)
    x$fpl$usenofp                            0x00006a10   Section        0  usenofp.o(x$fpl$usenofp)
    mcgModeMatrix                            0x00006a10   Data          64  fsl_clock.o(.constdata)
    fllFactorTable                           0x00006a50   Data          16  fsl_clock.o(.constdata)
    trimRange                                0x00006a60   Data          16  fsl_clock.o(.constdata)
    .constdata                               0x00006a70   Section      148  fsl_i2c.o(.constdata)
    s_i2cDividerTable                        0x00006a78   Data         128  fsl_i2c.o(.constdata)
    s_i2cIrqs                                0x00006af8   Data           2  fsl_i2c.o(.constdata)
    s_i2cClocks                              0x00006afc   Data           8  fsl_i2c.o(.constdata)
    .constdata                               0x00006b04   Section       12  fsl_lpsci.o(.constdata)
    s_lpsciBases                             0x00006b04   Data           4  fsl_lpsci.o(.constdata)
    s_lpsciIRQ                               0x00006b08   Data           1  fsl_lpsci.o(.constdata)
    s_lpsciClock                             0x00006b0c   Data           4  fsl_lpsci.o(.constdata)
    .constdata                               0x00006b10   Section       28  fsl_uart.o(.constdata)
    s_uartBases                              0x00006b10   Data          12  fsl_uart.o(.constdata)
    s_uartIRQ                                0x00006b1c   Data           3  fsl_uart.o(.constdata)
    s_uartClock                              0x00006b20   Data          12  fsl_uart.o(.constdata)
    .constdata                               0x00006b2c   Section      128  ddiv.o(.constdata)
    ddiv_reciptbl                            0x00006b2c   Data         128  ddiv.o(.constdata)
    .constdata                               0x00006bac   Section       64  fdiv.o(.constdata)
    fdiv_tab                                 0x00006bac   Data          64  fdiv.o(.constdata)
    .constdata                               0x00006bf0   Section      136  pow.o(.constdata)
    bp                                       0x00006bf0   Data          16  pow.o(.constdata)
    dp_h                                     0x00006c00   Data          16  pow.o(.constdata)
    dp_l                                     0x00006c10   Data          16  pow.o(.constdata)
    L                                        0x00006c20   Data          48  pow.o(.constdata)
    P                                        0x00006c50   Data          40  pow.o(.constdata)
    .constdata                               0x00006c78   Section        8  qnan.o(.constdata)
    .constdata                               0x00006c80   Section      148  bigflt0.o(.constdata)
    tenpwrs_x                                0x00006c80   Data          60  bigflt0.o(.constdata)
    tenpwrs_i                                0x00006cbc   Data          64  bigflt0.o(.constdata)
    .conststring                             0x00006d14   Section       67  fsl_debug_console.o(.conststring)
    locale$$data                             0x00006d78   Section       28  lc_numeric_c.o(locale$$data)
    __lcnum_c_name                           0x00006d7c   Data           2  lc_numeric_c.o(locale$$data)
    __lcnum_c_start                          0x00006d84   Data           0  lc_numeric_c.o(locale$$data)
    __lcnum_c_point                          0x00006d90   Data           0  lc_numeric_c.o(locale$$data)
    __lcnum_c_thousands                      0x00006d92   Data           0  lc_numeric_c.o(locale$$data)
    __lcnum_c_grouping                       0x00006d93   Data           0  lc_numeric_c.o(locale$$data)
    __lcnum_c_end                            0x00006d94   Data           0  lc_numeric_c.o(locale$$data)
    .data                                    0x1fffe000   Section       37  main.o(.data)
    xmax                                     0x1fffe014   Data           2  main.o(.data)
    xmin                                     0x1fffe016   Data           2  main.o(.data)
    ymax                                     0x1fffe018   Data           2  main.o(.data)
    ymin                                     0x1fffe01a   Data           2  main.o(.data)
    xbias                                    0x1fffe01c   Data           2  main.o(.data)
    ybias                                    0x1fffe01e   Data           2  main.o(.data)
    scalexy                                  0x1fffe020   Data           4  main.o(.data)
    chedo                                    0x1fffe024   Data           1  main.o(.data)
    .data                                    0x1fffe028   Section       16  fsl_clock.o(.data)
    s_slowIrcFreq                            0x1fffe028   Data           4  fsl_clock.o(.data)
    s_fastIrcFreq                            0x1fffe02c   Data           4  fsl_clock.o(.data)
    .data                                    0x1fffe038   Section       16  fsl_i2c.o(.data)
    s_i2cHandle                              0x1fffe038   Data           8  fsl_i2c.o(.data)
    s_i2cMasterIsr                           0x1fffe040   Data           4  fsl_i2c.o(.data)
    s_i2cSlaveIsr                            0x1fffe044   Data           4  fsl_i2c.o(.data)
    .data                                    0x1fffe048   Section        8  fsl_lpsci.o(.data)
    s_lpsciHandle                            0x1fffe048   Data           4  fsl_lpsci.o(.data)
    s_lpsciIsr                               0x1fffe04c   Data           4  fsl_lpsci.o(.data)
    .data                                    0x1fffe050   Section        4  fsl_uart.o(.data)
    s_uartIsr                                0x1fffe050   Data           4  fsl_uart.o(.data)
    .data                                    0x1fffe054   Section        8  fsl_io.o(.data)
    s_debugConsoleIO                         0x1fffe054   Data           8  fsl_io.o(.data)
    .data                                    0x1fffe05c   Section        4  system_mkl46z4.o(.data)
    .bss                                     0x1fffe060   Section       40  main.o(.bss)
    .bss                                     0x1fffe088   Section       12  fsl_uart.o(.bss)
    s_uartHandle                             0x1fffe088   Data          12  fsl_uart.o(.bss)
    .bss                                     0x1fffe094   Section       96  libspace.o(.bss)

    Global Symbols

    Symbol Name                              Value     Ov Type        Size  Object(Section)

    BuildAttributes$$THM_ISAv3M$S$PE$A:L22$X:L11$S22$IEEE1$IW$USESV6$~STKCKD$USESV7$~SHL$OTIME$ROPI$IEEEX$EBA8$UX$STANDARDLIB$REQ8$PRES8$EABIv2 0x00000000   Number         0  anon$$obj.o ABSOLUTE
    __ARM_use_no_argv                        0x00000000   Number         0  main.o ABSOLUTE
    __Vectors                                0x00000000   Data           4  startup_mkl46z4.o(RESET)
    _printf_flags                            0x00000000   Number         0  printf_stubs.o ABSOLUTE
    _printf_return_value                     0x00000000   Number         0  printf_stubs.o ABSOLUTE
    _printf_sizespec                         0x00000000   Number         0  printf_stubs.o ABSOLUTE
    _printf_widthprec                        0x00000000   Number         0  printf_stubs.o ABSOLUTE
    Image$$ZI$$Limit                          - Undefined Weak Reference
    __ARM_exceptions_init                     - Undefined Weak Reference
    __alloca_initialize                       - Undefined Weak Reference
    __arm_fini_                               - Undefined Weak Reference
    __arm_preinit_                            - Undefined Weak Reference
    __cpp_initialize__aeabi_                  - Undefined Weak Reference
    __cxa_finalize                            - Undefined Weak Reference
    __sigvec_lookup                           - Undefined Weak Reference
    __user_heap_extent                        - Undefined Weak Reference
    _atexit_init                              - Undefined Weak Reference
    _call_atexit_fns                          - Undefined Weak Reference
    _clock_init                               - Undefined Weak Reference
    _fp_trap_init                             - Undefined Weak Reference
    _fp_trap_shutdown                         - Undefined Weak Reference
    _get_lc_collate                           - Undefined Weak Reference
    _get_lc_ctype                             - Undefined Weak Reference
    _get_lc_monetary                          - Undefined Weak Reference
    _get_lc_time                              - Undefined Weak Reference
    _getenv_init                              - Undefined Weak Reference
    _handle_redirection                       - Undefined Weak Reference
    _initio                                   - Undefined Weak Reference
    _mutex_acquire                            - Undefined Weak Reference
    _mutex_free                               - Undefined Weak Reference
    _mutex_release                            - Undefined Weak Reference
    _printf_post_padding                      - Undefined Weak Reference
    _printf_pre_padding                       - Undefined Weak Reference
    _rand_init                                - Undefined Weak Reference
    _signal_finish                            - Undefined Weak Reference
    _signal_init                              - Undefined Weak Reference
    _terminateio                              - Undefined Weak Reference
    __Vectors_End                            0x000000c0   Data           0  startup_mkl46z4.o(RESET)
    __Vectors_Size                           0x000000c0   Number         0  startup_mkl46z4.o ABSOLUTE
    __main                                   0x00000411   Thumb Code     8  __main.o(!!!main)
    __scatterload                            0x00000419   Thumb Code     0  __scatter.o(!!!scatter)
    __scatterload_rt2                        0x00000419   Thumb Code    52  __scatter.o(!!!scatter)
    __scatterload_rt2_thumb_only             0x00000419   Thumb Code     0  __scatter.o(!!!scatter)
    __scatterload_null                       0x00000429   Thumb Code     0  __scatter.o(!!!scatter)
    __scatterload_copy                       0x00000455   Thumb Code    26  __scatter_copy.o(!!handler_copy)
    __scatterload_zeroinit                   0x00000471   Thumb Code    28  __scatter_zi.o(!!handler_zi)
    _printf_percent                          0x0000048d   Thumb Code     0  _printf_percent.o(.ARM.Collect$$_printf_percent$$00000000)
    _printf_f                                0x0000048f   Thumb Code     0  _printf_f.o(.ARM.Collect$$_printf_percent$$00000003)
    _printf_percent_end                      0x00000499   Thumb Code     0  _printf_percent_end.o(.ARM.Collect$$_printf_percent$$00000017)
    __rt_lib_init                            0x0000049d   Thumb Code     0  libinit.o(.ARM.Collect$$libinit$$00000000)
    __rt_lib_init_fp_1                       0x0000049f   Thumb Code     0  libinit2.o(.ARM.Collect$$libinit$$00000002)
    __rt_lib_init_heap_1                     0x0000049f   Thumb Code     0  libinit2.o(.ARM.Collect$$libinit$$0000000A)
    __rt_lib_init_lc_common                  0x0000049f   Thumb Code     0  libinit2.o(.ARM.Collect$$libinit$$0000000F)
    __rt_lib_init_preinit_1                  0x0000049f   Thumb Code     0  libinit2.o(.ARM.Collect$$libinit$$00000004)
    __rt_lib_init_rand_1                     0x0000049f   Thumb Code     0  libinit2.o(.ARM.Collect$$libinit$$0000000E)
    __rt_lib_init_user_alloc_1               0x0000049f   Thumb Code     0  libinit2.o(.ARM.Collect$$libinit$$0000000C)
    __rt_lib_init_lc_collate_1               0x000004a5   Thumb Code     0  libinit2.o(.ARM.Collect$$libinit$$00000011)
    __rt_lib_init_lc_ctype_1                 0x000004a5   Thumb Code     0  libinit2.o(.ARM.Collect$$libinit$$00000013)
    __rt_lib_init_lc_monetary_1              0x000004a5   Thumb Code     0  libinit2.o(.ARM.Collect$$libinit$$00000015)
    __rt_lib_init_lc_numeric_2               0x000004a5   Thumb Code     0  libinit2.o(.ARM.Collect$$libinit$$00000016)
    __rt_lib_init_alloca_1                   0x000004af   Thumb Code     0  libinit2.o(.ARM.Collect$$libinit$$0000002E)
    __rt_lib_init_argv_1                     0x000004af   Thumb Code     0  libinit2.o(.ARM.Collect$$libinit$$0000002C)
    __rt_lib_init_atexit_1                   0x000004af   Thumb Code     0  libinit2.o(.ARM.Collect$$libinit$$0000001B)
    __rt_lib_init_clock_1                    0x000004af   Thumb Code     0  libinit2.o(.ARM.Collect$$libinit$$00000021)
    __rt_lib_init_cpp_1                      0x000004af   Thumb Code     0  libinit2.o(.ARM.Collect$$libinit$$00000032)
    __rt_lib_init_exceptions_1               0x000004af   Thumb Code     0  libinit2.o(.ARM.Collect$$libinit$$00000030)
    __rt_lib_init_fp_trap_1                  0x000004af   Thumb Code     0  libinit2.o(.ARM.Collect$$libinit$$0000001F)
    __rt_lib_init_getenv_1                   0x000004af   Thumb Code     0  libinit2.o(.ARM.Collect$$libinit$$00000023)
    __rt_lib_init_lc_numeric_1               0x000004af   Thumb Code     0  libinit2.o(.ARM.Collect$$libinit$$00000017)
    __rt_lib_init_lc_time_1                  0x000004af   Thumb Code     0  libinit2.o(.ARM.Collect$$libinit$$00000019)
    __rt_lib_init_return                     0x000004af   Thumb Code     0  libinit2.o(.ARM.Collect$$libinit$$00000033)
    __rt_lib_init_signal_1                   0x000004af   Thumb Code     0  libinit2.o(.ARM.Collect$$libinit$$0000001D)
    __rt_lib_init_stdio_1                    0x000004af   Thumb Code     0  libinit2.o(.ARM.Collect$$libinit$$00000025)
    __rt_lib_shutdown                        0x000004b1   Thumb Code     0  libshutdown.o(.ARM.Collect$$libshutdown$$00000000)
    __rt_lib_shutdown_cpp_1                  0x000004b3   Thumb Code     0  libshutdown2.o(.ARM.Collect$$libshutdown$$00000004)
    __rt_lib_shutdown_fini_1                 0x000004b3   Thumb Code     0  libshutdown2.o(.ARM.Collect$$libshutdown$$00000002)
    __rt_lib_shutdown_fp_trap_1              0x000004b3   Thumb Code     0  libshutdown2.o(.ARM.Collect$$libshutdown$$00000009)
    __rt_lib_shutdown_heap_1                 0x000004b3   Thumb Code     0  libshutdown2.o(.ARM.Collect$$libshutdown$$00000011)
    __rt_lib_shutdown_return                 0x000004b3   Thumb Code     0  libshutdown2.o(.ARM.Collect$$libshutdown$$00000012)
    __rt_lib_shutdown_signal_1               0x000004b3   Thumb Code     0  libshutdown2.o(.ARM.Collect$$libshutdown$$0000000C)
    __rt_lib_shutdown_stdio_1                0x000004b3   Thumb Code     0  libshutdown2.o(.ARM.Collect$$libshutdown$$00000006)
    __rt_lib_shutdown_user_alloc_1           0x000004b3   Thumb Code     0  libshutdown2.o(.ARM.Collect$$libshutdown$$0000000E)
    __rt_entry                               0x000004b5   Thumb Code     0  __rtentry.o(.ARM.Collect$$rtentry$$00000000)
    __rt_entry_presh_1                       0x000004b5   Thumb Code     0  __rtentry2.o(.ARM.Collect$$rtentry$$00000002)
    __rt_entry_sh                            0x000004b5   Thumb Code     0  __rtentry7.o(.ARM.Collect$$rtentry$$00000007)
    __rt_entry_li                            0x000004b9   Thumb Code     0  __rtentry2.o(.ARM.Collect$$rtentry$$0000000A)
    __rt_entry_postsh_1                      0x000004b9   Thumb Code     0  __rtentry2.o(.ARM.Collect$$rtentry$$00000009)
    __rt_entry_main                          0x000004bd   Thumb Code     0  __rtentry2.o(.ARM.Collect$$rtentry$$0000000D)
    __rt_entry_postli_1                      0x000004bd   Thumb Code     0  __rtentry2.o(.ARM.Collect$$rtentry$$0000000C)
    __rt_exit                                0x000004c9   Thumb Code     0  rtexit.o(.ARM.Collect$$rtexit$$00000000)
    __rt_exit_ls                             0x000004cb   Thumb Code     0  rtexit2.o(.ARM.Collect$$rtexit$$00000003)
    __rt_exit_prels_1                        0x000004cb   Thumb Code     0  rtexit2.o(.ARM.Collect$$rtexit$$00000002)
    __rt_exit_exit                           0x000004cf   Thumb Code     0  rtexit2.o(.ARM.Collect$$rtexit$$00000004)
    Reset_Handler                            0x000004d5   Thumb Code    24  startup_mkl46z4.o(.text)
    NMI_Handler                              0x000004ed   Thumb Code     2  startup_mkl46z4.o(.text)
    HardFault_Handler                        0x000004ef   Thumb Code     2  startup_mkl46z4.o(.text)
    SVC_Handler                              0x000004f1   Thumb Code     2  startup_mkl46z4.o(.text)
    PendSV_Handler                           0x000004f3   Thumb Code     2  startup_mkl46z4.o(.text)
    DMA0_IRQHandler                          0x000004f7   Thumb Code     4  startup_mkl46z4.o(.text)
    DMA1_IRQHandler                          0x000004fb   Thumb Code     4  startup_mkl46z4.o(.text)
    DMA2_IRQHandler                          0x000004ff   Thumb Code     4  startup_mkl46z4.o(.text)
    DMA3_IRQHandler                          0x00000503   Thumb Code     4  startup_mkl46z4.o(.text)
    I2C0_IRQHandler                          0x00000507   Thumb Code     4  startup_mkl46z4.o(.text)
    I2C1_IRQHandler                          0x0000050b   Thumb Code     4  startup_mkl46z4.o(.text)
    SPI0_IRQHandler                          0x0000050f   Thumb Code     4  startup_mkl46z4.o(.text)
    SPI1_IRQHandler                          0x00000513   Thumb Code     4  startup_mkl46z4.o(.text)
    UART0_IRQHandler                         0x00000517   Thumb Code     4  startup_mkl46z4.o(.text)
    UART1_IRQHandler                         0x0000051b   Thumb Code     4  startup_mkl46z4.o(.text)
    UART2_IRQHandler                         0x0000051f   Thumb Code     4  startup_mkl46z4.o(.text)
    I2S0_IRQHandler                          0x00000523   Thumb Code     4  startup_mkl46z4.o(.text)
    ADC0_IRQHandler                          0x00000527   Thumb Code     0  startup_mkl46z4.o(.text)
    CMP0_IRQHandler                          0x00000527   Thumb Code     0  startup_mkl46z4.o(.text)
    DAC0_IRQHandler                          0x00000527   Thumb Code     0  startup_mkl46z4.o(.text)
    DMA0_DriverIRQHandler                    0x00000527   Thumb Code     0  startup_mkl46z4.o(.text)
    DMA1_DriverIRQHandler                    0x00000527   Thumb Code     0  startup_mkl46z4.o(.text)
    DMA2_DriverIRQHandler                    0x00000527   Thumb Code     0  startup_mkl46z4.o(.text)
    DMA3_DriverIRQHandler                    0x00000527   Thumb Code     0  startup_mkl46z4.o(.text)
    DefaultISR                               0x00000527   Thumb Code     0  startup_mkl46z4.o(.text)
    FTFA_IRQHandler                          0x00000527   Thumb Code     0  startup_mkl46z4.o(.text)
    I2S0_DriverIRQHandler                    0x00000527   Thumb Code     0  startup_mkl46z4.o(.text)
    LCD_IRQHandler                           0x00000527   Thumb Code     0  startup_mkl46z4.o(.text)
    LLWU_IRQHandler                          0x00000527   Thumb Code     0  startup_mkl46z4.o(.text)
    LPTMR0_IRQHandler                        0x00000527   Thumb Code     0  startup_mkl46z4.o(.text)
    LVD_LVW_IRQHandler                       0x00000527   Thumb Code     0  startup_mkl46z4.o(.text)
    MCG_IRQHandler                           0x00000527   Thumb Code     0  startup_mkl46z4.o(.text)
    PIT_IRQHandler                           0x00000527   Thumb Code     0  startup_mkl46z4.o(.text)
    PORTA_IRQHandler                         0x00000527   Thumb Code     0  startup_mkl46z4.o(.text)
    RTC_IRQHandler                           0x00000527   Thumb Code     0  startup_mkl46z4.o(.text)
    RTC_Seconds_IRQHandler                   0x00000527   Thumb Code     0  startup_mkl46z4.o(.text)
    Reserved20_IRQHandler                    0x00000527   Thumb Code     0  startup_mkl46z4.o(.text)
    SPI0_DriverIRQHandler                    0x00000527   Thumb Code     0  startup_mkl46z4.o(.text)
    SPI1_DriverIRQHandler                    0x00000527   Thumb Code     0  startup_mkl46z4.o(.text)
    TPM0_IRQHandler                          0x00000527   Thumb Code     0  startup_mkl46z4.o(.text)
    TPM1_IRQHandler                          0x00000527   Thumb Code     0  startup_mkl46z4.o(.text)
    TPM2_IRQHandler                          0x00000527   Thumb Code     0  startup_mkl46z4.o(.text)
    TSI0_IRQHandler                          0x00000527   Thumb Code     0  startup_mkl46z4.o(.text)
    USB0_IRQHandler                          0x00000527   Thumb Code     0  startup_mkl46z4.o(.text)
    __2sprintf                               0x00000571   Thumb Code    36  noretval__2sprintf.o(.text)
    __printf                                 0x00000599   Thumb Code   270  __printf_wp.o(.text)
    strlen                                   0x000006a9   Thumb Code    62  strlen.o(.text)
    _memset_w                                0x000006ed   Thumb Code    26  rt_memclr.o(.text)
    _memset                                  0x00000707   Thumb Code    30  rt_memclr.o(.text)
    __aeabi_memclr                           0x00000725   Thumb Code     4  rt_memclr.o(.text)
    __rt_memclr                              0x00000725   Thumb Code     0  rt_memclr.o(.text)
    __aeabi_memclr4                          0x00000729   Thumb Code     0  rt_memclr.o(.text)
    __aeabi_memclr8                          0x00000729   Thumb Code     0  rt_memclr.o(.text)
    __rt_memclr_w                            0x00000729   Thumb Code     4  rt_memclr.o(.text)
    __aeabi_uidiv                            0x0000072d   Thumb Code     0  aeabi_sdiv.o(.text)
    __aeabi_uidivmod                         0x0000072d   Thumb Code    20  aeabi_sdiv.o(.text)
    __aeabi_idiv                             0x00000741   Thumb Code     0  aeabi_sdiv.o(.text)
    __aeabi_idivmod                          0x00000741   Thumb Code   326  aeabi_sdiv.o(.text)
    __aeabi_d2f                              0x00000889   Thumb Code     0  d2f.o(.text)
    _d2f                                     0x00000889   Thumb Code   120  d2f.o(.text)
    __aeabi_dadd                             0x00000bfd   Thumb Code     0  daddsub.o(.text)
    _dadd                                    0x00000bfd   Thumb Code    26  daddsub.o(.text)
    __aeabi_dsub                             0x00000c17   Thumb Code     0  daddsub.o(.text)
    _dsub                                    0x00000c17   Thumb Code    22  daddsub.o(.text)
    __aeabi_drsub                            0x00000c2d   Thumb Code     0  daddsub.o(.text)
    _drsb                                    0x00000c2d   Thumb Code    28  daddsub.o(.text)
    __aeabi_ddiv                             0x00000c5d   Thumb Code     0  ddiv.o(.text)
    _ddiv                                    0x00000c5d   Thumb Code  1072  ddiv.o(.text)
    _drdiv                                   0x0000108d   Thumb Code    20  ddiv.o(.text)
    __aeabi_f2d                              0x000010a5   Thumb Code     0  f2d.o(.text)
    _f2d                                     0x000010a5   Thumb Code    80  f2d.o(.text)
    __aeabi_fdiv                             0x000010f9   Thumb Code     0  fdiv.o(.text)
    _fdiv                                    0x000010f9   Thumb Code   334  fdiv.o(.text)
    _frdiv                                   0x00001247   Thumb Code     8  fdiv.o(.text)
    __aeabi_i2f_normalise                    0x00001259   Thumb Code    72  fflti.o(.text)
    __aeabi_i2f                              0x000012a1   Thumb Code    16  fflti.o(.text)
    _fflt                                    0x000012a1   Thumb Code     0  fflti.o(.text)
    __aeabi_ui2f                             0x000012b1   Thumb Code     6  fflti.o(.text)
    _ffltu                                   0x000012b1   Thumb Code     0  fflti.o(.text)
    __read_errno                             0x000012b7   Thumb Code    10  _rserrno.o(.text)
    __set_errno                              0x000012c1   Thumb Code    12  _rserrno.o(.text)
    __lib_sel_fp_printf                      0x000012cd   Thumb Code     2  _printf_fp_dec.o(.text)
    _printf_fp_dec_real                      0x0000146b   Thumb Code   620  _printf_fp_dec.o(.text)
    _printf_char_common                      0x000016ef   Thumb Code    32  _printf_char_common.o(.text)
    _sputc                                   0x00001715   Thumb Code    10  _sputc.o(.text)
    __fpl_dcmp_InfNaN                        0x00001721   Thumb Code   140  dcmpin.o(.text)
    __aeabi_i2d_normalise                    0x000017b1   Thumb Code    66  dflti.o(.text)
    __aeabi_i2d                              0x000017f3   Thumb Code    16  dflti.o(.text)
    _dflt                                    0x000017f3   Thumb Code     0  dflti.o(.text)
    __aeabi_ui2d                             0x00001803   Thumb Code     6  dflti.o(.text)
    _dfltu                                   0x00001803   Thumb Code     0  dflti.o(.text)
    __aeabi_dmul                             0x00001809   Thumb Code     0  dmul.o(.text)
    _dmul                                    0x00001809   Thumb Code   558  dmul.o(.text)
    __ARM_scalbn                             0x00001a51   Thumb Code    84  dscalbn.o(.text)
    _dsqrt                                   0x00001ab1   Thumb Code   248  dsqrt.o(.text)
    __fpl_fcmp_InfNaN                        0x00001bb1   Thumb Code    96  fcmpin.o(.text)
    __ARM_scalbnf                            0x00001c15   Thumb Code    64  fscalbn.o(.text)
    __rt_locale                              0x00001c59   Thumb Code     8  rt_locale_intlibspace.o(.text)
    __aeabi_errno_addr                       0x00001c61   Thumb Code     8  rt_errno_addr_intlibspace.o(.text)
    __errno$intlibspace                      0x00001c61   Thumb Code     0  rt_errno_addr_intlibspace.o(.text)
    __rt_errno_addr$intlibspace              0x00001c61   Thumb Code     0  rt_errno_addr_intlibspace.o(.text)
    _ll_udiv10                               0x00001c69   Thumb Code   122  lludiv10.o(.text)
    _printf_fp_infnan                        0x00001ce5   Thumb Code   120  _printf_fp_infnan.o(.text)
    _btod_etento                             0x00001d6d   Thumb Code   210  bigflt0.o(.text)
    _btod_d2e                                0x00001e45   Thumb Code    64  btod.o(.text)
    _btod_emul                               0x00002279   Thumb Code    28  btod.o(.text)
    _btod_emuld                              0x00002295   Thumb Code   144  btod.o(.text)
    _btod_ediv                               0x00002325   Thumb Code    26  btod.o(.text)
    _btod_edivd                              0x0000233f   Thumb Code   124  btod.o(.text)
    __rt_udiv10                              0x000023c5   Thumb Code    40  rtudiv10.o(.text)
    __fpl_cmpreturn                          0x000023ed   Thumb Code    46  cmpret.o(.text)
    __fpl_dcheck_NaN2                        0x0000241d   Thumb Code    14  dnan2.o(.text)
    __fpl_fcheck_NaN2                        0x00002431   Thumb Code    10  fnan2.o(.text)
    _fsqrt                                   0x00002441   Thumb Code   140  fsqrt.o(.text)
    __I$use$semihosting                      0x000024d1   Thumb Code     0  use_no_semi.o(.text)
    __use_no_semihosting_swi                 0x000024d1   Thumb Code     2  use_no_semi.o(.text)
    __semihosting_library_function           0x000024d3   Thumb Code     0  indicate_semi.o(.text)
    exit                                     0x000024d3   Thumb Code    16  exit.o(.text)
    strcmp                                   0x000024e5   Thumb Code   132  strcmp.o(.text)
    __fpl_return_NaN                         0x0000256d   Thumb Code    94  retnan.o(.text)
    _sys_exit                                0x000025cd   Thumb Code     8  sys_exit.o(.text)
    BOARD_InitDebugConsole                   0x000025d9   Thumb Code    52  board.o(i.BOARD_InitDebugConsole)
    BOARD_InitPins                           0x00002615   Thumb Code    56  pin_mux.o(i.BOARD_InitPins)
    CLOCK_GetEr32kClkFreq                    0x00002675   Thumb Code    92  fsl_clock.o(i.CLOCK_GetEr32kClkFreq)
    CLOCK_GetFixedFreqClkFreq                0x00002725   Thumb Code    30  fsl_clock.o(i.CLOCK_GetFixedFreqClkFreq)
    CLOCK_GetFllFreq                         0x000027b9   Thumb Code    78  fsl_clock.o(i.CLOCK_GetFllFreq)
    CLOCK_GetFreq                            0x00002835   Thumb Code   172  fsl_clock.o(i.CLOCK_GetFreq)
    CLOCK_GetInternalRefClkFreq              0x000028e5   Thumb Code    22  fsl_clock.o(i.CLOCK_GetInternalRefClkFreq)
    CLOCK_GetOsc0ErClkFreq                   0x00002999   Thumb Code    46  fsl_clock.o(i.CLOCK_GetOsc0ErClkFreq)
    CLOCK_GetOutClkFreq                      0x00002a19   Thumb Code    60  fsl_clock.o(i.CLOCK_GetOutClkFreq)
    CLOCK_GetPll0Freq                        0x00002a59   Thumb Code    72  fsl_clock.o(i.CLOCK_GetPll0Freq)
    CLOCK_GetPllFllSelClkFreq                0x00002af9   Thumb Code    52  fsl_clock.o(i.CLOCK_GetPllFllSelClkFreq)
    DbgConsole_Init                          0x00002bf5   Thumb Code    40  fsl_debug_console.o(i.DbgConsole_Init)
    DbgConsole_Printf                        0x00002c4d   Thumb Code    62  fsl_debug_console.o(i.DbgConsole_Printf)
    I2C0_DriverIRQHandler                    0x00002d01   Thumb Code    14  fsl_i2c.o(i.I2C0_DriverIRQHandler)
    I2C0_Init                                0x00002d19   Thumb Code   340  i2c.o(i.I2C0_Init)
    I2C1_DriverIRQHandler                    0x00002e81   Thumb Code    14  fsl_i2c.o(i.I2C1_DriverIRQHandler)
    I2C1_Init                                0x00002e99   Thumb Code   318  i2c.o(i.I2C1_Init)
    I2C_DisableInterrupts                    0x00003015   Thumb Code    34  fsl_i2c.o(i.I2C_DisableInterrupts)
    I2C_EnableInterrupts                     0x00003037   Thumb Code    44  fsl_i2c.o(i.I2C_EnableInterrupts)
    I2C_GetInstance                          0x00003065   Thumb Code    48  fsl_i2c.o(i.I2C_GetInstance)
    I2C_MasterGetDefaultConfig               0x000031c5   Thumb Code    36  fsl_i2c.o(i.I2C_MasterGetDefaultConfig)
    I2C_MasterGetStatusFlags                 0x00003239   Thumb Code    34  fsl_i2c.o(i.I2C_MasterGetStatusFlags)
    I2C_MasterInit                           0x0000325d   Thumb Code   140  fsl_i2c.o(i.I2C_MasterInit)
    I2C_MasterReadBlocking                   0x00003345   Thumb Code   146  fsl_i2c.o(i.I2C_MasterReadBlocking)
    I2C_MasterRepeatedStart                  0x000033d9   Thumb Code   104  fsl_i2c.o(i.I2C_MasterRepeatedStart)
    I2C_MasterSetBaudRate                    0x00003445   Thumb Code   136  fsl_i2c.o(i.I2C_MasterSetBaudRate)
    I2C_MasterStart                          0x000034d1   Thumb Code    62  fsl_i2c.o(i.I2C_MasterStart)
    I2C_MasterStop                           0x00003515   Thumb Code    26  fsl_i2c.o(i.I2C_MasterStop)
    I2C_MasterTransferBlocking               0x00003531   Thumb Code   388  fsl_i2c.o(i.I2C_MasterTransferBlocking)
    I2C_MasterTransferCreateHandle           0x000036fd   Thumb Code    70  fsl_i2c.o(i.I2C_MasterTransferCreateHandle)
    I2C_MasterTransferHandleIRQ              0x00003799   Thumb Code   134  fsl_i2c.o(i.I2C_MasterTransferHandleIRQ)
    I2C_MasterTransferNonBlocking            0x0000386d   Thumb Code    84  fsl_i2c.o(i.I2C_MasterTransferNonBlocking)
    I2C_MasterWriteBlocking                  0x00003a99   Thumb Code   162  fsl_i2c.o(i.I2C_MasterWriteBlocking)
    IO_Init                                  0x00003ea1   Thumb Code   226  fsl_io.o(i.IO_Init)
    IO_Transfer                              0x00003fd1   Thumb Code   108  fsl_io.o(i.IO_Transfer)
    Init_Green_Led                           0x00004041   Thumb Code    52  led.o(i.Init_Green_Led)
    Init_Red_Led                             0x00004081   Thumb Code    52  led.o(i.Init_Red_Led)
    Init_SW1                                 0x000040c1   Thumb Code   100  switch.o(i.Init_SW1)
    Init_SW2                                 0x00004131   Thumb Code   102  switch.o(i.Init_SW2)
    LCD_Init                                 0x000041a5   Thumb Code   146  main.o(i.LCD_Init)
    LCD_WriteBytes                           0x00004241   Thumb Code    54  main.o(i.LCD_WriteBytes)
    LCD_clear                                0x0000427d   Thumb Code    62  main.o(i.LCD_clear)
    LCD_location                             0x000042bb   Thumb Code    44  main.o(i.LCD_location)
    LCD_send_cmd                             0x000042e7   Thumb Code    66  main.o(i.LCD_send_cmd)
    LCD_send_string                          0x00004329   Thumb Code    22  main.o(i.LCD_send_string)
    LCD_send_value                           0x0000433f   Thumb Code    66  main.o(i.LCD_send_value)
    LOG_Init                                 0x00004381   Thumb Code    30  fsl_log.o(i.LOG_Init)
    LOG_Pop                                  0x0000439f   Thumb Code    42  fsl_log.o(i.LOG_Pop)
    LOG_Push                                 0x000043c9   Thumb Code    34  fsl_log.o(i.LOG_Push)
    LPSCI_ClearStatusFlags                   0x00004439   Thumb Code    92  fsl_lpsci.o(i.LPSCI_ClearStatusFlags)
    LPSCI_GetDefaultConfig                   0x00004499   Thumb Code    42  fsl_lpsci.o(i.LPSCI_GetDefaultConfig)
    LPSCI_GetInstance                        0x00004509   Thumb Code    48  fsl_lpsci.o(i.LPSCI_GetInstance)
    LPSCI_GetStatusFlags                     0x0000459d   Thumb Code    14  fsl_lpsci.o(i.LPSCI_GetStatusFlags)
    LPSCI_Init                               0x000045ad   Thumb Code   384  fsl_lpsci.o(i.LPSCI_Init)
    LPSCI_ReadBlocking                       0x00004795   Thumb Code   152  fsl_lpsci.o(i.LPSCI_ReadBlocking)
    LPSCI_WriteBlocking                      0x00004875   Thumb Code    54  fsl_lpsci.o(i.LPSCI_WriteBlocking)
    PORTC_PORTD_IRQHandler                   0x000048f5   Thumb Code   222  main.o(i.PORTC_PORTD_IRQHandler)
    StrFormatPrintf                          0x00004a31   Thumb Code   562  fsl_str.o(i.StrFormatPrintf)
    SysTick_Handler                          0x00004c65   Thumb Code    82  main.o(i.SysTick_Handler)
    SystemInit                               0x00004ccd   Thumb Code    14  system_mkl46z4.o(i.SystemInit)
    SystemInitHook                           0x00004ce1   Thumb Code     2  system_mkl46z4.o(i.SystemInitHook)
    UART0_DriverIRQHandler                   0x00004ce5   Thumb Code    16  fsl_lpsci.o(i.UART0_DriverIRQHandler)
    UART1_DriverIRQHandler                   0x00004d01   Thumb Code    16  fsl_uart.o(i.UART1_DriverIRQHandler)
    UART2_DriverIRQHandler                   0x00004d1d   Thumb Code    16  fsl_uart.o(i.UART2_DriverIRQHandler)
    UART_GetDefaultConfig                    0x00004d39   Thumb Code    42  fsl_uart.o(i.UART_GetDefaultConfig)
    UART_GetInstance                         0x00004da5   Thumb Code    50  fsl_uart.o(i.UART_GetInstance)
    UART_GetStatusFlags                      0x00004e31   Thumb Code    14  fsl_uart.o(i.UART_GetStatusFlags)
    UART_Init                                0x00004e41   Thumb Code   284  fsl_uart.o(i.UART_Init)
    UART_ReadBlocking                        0x00004fc1   Thumb Code   118  fsl_uart.o(i.UART_ReadBlocking)
    UART_WriteBlocking                       0x00005081   Thumb Code    32  fsl_uart.o(i.UART_WriteBlocking)
    __ARM_common_ll_muluu                    0x000050a1   Thumb Code    48  btod.o(i.__ARM_common_ll_muluu)
    __ARM_common_switch8                     0x000050d1   Thumb Code    28  fsl_clock.o(i.__ARM_common_switch8)
    __ARM_fpclassify                         0x000050ed   Thumb Code    40  fpclassify.o(i.__ARM_fpclassify)
    __aeabi_assert                           0x00005241   Thumb Code    24  fsl_assert.o(i.__aeabi_assert)
    __kernel_poly                            0x00005285   Thumb Code   172  poly.o(i.__kernel_poly)
    __mathlib_dbl_divzero                    0x00005331   Thumb Code    16  dunder.o(i.__mathlib_dbl_divzero)
    __mathlib_dbl_infnan2                    0x00005345   Thumb Code     8  dunder.o(i.__mathlib_dbl_infnan2)
    __mathlib_dbl_invalid                    0x0000534d   Thumb Code    16  dunder.o(i.__mathlib_dbl_invalid)
    __mathlib_dbl_overflow                   0x0000535d   Thumb Code    16  dunder.o(i.__mathlib_dbl_overflow)
    __mathlib_dbl_underflow                  0x00005371   Thumb Code    14  dunder.o(i.__mathlib_dbl_underflow)
    __mathlib_flt_infnan                     0x00005385   Thumb Code    10  funder.o(i.__mathlib_flt_infnan)
    __mathlib_flt_invalid                    0x0000538f   Thumb Code    12  funder.o(i.__mathlib_flt_invalid)
    _is_digit                                0x0000539b   Thumb Code    14  __printf_wp.o(i._is_digit)
    acosf                                    0x000053a9   Thumb Code   228  acosf.o(i.acosf)
    blink_led_green                          0x000054b5   Thumb Code    32  main.o(i.blink_led_green)
    blink_led_red                            0x000054dd   Thumb Code    34  main.o(i.blink_led_red)
    delay                                    0x0000554d   Thumb Code    26  main.o(i.delay)
    delay_ms1                                0x0000556d   Thumb Code    32  main.o(i.delay_ms1)
    main                                     0x000055b9   Thumb Code  1416  main.o(i.main)
    pow                                      0x00005b75   Thumb Code  2548  pow.o(i.pow)
    sqrt                                     0x00006571   Thumb Code    66  sqrt.o(i.sqrt)
    sqrtf                                    0x000065b9   Thumb Code    44  sqrtf.o(i.sqrtf)
    _get_lc_numeric                          0x000065e5   Thumb Code    44  lc_numeric_c.o(locale$$code)
    __aeabi_cdcmple                          0x00006611   Thumb Code     0  dlef.o(x$fpl$dleqf)
    _dcmple                                  0x00006611   Thumb Code    94  dlef.o(x$fpl$dleqf)
    __aeabi_cdrcmple                         0x00006675   Thumb Code     0  drlef.o(x$fpl$drleqf)
    _drcmple                                 0x00006675   Thumb Code   100  drlef.o(x$fpl$drleqf)
    __aeabi_fadd                             0x000066dd   Thumb Code     0  faddsub.o(x$fpl$fadd)
    _fadd                                    0x000066dd   Thumb Code   134  faddsub.o(x$fpl$fadd)
    __aeabi_cfcmpeq                          0x00006769   Thumb Code     0  feqf.o(x$fpl$feqf)
    _fcmpeq                                  0x00006769   Thumb Code    78  feqf.o(x$fpl$feqf)
    __aeabi_cfcmple                          0x000067bd   Thumb Code     0  flef.o(x$fpl$fleqf)
    _fcmple                                  0x000067bd   Thumb Code    78  flef.o(x$fpl$fleqf)
    __aeabi_fmul                             0x00006811   Thumb Code     0  fmul.o(x$fpl$fmul)
    _fmul                                    0x00006811   Thumb Code   172  fmul.o(x$fpl$fmul)
    __aeabi_cfrcmple                         0x000068c1   Thumb Code     0  frlef.o(x$fpl$frleqf)
    _frcmple                                 0x000068c1   Thumb Code    84  frlef.o(x$fpl$frleqf)
    __aeabi_frsub                            0x00006919   Thumb Code     0  faddsub.o(x$fpl$frsb)
    _frsb                                    0x00006919   Thumb Code    24  faddsub.o(x$fpl$frsb)
    __aeabi_fsub                             0x00006931   Thumb Code     0  faddsub.o(x$fpl$fsub)
    _fsub                                    0x00006931   Thumb Code   204  faddsub.o(x$fpl$fsub)
    _printf_fp_dec                           0x00006a01   Thumb Code    16  printf1.o(x$fpl$printf1)
    __I$use$fp                               0x00006a10   Number         0  usenofp.o(x$fpl$usenofp)
    s_i2cBases                               0x00006a70   Data           8  fsl_i2c.o(.constdata)
    __mathlib_zero                           0x00006c78   Data           8  qnan.o(.constdata)
    Region$$Table$$Base                      0x00006d58   Number         0  anon$$obj.o(Region$$Table)
    Region$$Table$$Limit                     0x00006d78   Number         0  anon$$obj.o(Region$$Table)
    msTicks                                  0x1fffe000   Data           4  main.o(.data)
    Ticks10                                  0x1fffe004   Data           4  main.o(.data)
    Ticks                                    0x1fffe008   Data           4  main.o(.data)
    ledTicks                                 0x1fffe00c   Data           4  main.o(.data)
    resetcount                               0x1fffe010   Data           1  main.o(.data)
    g_mag_addr_found                         0x1fffe011   Data           1  main.o(.data)
    completionFlag                           0x1fffe012   Data           1  main.o(.data)
    nakFlag                                  0x1fffe013   Data           1  main.o(.data)
    g_xtal0Freq                              0x1fffe030   Data           4  fsl_clock.o(.data)
    g_xtal32Freq                             0x1fffe034   Data           4  fsl_clock.o(.data)
    SystemCoreClock                          0x1fffe05c   Data           4  system_mkl46z4.o(.data)
    g_m_handle                               0x1fffe060   Data          40  main.o(.bss)
    __libspace_start                         0x1fffe094   Data          96  libspace.o(.bss)
    Image$$ARM_LIB_HEAP$$ZI$$Base            0x1fffe0f4   Number         0  anon$$obj.o ABSOLUTE
    __temporary_stack_top$libspace           0x1fffe0f4   Data           0  libspace.o(.bss)
    Image$$ARM_LIB_HEAP$$ZI$$Limit           0x1fffe4f4   Number         0  anon$$obj.o ABSOLUTE
    Image$$ARM_LIB_STACK$$ZI$$Limit          0x20006000   Number         0  anon$$obj.o ABSOLUTE



==============================================================================

Memory Map of the image

  Image Entry point : 0x000004d5

  Load Region LR_m_text (Base: 0x00000000, Size: 0x00006df4, Max: 0x00040000, ABSOLUTE)

    Execution Region VECTOR_ROM (Exec base: 0x00000000, Load base: 0x00000000, Size: 0x000000c0, Max: 0x00000200, ABSOLUTE)

    Exec Addr    Load Addr    Size         Type   Attr      Idx    E Section Name        Object

    0x00000000   0x00000000   0x000000c0   Data   RO         2421    RESET               startup_mkl46z4.o


    Execution Region ER_m_flash_config (Exec base: 0x00000400, Load base: 0x00000400, Size: 0x00000010, Max: 0x00000010, ABSOLUTE, FIXED)

    Exec Addr    Load Addr    Size         Type   Attr      Idx    E Section Name        Object

    0x00000400   0x00000400   0x00000010   Data   RO         2422    FlashConfig         startup_mkl46z4.o


    Execution Region ER_m_text (Exec base: 0x00000410, Load base: 0x00000410, Size: 0x00006984, Max: 0x0003fbf0, ABSOLUTE)

    Exec Addr    Load Addr    Size         Type   Attr      Idx    E Section Name        Object

    0x00000410   0x00000410   0x00000008   Code   RO         2581  * !!!main             c_p.l(__main.o)
    0x00000418   0x00000418   0x0000003c   Code   RO         2976    !!!scatter          c_p.l(__scatter.o)
    0x00000454   0x00000454   0x0000001a   Code   RO         2978    !!handler_copy      c_p.l(__scatter_copy.o)
    0x0000046e   0x0000046e   0x00000002   PAD
    0x00000470   0x00000470   0x0000001c   Code   RO         2980    !!handler_zi        c_p.l(__scatter_zi.o)
    0x0000048c   0x0000048c   0x00000002   Code   RO         2568    .ARM.Collect$$_printf_percent$$00000000  c_p.l(_printf_percent.o)
    0x0000048e   0x0000048e   0x0000000a   Code   RO         2567    .ARM.Collect$$_printf_percent$$00000003  c_p.l(_printf_f.o)
    0x00000498   0x00000498   0x00000004   Code   RO         2683    .ARM.Collect$$_printf_percent$$00000017  c_p.l(_printf_percent_end.o)
    0x0000049c   0x0000049c   0x00000002   Code   RO         2904    .ARM.Collect$$libinit$$00000000  c_p.l(libinit.o)
    0x0000049e   0x0000049e   0x00000000   Code   RO         2687    .ARM.Collect$$libinit$$00000002  c_p.l(libinit2.o)
    0x0000049e   0x0000049e   0x00000000   Code   RO         2689    .ARM.Collect$$libinit$$00000004  c_p.l(libinit2.o)
    0x0000049e   0x0000049e   0x00000000   Code   RO         2692    .ARM.Collect$$libinit$$0000000A  c_p.l(libinit2.o)
    0x0000049e   0x0000049e   0x00000000   Code   RO         2694    .ARM.Collect$$libinit$$0000000C  c_p.l(libinit2.o)
    0x0000049e   0x0000049e   0x00000000   Code   RO         2696    .ARM.Collect$$libinit$$0000000E  c_p.l(libinit2.o)
    0x0000049e   0x0000049e   0x00000006   Code   RO         2697    .ARM.Collect$$libinit$$0000000F  c_p.l(libinit2.o)
    0x000004a4   0x000004a4   0x00000000   Code   RO         2699    .ARM.Collect$$libinit$$00000011  c_p.l(libinit2.o)
    0x000004a4   0x000004a4   0x00000000   Code   RO         2701    .ARM.Collect$$libinit$$00000013  c_p.l(libinit2.o)
    0x000004a4   0x000004a4   0x00000000   Code   RO         2703    .ARM.Collect$$libinit$$00000015  c_p.l(libinit2.o)
    0x000004a4   0x000004a4   0x0000000a   Code   RO         2704    .ARM.Collect$$libinit$$00000016  c_p.l(libinit2.o)
    0x000004ae   0x000004ae   0x00000000   Code   RO         2705    .ARM.Collect$$libinit$$00000017  c_p.l(libinit2.o)
    0x000004ae   0x000004ae   0x00000000   Code   RO         2707    .ARM.Collect$$libinit$$00000019  c_p.l(libinit2.o)
    0x000004ae   0x000004ae   0x00000000   Code   RO         2709    .ARM.Collect$$libinit$$0000001B  c_p.l(libinit2.o)
    0x000004ae   0x000004ae   0x00000000   Code   RO         2711    .ARM.Collect$$libinit$$0000001D  c_p.l(libinit2.o)
    0x000004ae   0x000004ae   0x00000000   Code   RO         2713    .ARM.Collect$$libinit$$0000001F  c_p.l(libinit2.o)
    0x000004ae   0x000004ae   0x00000000   Code   RO         2715    .ARM.Collect$$libinit$$00000021  c_p.l(libinit2.o)
    0x000004ae   0x000004ae   0x00000000   Code   RO         2717    .ARM.Collect$$libinit$$00000023  c_p.l(libinit2.o)
    0x000004ae   0x000004ae   0x00000000   Code   RO         2719    .ARM.Collect$$libinit$$00000025  c_p.l(libinit2.o)
    0x000004ae   0x000004ae   0x00000000   Code   RO         2723    .ARM.Collect$$libinit$$0000002C  c_p.l(libinit2.o)
    0x000004ae   0x000004ae   0x00000000   Code   RO         2725    .ARM.Collect$$libinit$$0000002E  c_p.l(libinit2.o)
    0x000004ae   0x000004ae   0x00000000   Code   RO         2727    .ARM.Collect$$libinit$$00000030  c_p.l(libinit2.o)
    0x000004ae   0x000004ae   0x00000000   Code   RO         2729    .ARM.Collect$$libinit$$00000032  c_p.l(libinit2.o)
    0x000004ae   0x000004ae   0x00000002   Code   RO         2730    .ARM.Collect$$libinit$$00000033  c_p.l(libinit2.o)
    0x000004b0   0x000004b0   0x00000002   Code   RO         2973    .ARM.Collect$$libshutdown$$00000000  c_p.l(libshutdown.o)
    0x000004b2   0x000004b2   0x00000000   Code   RO         2929    .ARM.Collect$$libshutdown$$00000002  c_p.l(libshutdown2.o)
    0x000004b2   0x000004b2   0x00000000   Code   RO         2931    .ARM.Collect$$libshutdown$$00000004  c_p.l(libshutdown2.o)
    0x000004b2   0x000004b2   0x00000000   Code   RO         2933    .ARM.Collect$$libshutdown$$00000006  c_p.l(libshutdown2.o)
    0x000004b2   0x000004b2   0x00000000   Code   RO         2936    .ARM.Collect$$libshutdown$$00000009  c_p.l(libshutdown2.o)
    0x000004b2   0x000004b2   0x00000000   Code   RO         2939    .ARM.Collect$$libshutdown$$0000000C  c_p.l(libshutdown2.o)
    0x000004b2   0x000004b2   0x00000000   Code   RO         2941    .ARM.Collect$$libshutdown$$0000000E  c_p.l(libshutdown2.o)
    0x000004b2   0x000004b2   0x00000000   Code   RO         2944    .ARM.Collect$$libshutdown$$00000011  c_p.l(libshutdown2.o)
    0x000004b2   0x000004b2   0x00000002   Code   RO         2945    .ARM.Collect$$libshutdown$$00000012  c_p.l(libshutdown2.o)
    0x000004b4   0x000004b4   0x00000000   Code   RO         2645    .ARM.Collect$$rtentry$$00000000  c_p.l(__rtentry.o)
    0x000004b4   0x000004b4   0x00000000   Code   RO         2793    .ARM.Collect$$rtentry$$00000002  c_p.l(__rtentry2.o)
    0x000004b4   0x000004b4   0x00000004   Code   RO         2807    .ARM.Collect$$rtentry$$00000007  c_p.l(__rtentry7.o)
    0x000004b8   0x000004b8   0x00000000   Code   RO         2795    .ARM.Collect$$rtentry$$00000009  c_p.l(__rtentry2.o)
    0x000004b8   0x000004b8   0x00000004   Code   RO         2796    .ARM.Collect$$rtentry$$0000000A  c_p.l(__rtentry2.o)
    0x000004bc   0x000004bc   0x00000000   Code   RO         2798    .ARM.Collect$$rtentry$$0000000C  c_p.l(__rtentry2.o)
    0x000004bc   0x000004bc   0x00000008   Code   RO         2799    .ARM.Collect$$rtentry$$0000000D  c_p.l(__rtentry2.o)
    0x000004c4   0x000004c4   0x00000004   Code   RO         2808    .ARM.Collect$$rtentry$$00002718  c_p.l(__rtentry7.o)
    0x000004c8   0x000004c8   0x00000002   Code   RO         2912    .ARM.Collect$$rtexit$$00000000  c_p.l(rtexit.o)
    0x000004ca   0x000004ca   0x00000000   Code   RO         2949    .ARM.Collect$$rtexit$$00000002  c_p.l(rtexit2.o)
    0x000004ca   0x000004ca   0x00000004   Code   RO         2950    .ARM.Collect$$rtexit$$00000003  c_p.l(rtexit2.o)
    0x000004ce   0x000004ce   0x00000006   Code   RO         2951    .ARM.Collect$$rtexit$$00000004  c_p.l(rtexit2.o)
    0x000004d4   0x000004d4   0x0000009c   Code   RO         2423  * .text               startup_mkl46z4.o
    0x00000570   0x00000570   0x00000028   Code   RO         2543    .text               c_p.l(noretval__2sprintf.o)
    0x00000598   0x00000598   0x0000010e   Code   RO         2555    .text               c_p.l(__printf_wp.o)
    0x000006a6   0x000006a6   0x00000002   PAD
    0x000006a8   0x000006a8   0x00000044   Code   RO         2569    .text               c_p.l(strlen.o)
    0x000006ec   0x000006ec   0x00000040   Code   RO         2575    .text               c_p.l(rt_memclr.o)
    0x0000072c   0x0000072c   0x0000015a   Code   RO         2577    .text               c_p.l(aeabi_sdiv.o)
    0x00000886   0x00000886   0x00000002   PAD
    0x00000888   0x00000888   0x0000007c   Code   RO         2583    .text               fz_ps.l(d2f.o)
    0x00000904   0x00000904   0x00000358   Code   RO         2585    .text               fz_ps.l(daddsub.o)
    0x00000c5c   0x00000c5c   0x00000448   Code   RO         2587    .text               fz_ps.l(ddiv.o)
    0x000010a4   0x000010a4   0x00000054   Code   RO         2594    .text               fz_ps.l(f2d.o)
    0x000010f8   0x000010f8   0x00000160   Code   RO         2602    .text               fz_ps.l(fdiv.o)
    0x00001258   0x00001258   0x0000005e   Code   RO         2607    .text               fz_ps.l(fflti.o)
    0x000012b6   0x000012b6   0x00000016   Code   RO         2675    .text               c_p.l(_rserrno.o)
    0x000012cc   0x000012cc   0x00000418   Code   RO         2677    .text               c_p.l(_printf_fp_dec.o)
    0x000016e4   0x000016e4   0x00000030   Code   RO         2679    .text               c_p.l(_printf_char_common.o)
    0x00001714   0x00001714   0x0000000a   Code   RO         2681    .text               c_p.l(_sputc.o)
    0x0000171e   0x0000171e   0x00000002   PAD
    0x00001720   0x00001720   0x00000090   Code   RO         2731    .text               fz_ps.l(dcmpin.o)
    0x000017b0   0x000017b0   0x00000058   Code   RO         2733    .text               fz_ps.l(dflti.o)
    0x00001808   0x00001808   0x00000248   Code   RO         2735    .text               fz_ps.l(dmul.o)
    0x00001a50   0x00001a50   0x00000060   Code   RO         2737    .text               fz_ps.l(dscalbn.o)
    0x00001ab0   0x00001ab0   0x00000100   Code   RO         2739    .text               fz_ps.l(dsqrt.o)
    0x00001bb0   0x00001bb0   0x00000064   Code   RO         2741    .text               fz_ps.l(fcmpin.o)
    0x00001c14   0x00001c14   0x00000044   Code   RO         2743    .text               fz_ps.l(fscalbn.o)
    0x00001c58   0x00001c58   0x00000008   Code   RO         2817    .text               c_p.l(rt_locale_intlibspace.o)
    0x00001c60   0x00001c60   0x00000008   Code   RO         2822    .text               c_p.l(rt_errno_addr_intlibspace.o)
    0x00001c68   0x00001c68   0x0000007a   Code   RO         2832    .text               c_p.l(lludiv10.o)
    0x00001ce2   0x00001ce2   0x00000002   PAD
    0x00001ce4   0x00001ce4   0x00000088   Code   RO         2834    .text               c_p.l(_printf_fp_infnan.o)
    0x00001d6c   0x00001d6c   0x000000d8   Code   RO         2838    .text               c_p.l(bigflt0.o)
    0x00001e44   0x00001e44   0x00000580   Code   RO         2841    .text               c_p.l(btod.o)
    0x000023c4   0x000023c4   0x00000028   Code   RO         2852    .text               c_p.l(rtudiv10.o)
    0x000023ec   0x000023ec   0x0000002e   Code   RO         2861    .text               fz_ps.l(cmpret.o)
    0x0000241a   0x0000241a   0x00000002   PAD
    0x0000241c   0x0000241c   0x00000014   Code   RO         2863    .text               fz_ps.l(dnan2.o)
    0x00002430   0x00002430   0x00000010   Code   RO         2865    .text               fz_ps.l(fnan2.o)
    0x00002440   0x00002440   0x00000090   Code   RO         2869    .text               fz_ps.l(fsqrt.o)
    0x000024d0   0x000024d0   0x00000002   Code   RO         2873    .text               c_p.l(use_no_semi.o)
    0x000024d2   0x000024d2   0x00000000   Code   RO         2875    .text               c_p.l(indicate_semi.o)
    0x000024d2   0x000024d2   0x00000010   Code   RO         2883    .text               c_p.l(exit.o)
    0x000024e2   0x000024e2   0x00000002   PAD
    0x000024e4   0x000024e4   0x00000088   Code   RO         2893    .text               c_p.l(strcmp.o)
    0x0000256c   0x0000256c   0x0000005e   Code   RO         2905    .text               fz_ps.l(retnan.o)
    0x000025ca   0x000025ca   0x00000002   PAD
    0x000025cc   0x000025cc   0x0000000c   Code   RO         2907    .text               c_p.l(sys_exit.o)
    0x000025d8   0x000025d8   0x0000003c   Code   RO          385    i.BOARD_InitDebugConsole  board.o
    0x00002614   0x00002614   0x00000048   Code   RO          485    i.BOARD_InitPins    pin_mux.o
    0x0000265c   0x0000265c   0x00000018   Code   RO         1299    i.CLOCK_EnableClock  fsl_i2c.o
    0x00002674   0x00002674   0x000000b0   Code   RO          539    i.CLOCK_GetEr32kClkFreq  fsl_clock.o
    0x00002724   0x00002724   0x0000001e   Code   RO          540    i.CLOCK_GetFixedFreqClkFreq  fsl_clock.o
    0x00002742   0x00002742   0x00000002   PAD
    0x00002744   0x00002744   0x00000074   Code   RO          542    i.CLOCK_GetFllExtRefClkFreq  fsl_clock.o
    0x000027b8   0x000027b8   0x00000058   Code   RO          543    i.CLOCK_GetFllFreq  fsl_clock.o
    0x00002810   0x00002810   0x00000024   Code   RO          544    i.CLOCK_GetFllRefClkFreq  fsl_clock.o
    0x00002834   0x00002834   0x000000b0   Code   RO          545    i.CLOCK_GetFreq     fsl_clock.o
    0x000028e4   0x000028e4   0x0000001c   Code   RO          546    i.CLOCK_GetInternalRefClkFreq  fsl_clock.o
    0x00002900   0x00002900   0x00000030   Code   RO          547    i.CLOCK_GetInternalRefClkSelectFreq  fsl_clock.o
    0x00002930   0x00002930   0x00000068   Code   RO          548    i.CLOCK_GetMcgExtClkFreq  fsl_clock.o
    0x00002998   0x00002998   0x00000080   Code   RO          550    i.CLOCK_GetOsc0ErClkFreq  fsl_clock.o
    0x00002a18   0x00002a18   0x00000040   Code   RO          552    i.CLOCK_GetOutClkFreq  fsl_clock.o
    0x00002a58   0x00002a58   0x00000098   Code   RO          554    i.CLOCK_GetPll0Freq  fsl_clock.o
    0x00002af0   0x00002af0   0x00000008   Code   RO          555    i.CLOCK_GetPll0RefFreq  fsl_clock.o
    0x00002af8   0x00002af8   0x00000038   Code   RO          556    i.CLOCK_GetPllFllSelClkFreq  fsl_clock.o
    0x00002b30   0x00002b30   0x000000c4   Code   RO         2384    i.ConvertRadixNumToString  fsl_str.o
    0x00002bf4   0x00002bf4   0x00000058   Code   RO         2172    i.DbgConsole_Init   fsl_debug_console.o
    0x00002c4c   0x00002c4c   0x00000044   Code   RO         2173    i.DbgConsole_Printf  fsl_debug_console.o
    0x00002c90   0x00002c90   0x0000003a   Code   RO         2175    i.DbgConsole_RelocateLog  fsl_debug_console.o
    0x00002cca   0x00002cca   0x00000002   PAD
    0x00002ccc   0x00002ccc   0x00000034   Code   RO         1300    i.EnableIRQ         fsl_i2c.o
    0x00002d00   0x00002d00   0x00000018   Code   RO         1301    i.I2C0_DriverIRQHandler  fsl_i2c.o
    0x00002d18   0x00002d18   0x00000168   Code   RO          354    i.I2C0_Init         i2c.o
    0x00002e80   0x00002e80   0x00000018   Code   RO         1302    i.I2C1_DriverIRQHandler  fsl_i2c.o
    0x00002e98   0x00002e98   0x00000154   Code   RO          355    i.I2C1_Init         i2c.o
    0x00002fec   0x00002fec   0x00000028   Code   RO         1303    i.I2C_CheckAndClearError  fsl_i2c.o
    0x00003014   0x00003014   0x00000022   Code   RO         1304    i.I2C_DisableInterrupts  fsl_i2c.o
    0x00003036   0x00003036   0x0000002c   Code   RO         1306    i.I2C_EnableInterrupts  fsl_i2c.o
    0x00003062   0x00003062   0x00000002   PAD
    0x00003064   0x00003064   0x00000090   Code   RO         1307    i.I2C_GetInstance   fsl_i2c.o
    0x000030f4   0x000030f4   0x000000a4   Code   RO         1308    i.I2C_InitTransferStateMachine  fsl_i2c.o
    0x00003198   0x00003198   0x0000002c   Code   RO         1309    i.I2C_MasterClearStatusFlags  fsl_i2c.o
    0x000031c4   0x000031c4   0x00000074   Code   RO         1311    i.I2C_MasterGetDefaultConfig  fsl_i2c.o
    0x00003238   0x00003238   0x00000022   Code   RO         1312    i.I2C_MasterGetStatusFlags  fsl_i2c.o
    0x0000325a   0x0000325a   0x00000002   PAD
    0x0000325c   0x0000325c   0x000000e8   Code   RO         1313    i.I2C_MasterInit    fsl_i2c.o
    0x00003344   0x00003344   0x00000092   Code   RO         1314    i.I2C_MasterReadBlocking  fsl_i2c.o
    0x000033d6   0x000033d6   0x00000002   PAD
    0x000033d8   0x000033d8   0x0000006c   Code   RO         1315    i.I2C_MasterRepeatedStart  fsl_i2c.o
    0x00003444   0x00003444   0x0000008c   Code   RO         1316    i.I2C_MasterSetBaudRate  fsl_i2c.o
    0x000034d0   0x000034d0   0x00000044   Code   RO         1317    i.I2C_MasterStart   fsl_i2c.o
    0x00003514   0x00003514   0x0000001a   Code   RO         1318    i.I2C_MasterStop    fsl_i2c.o
    0x0000352e   0x0000352e   0x00000002   PAD
    0x00003530   0x00003530   0x000001cc   Code   RO         1320    i.I2C_MasterTransferBlocking  fsl_i2c.o
    0x000036fc   0x000036fc   0x0000009c   Code   RO         1321    i.I2C_MasterTransferCreateHandle  fsl_i2c.o
    0x00003798   0x00003798   0x000000d4   Code   RO         1323    i.I2C_MasterTransferHandleIRQ  fsl_i2c.o
    0x0000386c   0x0000386c   0x000000a0   Code   RO         1324    i.I2C_MasterTransferNonBlocking  fsl_i2c.o
    0x0000390c   0x0000390c   0x0000018c   Code   RO         1325    i.I2C_MasterTransferRunStateMachine  fsl_i2c.o
    0x00003a98   0x00003a98   0x000000a8   Code   RO         1326    i.I2C_MasterWriteBlocking  fsl_i2c.o
    0x00003b40   0x00003b40   0x00000074   Code   RO            5    i.I2C_ReadMagRegs   main.o
    0x00003bb4   0x00003bb4   0x00000218   Code   RO            6    i.I2C_ReadMagWhoAmI  main.o
    0x00003dcc   0x00003dcc   0x00000010   Code   RO          356    i.I2C_Release_Bus_Delay  i2c.o
    0x00003ddc   0x00003ddc   0x00000040   Code   RO         1338    i.I2C_TransferCommonIRQHandler  fsl_i2c.o
    0x00003e1c   0x00003e1c   0x00000084   Code   RO            7    i.I2C_WriteMagReg   main.o
    0x00003ea0   0x00003ea0   0x00000130   Code   RO         2266    i.IO_Init           fsl_io.o
    0x00003fd0   0x00003fd0   0x00000070   Code   RO         2267    i.IO_Transfer       fsl_io.o
    0x00004040   0x00004040   0x00000040   Code   RO          232    i.Init_Green_Led    led.o
    0x00004080   0x00004080   0x00000040   Code   RO          233    i.Init_Red_Led      led.o
    0x000040c0   0x000040c0   0x00000070   Code   RO          271    i.Init_SW1          switch.o
    0x00004130   0x00004130   0x00000074   Code   RO          272    i.Init_SW2          switch.o
    0x000041a4   0x000041a4   0x0000009c   Code   RO            8    i.LCD_Init          main.o
    0x00004240   0x00004240   0x0000003c   Code   RO            9    i.LCD_WriteBytes    main.o
    0x0000427c   0x0000427c   0x0000003e   Code   RO           10    i.LCD_clear         main.o
    0x000042ba   0x000042ba   0x0000002c   Code   RO           11    i.LCD_location      main.o
    0x000042e6   0x000042e6   0x00000042   Code   RO           12    i.LCD_send_cmd      main.o
    0x00004328   0x00004328   0x00000016   Code   RO           13    i.LCD_send_string   main.o
    0x0000433e   0x0000433e   0x00000042   Code   RO           14    i.LCD_send_value    main.o
    0x00004380   0x00004380   0x0000001e   Code   RO         2318    i.LOG_Init          fsl_log.o
    0x0000439e   0x0000439e   0x0000002a   Code   RO         2319    i.LOG_Pop           fsl_log.o
    0x000043c8   0x000043c8   0x00000070   Code   RO         2320    i.LOG_Push          fsl_log.o
    0x00004438   0x00004438   0x00000060   Code   RO         1565    i.LPSCI_ClearStatusFlags  fsl_lpsci.o
    0x00004498   0x00004498   0x00000070   Code   RO         1569    i.LPSCI_GetDefaultConfig  fsl_lpsci.o
    0x00004508   0x00004508   0x00000094   Code   RO         1571    i.LPSCI_GetInstance  fsl_lpsci.o
    0x0000459c   0x0000459c   0x0000000e   Code   RO         1572    i.LPSCI_GetStatusFlags  fsl_lpsci.o
    0x000045aa   0x000045aa   0x00000002   PAD
    0x000045ac   0x000045ac   0x000001e8   Code   RO         1573    i.LPSCI_Init        fsl_lpsci.o
    0x00004794   0x00004794   0x000000e0   Code   RO         1574    i.LPSCI_ReadBlocking  fsl_lpsci.o
    0x00004874   0x00004874   0x00000080   Code   RO         1590    i.LPSCI_WriteBlocking  fsl_lpsci.o
    0x000048f4   0x000048f4   0x00000120   Code   RO           15    i.PORTC_PORTD_IRQHandler  main.o
    0x00004a14   0x00004a14   0x0000001c   Code   RO          486    i.PORT_SetPinMux    pin_mux.o
    0x00004a30   0x00004a30   0x00000232   Code   RO         2386    i.StrFormatPrintf   fsl_str.o
    0x00004c62   0x00004c62   0x00000002   PAD
    0x00004c64   0x00004c64   0x00000068   Code   RO           16    i.SysTick_Handler   main.o
    0x00004ccc   0x00004ccc   0x00000014   Code   RO         2430    i.SystemInit        system_mkl46z4.o
    0x00004ce0   0x00004ce0   0x00000002   Code   RO         2431    i.SystemInitHook    system_mkl46z4.o
    0x00004ce2   0x00004ce2   0x00000002   PAD
    0x00004ce4   0x00004ce4   0x0000001c   Code   RO         1592    i.UART0_DriverIRQHandler  fsl_lpsci.o
    0x00004d00   0x00004d00   0x0000001c   Code   RO         1942    i.UART1_DriverIRQHandler  fsl_uart.o
    0x00004d1c   0x00004d1c   0x0000001c   Code   RO         1944    i.UART2_DriverIRQHandler  fsl_uart.o
    0x00004d38   0x00004d38   0x0000006c   Code   RO         1950    i.UART_GetDefaultConfig  fsl_uart.o
    0x00004da4   0x00004da4   0x0000008c   Code   RO         1952    i.UART_GetInstance  fsl_uart.o
    0x00004e30   0x00004e30   0x0000000e   Code   RO         1953    i.UART_GetStatusFlags  fsl_uart.o
    0x00004e3e   0x00004e3e   0x00000002   PAD
    0x00004e40   0x00004e40   0x00000180   Code   RO         1954    i.UART_Init         fsl_uart.o
    0x00004fc0   0x00004fc0   0x000000c0   Code   RO         1955    i.UART_ReadBlocking  fsl_uart.o
    0x00005080   0x00005080   0x00000020   Code   RO         1971    i.UART_WriteBlocking  fsl_uart.o
    0x000050a0   0x000050a0   0x00000030   Code   RO         2843    i.__ARM_common_ll_muluu  c_p.l(btod.o)
    0x000050d0   0x000050d0   0x0000001c   Code   RO          831    i.__ARM_common_switch8  fsl_clock.o
    0x000050ec   0x000050ec   0x0000002c   Code   RO         2760    i.__ARM_fpclassify  m_ps.l(fpclassify.o)
    0x00005118   0x00005118   0x00000018   Code   RO          273    i.__NVIC_ClearPendingIRQ  switch.o
    0x00005130   0x00005130   0x00000020   Code   RO          274    i.__NVIC_EnableIRQ  switch.o
    0x00005150   0x00005150   0x00000078   Code   RO           17    i.__NVIC_SetPriority  main.o
    0x000051c8   0x000051c8   0x00000078   Code   RO          275    i.__NVIC_SetPriority  switch.o
    0x00005240   0x00005240   0x00000044   Code   RO         2146    i.__aeabi_assert    fsl_assert.o
    0x00005284   0x00005284   0x000000ac   Code   RO         2776    i.__kernel_poly     m_ps.l(poly.o)
    0x00005330   0x00005330   0x00000014   Code   RO         2746    i.__mathlib_dbl_divzero  m_ps.l(dunder.o)
    0x00005344   0x00005344   0x00000008   Code   RO         2748    i.__mathlib_dbl_infnan2  m_ps.l(dunder.o)
    0x0000534c   0x0000534c   0x00000010   Code   RO         2749    i.__mathlib_dbl_invalid  m_ps.l(dunder.o)
    0x0000535c   0x0000535c   0x00000014   Code   RO         2750    i.__mathlib_dbl_overflow  m_ps.l(dunder.o)
    0x00005370   0x00005370   0x00000014   Code   RO         2752    i.__mathlib_dbl_underflow  m_ps.l(dunder.o)
    0x00005384   0x00005384   0x0000000a   Code   RO         2763    i.__mathlib_flt_infnan  m_ps.l(funder.o)
    0x0000538e   0x0000538e   0x0000000c   Code   RO         2765    i.__mathlib_flt_invalid  m_ps.l(funder.o)
    0x0000539a   0x0000539a   0x0000000e   Code   RO         2557    i._is_digit         c_p.l(__printf_wp.o)
    0x000053a8   0x000053a8   0x0000010c   Code   RO         2618    i.acosf             m_ps.l(acosf.o)
    0x000054b4   0x000054b4   0x00000028   Code   RO           18    i.blink_led_green   main.o
    0x000054dc   0x000054dc   0x0000002c   Code   RO           19    i.blink_led_red     main.o
    0x00005508   0x00005508   0x00000044   Code   RO           20    i.caculate          main.o
    0x0000554c   0x0000554c   0x00000020   Code   RO           21    i.delay             main.o
    0x0000556c   0x0000556c   0x00000020   Code   RO           22    i.delay_ms1         main.o
    0x0000558c   0x0000558c   0x0000002c   Code   RO           23    i.i2c_master_callback  main.o
    0x000055b8   0x000055b8   0x000005bc   Code   RO           24    i.main              main.o
    0x00005b74   0x00005b74   0x000009fc   Code   RO         2626    i.pow               m_ps.l(pow.o)
    0x00006570   0x00006570   0x00000048   Code   RO         2636    i.sqrt              m_ps.l(sqrt.o)
    0x000065b8   0x000065b8   0x0000002c   Code   RO         2780    i.sqrtf             m_ps.l(sqrtf.o)
    0x000065e4   0x000065e4   0x0000002c   Code   RO         2846    locale$$code        c_p.l(lc_numeric_c.o)
    0x00006610   0x00006610   0x00000064   Code   RO         2590    x$fpl$dleqf         fz_ps.l(dlef.o)
    0x00006674   0x00006674   0x00000068   Code   RO         2592    x$fpl$drleqf        fz_ps.l(drlef.o)
    0x000066dc   0x000066dc   0x0000008c   Code   RO         2596    x$fpl$fadd          fz_ps.l(faddsub.o)
    0x00006768   0x00006768   0x00000054   Code   RO         2605    x$fpl$feqf          fz_ps.l(feqf.o)
    0x000067bc   0x000067bc   0x00000054   Code   RO         2609    x$fpl$fleqf         fz_ps.l(flef.o)
    0x00006810   0x00006810   0x000000b0   Code   RO         2611    x$fpl$fmul          fz_ps.l(fmul.o)
    0x000068c0   0x000068c0   0x00000058   Code   RO         2613    x$fpl$frleqf        fz_ps.l(frlef.o)
    0x00006918   0x00006918   0x00000018   Code   RO         2597    x$fpl$frsb          fz_ps.l(faddsub.o)
    0x00006930   0x00006930   0x000000d0   Code   RO         2598    x$fpl$fsub          fz_ps.l(faddsub.o)
    0x00006a00   0x00006a00   0x00000010   Code   RO         2615    x$fpl$printf1       fz_ps.l(printf1.o)
    0x00006a10   0x00006a10   0x00000000   Code   RO         2745    x$fpl$usenofp       fz_ps.l(usenofp.o)
    0x00006a10   0x00006a10   0x00000060   Data   RO          575    .constdata          fsl_clock.o
    0x00006a70   0x00006a70   0x00000094   Data   RO         1339    .constdata          fsl_i2c.o
    0x00006b04   0x00006b04   0x0000000c   Data   RO         1593    .constdata          fsl_lpsci.o
    0x00006b10   0x00006b10   0x0000001c   Data   RO         1974    .constdata          fsl_uart.o
    0x00006b2c   0x00006b2c   0x00000080   Data   RO         2588    .constdata          fz_ps.l(ddiv.o)
    0x00006bac   0x00006bac   0x00000040   Data   RO         2603    .constdata          fz_ps.l(fdiv.o)
    0x00006bec   0x00006bec   0x00000004   PAD
    0x00006bf0   0x00006bf0   0x00000088   Data   RO         2627    .constdata          m_ps.l(pow.o)
    0x00006c78   0x00006c78   0x00000008   Data   RO         2778    .constdata          m_ps.l(qnan.o)
    0x00006c80   0x00006c80   0x00000094   Data   RO         2839    .constdata          c_p.l(bigflt0.o)
    0x00006d14   0x00006d14   0x00000043   Data   RO         2179    .conststring        fsl_debug_console.o
    0x00006d57   0x00006d57   0x00000001   PAD
    0x00006d58   0x00006d58   0x00000020   Data   RO         2974    Region$$Table       anon$$obj.o
    0x00006d78   0x00006d78   0x0000001c   Data   RO         2845    locale$$data        c_p.l(lc_numeric_c.o)


    Execution Region RW_m_data (Exec base: 0x1fffe000, Load base: 0x00006d94, Size: 0x000000f4, Max: 0x00007800, ABSOLUTE)

    Exec Addr    Load Addr    Size         Type   Attr      Idx    E Section Name        Object

    0x1fffe000   0x00006d94   0x00000025   Data   RW           26    .data               main.o
    0x1fffe025   0x00006db9   0x00000003   PAD
    0x1fffe028   0x00006dbc   0x00000010   Data   RW          576    .data               fsl_clock.o
    0x1fffe038   0x00006dcc   0x00000010   Data   RW         1340    .data               fsl_i2c.o
    0x1fffe048   0x00006ddc   0x00000008   Data   RW         1594    .data               fsl_lpsci.o
    0x1fffe050   0x00006de4   0x00000004   Data   RW         1975    .data               fsl_uart.o
    0x1fffe054   0x00006de8   0x00000008   Data   RW         2269    .data               fsl_io.o
    0x1fffe05c   0x00006df0   0x00000004   Data   RW         2432    .data               system_mkl46z4.o
    0x1fffe060        -       0x00000028   Zero   RW           25    .bss                main.o
    0x1fffe088        -       0x0000000c   Zero   RW         1973    .bss                fsl_uart.o
    0x1fffe094        -       0x00000060   Zero   RW         2790    .bss                c_p.l(libspace.o)


    Execution Region ARM_LIB_HEAP (Exec base: 0x1fffe0f4, Load base: 0x00006df4, Size: 0x00000400, Max: 0x00000400, ABSOLUTE)

    Exec Addr    Load Addr    Size         Type   Attr      Idx    E Section Name        Object

    0x1fffe0f4        -       0x00000400   Zero   RW            1    ARM_LIB_HEAP.bss    anon$$obj.o


    Execution Region ARM_LIB_STACK (Exec base: 0x20005c00, Load base: 0x00006df4, Size: 0x00000400, Max: 0x00000400, ABSOLUTE)

    Exec Addr    Load Addr    Size         Type   Attr      Idx    E Section Name        Object

    0x20005c00        -       0x00000400   Zero   RW            2    ARM_LIB_STACK.bss   anon$$obj.o


==============================================================================

Image component sizes


      Code (inc. data)   RO Data    RW Data    ZI Data      Debug   Object Name

        60          8          0          0          0       6720   board.o
        68         44          0          0          0        605   fsl_assert.o
      1238        402         96         16          0      22286   fsl_clock.o
       214         54         67          0          0       3554   fsl_debug_console.o
      3080        660        148         16          0      39130   fsl_i2c.o
       416         82          0          8          0       9048   fsl_io.o
       184         78          0          0          0       3320   fsl_log.o
      1238        436         12          8          0      13634   fsl_lpsci.o
       758          0          0          0          0       3118   fsl_str.o
       926        354         28          4         12       8984   fsl_uart.o
       716         42          0          0          0       1400   i2c.o
       128         24          0          0          0        716   led.o
      3500        656          0         37         40     308161   main.o
       100         16          0          0          0       9212   pin_mux.o
       156         70        208          0          0       1156   startup_mkl46z4.o
       404         48          0          0          0       9974   switch.o
        22          6          0          4          0       1088   system_mkl46z4.o

    ----------------------------------------------------------------------
     13228       2980        592         96       2100     442106   Object Totals
         0          0         32          0       2048          0   (incl. Generated)
        20          0          1          3          0          0   (incl. Padding)

    ----------------------------------------------------------------------

      Code (inc. data)   RO Data    RW Data    ZI Data      Debug   Library Member Name

         8          0          0          0          0         68   __main.o
       284          0          0          0          0        136   __printf_wp.o
         0          0          0          0          0          0   __rtentry.o
        12          0          0          0          0          0   __rtentry2.o
         8          4          0          0          0          0   __rtentry7.o
        60          8          0          0          0          0   __scatter.o
        26          0          0          0          0          0   __scatter_copy.o
        28          0          0          0          0          0   __scatter_zi.o
        48          6          0          0          0         88   _printf_char_common.o
        10          0          0          0          0          0   _printf_f.o
      1048         14          0          0          0        176   _printf_fp_dec.o
       136         16          0          0          0         76   _printf_fp_infnan.o
         2          0          0          0          0          0   _printf_percent.o
         4          0          0          0          0          0   _printf_percent_end.o
        22          0          0          0          0         92   _rserrno.o
        10          0          0          0          0         60   _sputc.o
       346          0          0          0          0         92   aeabi_sdiv.o
       216          6        148          0          0         80   bigflt0.o
      1456         30          0          0          0        336   btod.o
        16          0          0          0          0         68   exit.o
         0          0          0          0          0          0   indicate_semi.o
        44         10         28          0          0         76   lc_numeric_c.o
         2          0          0          0          0          0   libinit.o
        18          0          0          0          0          0   libinit2.o
         2          0          0          0          0          0   libshutdown.o
         2          0          0          0          0          0   libshutdown2.o
         0          0          0          0         96          0   libspace.o
       122          0          0          0          0         72   lludiv10.o
        40          4          0          0          0         84   noretval__2sprintf.o
         8          4          0          0          0         68   rt_errno_addr_intlibspace.o
         8          4          0          0          0         68   rt_locale_intlibspace.o
        64          0          0          0          0        108   rt_memclr.o
         2          0          0          0          0          0   rtexit.o
        10          0          0          0          0          0   rtexit2.o
        40          0          0          0          0         60   rtudiv10.o
       136          4          0          0          0         72   strcmp.o
        68          6          0          0          0         72   strlen.o
        12          4          0          0          0         60   sys_exit.o
         2          0          0          0          0         68   use_no_semi.o
        46          0          0          0          0         60   cmpret.o
       124          4          0          0          0         72   d2f.o
       856         20          0          0          0        208   daddsub.o
       144          4          0          0          0         76   dcmpin.o
      1096         26        128          0          0        112   ddiv.o
        88          0          0          0          0         92   dflti.o
       100          4          0          0          0         92   dlef.o
       584         26          0          0          0         84   dmul.o
        20          6          0          0          0         68   dnan2.o
       104          4          0          0          0        104   drlef.o
        96         12          0          0          0         72   dscalbn.o
       256          8          0          0          0         76   dsqrt.o
        84          4          0          0          0         60   f2d.o
       372          8          0          0          0        240   faddsub.o
       100          4          0          0          0         68   fcmpin.o
       352         10         64          0          0         92   fdiv.o
        84          4          0          0          0         76   feqf.o
        94          0          0          0          0         92   fflti.o
        84          4          0          0          0         76   flef.o
       176          4          0          0          0         80   fmul.o
        16          6          0          0          0         68   fnan2.o
        88          4          0          0          0         76   frlef.o
        68          4          0          0          0         68   fscalbn.o
       144          4          0          0          0         72   fsqrt.o
        16          4          0          0          0         76   printf1.o
        94          0          0          0          0         68   retnan.o
         0          0          0          0          0          0   usenofp.o
       268         40          0          0          0         76   acosf.o
        84         14          0          0          0        340   dunder.o
        44          4          0          0          0         60   fpclassify.o
        22          0          0          0          0        136   funder.o
       172          0          0          0          0         76   poly.o
      2556        196        136          0          0        240   pow.o
         0          0          8          0          0          0   qnan.o
        72          6          0          0          0         76   sqrt.o
        44          0          0          0          0         72   sqrtf.o

    ----------------------------------------------------------------------
     12884        554        516          0         96       5484   Library Totals
        16          0          4          0          0          0   (incl. Padding)

    ----------------------------------------------------------------------

      Code (inc. data)   RO Data    RW Data    ZI Data      Debug   Library Name

      4320        120        176          0         96       2080   c_p.l
      5286        174        192          0          0       2328   fz_ps.l
      3262        260        144          0          0       1076   m_ps.l

    ----------------------------------------------------------------------
     12884        554        516          0         96       5484   Library Totals

    ----------------------------------------------------------------------

==============================================================================


      Code (inc. data)   RO Data    RW Data    ZI Data      Debug   

     26112       3534       1108         96       2196     440450   Grand Totals
     26112       3534       1108         96       2196     440450   ELF Image Totals
     26112       3534       1108         96          0          0   ROM Totals

==============================================================================

    Total RO  Size (Code + RO Data)                27220 (  26.58kB)
    Total RW  Size (RW Data + ZI Data)              2292 (   2.24kB)
    Total ROM Size (Code + RO Data + RW Data)      27316 (  26.68kB)

==============================================================================

